78.2225 	INFO 	Loaded monitor calibration from ['2026_03_13 16:59']
78.4128 	INFO 	Using renderer 'Intel(R) Graphics' for graphics
78.4128 	INFO 	OpenGL version supported by driver is 4..
78.4445 	EXP 	Created window1 = Window(allowGUI=True, allowStencil=False, autoLog=True, backendConf=UNKNOWN, backgroundFit=<method-wrapper '__getattribute__' of attributeSetter object at 0x000001579CDBE410>, backgroundImage=<method-wrapper '__getattribute__' of attributeSetter object at 0x000001579CDBDED0>, bitsMode=UNKNOWN, blendMode='avg', bpc=(8, 8, 8), color=array([0, 0, 0]), colorSpace='rgb', depthBits=8, fullscr=False, gamma=None, gammaErrorPolicy='raise', infoMsg=UNKNOWN, lms=UNKNOWN, monitor=<psychopy.monitors.calibTools.Monitor object at 0x00000157A2AD5030>, multiSample=False, name='window1', numSamples=2, pos=[np.float64(0.0), np.float64(0.0)], screen=0, size=array([1920, 1200]), stencilBits=0, stereo=False, title='PsychoPy', units='height', useFBO=True, useRetina=False, viewOri=0.0, viewPos=None, viewScale=None, waitBlanking=True, winType='pyglet')
78.4446 	EXP 	window1: backgroundImage = ''
78.4446 	EXP 	window1: backgroundFit = 'none'
78.7366 	EXP 	window1: Attempting to measure frame rate of screen (0) ...
78.7367 	EXP 	window1: recordFrameIntervals = False
78.9207 	EXP 	window1: recordFrameIntervals = True
80.5850 	EXP 	window1: recordFrameIntervals = False
80.5850 	EXP 	Screen (0) actual frame rate measured at 59.98Hz
80.6344 	INFO 	keyboard.Keyboard is using ptb backend.
80.6344 	EXP 	ExpDemo2: status = STARTED
80.7188 	EXP 	Created Welcome_info = TextStim(__class__=<class 'psychopy.visual.text.TextStim'>, alignHoriz=method-wrapper(...), alignText='center', alignVert=method-wrapper(...), anchorHoriz='center', anchorVert='center', antialias=True, autoDraw=False, autoLog=True, bold=False, color=array([-1., -1., -1.]), colorSpace='rgb', contrast=1.0, depth=0.0, draggable=False, flipHoriz=False, flipVert=False, font='Arial', fontFiles=[], height=np.float64(42.0), italic=False, languageStyle='LTR', name='Welcome_info', opacity=1, ori=0.0, pos=array([0., 0.]), rgb=UNKNOWN, text=str(...), units='pix', win=Window(...), wrapWidth=1500.0)
80.7253 	EXP 	Created PressEnterToContinue = TextStim(__class__=<class 'psychopy.visual.text.TextStim'>, alignHoriz=method-wrapper(...), alignText='center', alignVert=method-wrapper(...), anchorHoriz='center', anchorVert='center', antialias=True, autoDraw=False, autoLog=True, bold=False, color=array([-1., -1., -1.]), colorSpace='rgb', contrast=1.0, depth=-2.0, draggable=False, flipHoriz=False, flipVert=False, font='Arial', fontFiles=[], height=np.float64(50.0), italic=False, languageStyle='LTR', name='PressEnterToContinue', opacity=1, ori=0.0, pos=array([   0., -400.]), rgb=UNKNOWN, text='Press "Enter" to continue.', units='pix', win=Window(...), wrapWidth=900.0)
80.7395 	EXP 	Created img = ImageStim(__class__=<class 'psychopy.visual.image.ImageStim'>, anchor=('center', 'center'), autoLog=True, color=array([1., 1., 1.]), colorSpace='rgb', contrast=1.0, depth=0.0, draggable=False, flipHoriz=np.False_, flipVert=np.False_, image='default.png', interpolate=True, mask=None, maskParams=None, name='img', opacity=1.0, ori=1.0, pos=array([0., 0.]), size=array([1., 1.]), texRes=128.0, units='pix', win=Window(...))
80.8086 	EXP 	Created Instructions = TextStim(__class__=<class 'psychopy.visual.text.TextStim'>, alignHoriz=method-wrapper(...), alignText='center', alignVert=method-wrapper(...), anchorHoriz='center', anchorVert='center', antialias=True, autoDraw=False, autoLog=True, bold=False, color=array([-1., -1., -1.]), colorSpace='rgb', contrast=1.0, depth=-13.0, draggable=False, flipHoriz=False, flipVert=False, font='Arial', fontFiles=[], height=36.0, italic=False, languageStyle='LTR', name='Instructions', opacity=1, ori=0.0, pos=array([  0., 500.]), rgb=UNKNOWN, text='', units='pix', win=Window(...), wrapWidth=1400.0)
80.8173 	EXP 	Created RBGInfo = TextStim(__class__=<class 'psychopy.visual.text.TextStim'>, alignHoriz=method-wrapper(...), alignText='center', alignVert=method-wrapper(...), anchorHoriz='center', anchorVert='center', antialias=True, autoDraw=False, autoLog=True, bold=False, color=array([-1., -1., -1.]), colorSpace='rgb', contrast=1.0, depth=-15.0, draggable=False, flipHoriz=False, flipVert=False, font='Arial', fontFiles=[], height=np.float64(42.0), italic=False, languageStyle='LTR', name='RBGInfo', opacity=1.0, ori=0.0, pos=array([300., 300.]), rgb=UNKNOWN, text='RGB values: 0-100\n\nR:        G:        B:', units='pix', win=Window(...), wrapWidth=500)
80.8178 	EXP 	Created R = TextStim(__class__=<class 'psychopy.visual.text.TextStim'>, alignHoriz=method-wrapper(...), alignText='center', alignVert=method-wrapper(...), anchorHoriz='center', anchorVert='center', antialias=True, autoDraw=False, autoLog=True, bold=False, color=array([-1., -1., -1.]), colorSpace='rgb', contrast=1.0, depth=-16.0, draggable=False, flipHoriz=False, flipVert=False, font='Arial', fontFiles=[], height=42.0, italic=False, languageStyle='LTR', name='R', opacity=1.0, ori=0.0, pos=array([165., 220.]), rgb=UNKNOWN, text='', units='pix', win=Window(...), wrapWidth=500)
80.8183 	EXP 	Created G = TextStim(__class__=<class 'psychopy.visual.text.TextStim'>, alignHoriz=method-wrapper(...), alignText='center', alignVert=method-wrapper(...), anchorHoriz='center', anchorVert='center', antialias=True, autoDraw=False, autoLog=True, bold=False, color=array([-1., -1., -1.]), colorSpace='rgb', contrast=1.0, depth=-17.0, draggable=False, flipHoriz=False, flipVert=False, font='Arial', fontFiles=[], height=42.0, italic=False, languageStyle='LTR', name='G', opacity=1.0, ori=0.0, pos=array([300., 220.]), rgb=UNKNOWN, text='', units='pix', win=Window(...), wrapWidth=500)
80.8186 	EXP 	Created B = TextStim(__class__=<class 'psychopy.visual.text.TextStim'>, alignHoriz=method-wrapper(...), alignText='center', alignVert=method-wrapper(...), anchorHoriz='center', anchorVert='center', antialias=True, autoDraw=False, autoLog=True, bold=False, color=array([-1., -1., -1.]), colorSpace='rgb', contrast=1.0, depth=-18.0, draggable=False, flipHoriz=False, flipVert=False, font='Arial', fontFiles=[], height=42.0, italic=False, languageStyle='LTR', name='B', opacity=1.0, ori=0.0, pos=array([435., 220.]), rgb=UNKNOWN, text='', units='pix', win=Window(...), wrapWidth=500)
80.8195 	EXP 	Created text_8 = TextStim(__class__=<class 'psychopy.visual.text.TextStim'>, alignHoriz=method-wrapper(...), alignText='center', alignVert=method-wrapper(...), anchorHoriz='center', anchorVert='center', antialias=True, autoDraw=False, autoLog=True, bold=False, color=array([1., 1., 1.]), colorSpace='rgb', contrast=1.0, depth=0.0, draggable=False, flipHoriz=False, flipVert=False, font='Arial', fontFiles=[], height=np.float64(0.05), italic=False, languageStyle='LTR', name='text_8', opacity=1, ori=0.0, pos=array([0., 0.]), rgb=UNKNOWN, text='', units='height', win=Window(...), wrapWidth=1)
81.1723 	EXP 	Created slider = Slider(__class__=<class 'psychopy.visual.slider.Slider'>, autoDraw=False, autoLog=True, borderColor=None, color=None, colorSpace='rgb', depth=0, fillColor=None, flip=False, font='Noto Sans', granularity=1.0, labelColor=None, labelHeight=np.float64(36.0), labelWrapWidth=None, labels=tuple(...), lineColor=None, markerColor=None, name='slider', opacity=None, ori=0.0, pos=array([-50.,   0.]), readOnly=False, self=UNKNOWN, size=array([1000.,  100.]), startValue=1, style='rating', styleTweaks=[], ticks=array([1, 2, 3, 4, 5]), units='pix', win=Window(...))
81.1847 	EXP 	Created text_9 = TextStim(__class__=<class 'psychopy.visual.text.TextStim'>, alignHoriz=method-wrapper(...), alignText='center', alignVert=method-wrapper(...), anchorHoriz='center', anchorVert='center', antialias=True, autoDraw=False, autoLog=True, bold=False, color=array([-1., -1., -1.]), colorSpace='rgb', contrast=1.0, depth=-1.0, draggable=False, flipHoriz=False, flipVert=False, font='Arial', fontFiles=[], height=np.float64(0.05), italic=False, languageStyle='LTR', name='text_9', opacity=1, ori=0.0, pos=array([0.  , 0.25]), rgb=UNKNOWN, text='How confident were you in your choice?', units='height', win=Window(...), wrapWidth=1)
81.1914 	EXP 	Created text_answer = TextStim(__class__=<class 'psychopy.visual.text.TextStim'>, alignHoriz=method-wrapper(...), alignText='center', alignVert=method-wrapper(...), anchorHoriz='center', anchorVert='center', antialias=True, autoDraw=False, autoLog=True, bold=False, color=array([-1., -1., -1.]), colorSpace='rgb', contrast=1.0, depth=-4.0, draggable=False, flipHoriz=False, flipVert=False, font='Arial', fontFiles=[], height=0.05, italic=False, languageStyle='LTR', name='text_answer', opacity=1, ori=0.0, pos=array([0.  , 0.35]), rgb=UNKNOWN, text='', units='height', win=Window(...), wrapWidth=1)
81.2607 	EXP 	Created text_8 = TextStim(__class__=<class 'psychopy.visual.text.TextStim'>, alignHoriz=method-wrapper(...), alignText='center', alignVert=method-wrapper(...), anchorHoriz='center', anchorVert='center', antialias=True, autoDraw=False, autoLog=True, bold=False, color=array([1., 1., 1.]), colorSpace='rgb', contrast=1.0, depth=0.0, draggable=False, flipHoriz=False, flipVert=False, font='Arial', fontFiles=[], height=np.float64(0.05), italic=False, languageStyle='LTR', name='text_8', opacity=1, ori=0.0, pos=array([0., 0.]), rgb=UNKNOWN, text='', units='height', win=Window(...), wrapWidth=1)
81.2689 	EXP 	Created correctAnswer = TextStim(__class__=<class 'psychopy.visual.text.TextStim'>, alignHoriz=method-wrapper(...), alignText='center', alignVert=method-wrapper(...), anchorHoriz='center', anchorVert='center', antialias=True, autoDraw=False, autoLog=True, bold=False, color=array([-1., -1., -1.]), colorSpace='rgb', contrast=1.0, depth=-1.0, draggable=False, flipHoriz=False, flipVert=False, font='Arial', fontFiles=[], height=56.0, italic=False, languageStyle='LTR', name='correctAnswer', opacity=1, ori=0.0, pos=array([   0., -150.]), rgb=UNKNOWN, text='', units='pix', win=Window(...), wrapWidth=500)
81.2694 	EXP 	Created wrongAnswer = TextStim(__class__=<class 'psychopy.visual.text.TextStim'>, alignHoriz=method-wrapper(...), alignText='center', alignVert=method-wrapper(...), anchorHoriz='center', anchorVert='center', antialias=True, autoDraw=False, autoLog=True, bold=False, color=array([-1., -1., -1.]), colorSpace='rgb', contrast=1.0, depth=-2.0, draggable=False, flipHoriz=False, flipVert=False, font='Arial', fontFiles=[], height=56.0, italic=False, languageStyle='LTR', name='wrongAnswer', opacity=1.0, ori=0.0, pos=array([   0., -150.]), rgb=UNKNOWN, text='', units='pix', win=Window(...), wrapWidth=500)
81.2698 	EXP 	Created corrColor_2 = TextStim(__class__=<class 'psychopy.visual.text.TextStim'>, alignHoriz=method-wrapper(...), alignText='center', alignVert=method-wrapper(...), anchorHoriz='center', anchorVert='center', antialias=True, autoDraw=False, autoLog=True, bold=False, color=array([-1., -1., -1.]), colorSpace='rgb', contrast=1.0, depth=-3.0, draggable=False, flipHoriz=False, flipVert=False, font='Arial', fontFiles=[], height=56.0, italic=False, languageStyle='LTR', name='corrColor_2', opacity=1.0, ori=0.0, pos=array([   0., -150.]), rgb=UNKNOWN, text='', units='pix', win=Window(...), wrapWidth=500)
81.3539 	EXP 	Created RBGInfo_2 = TextStim(__class__=<class 'psychopy.visual.text.TextStim'>, alignHoriz=method-wrapper(...), alignText='center', alignVert=method-wrapper(...), anchorHoriz='center', anchorVert='center', antialias=True, autoDraw=False, autoLog=True, bold=False, color=array([-1., -1., -1.]), colorSpace='rgb', contrast=1.0, depth=-14.0, draggable=False, flipHoriz=False, flipVert=False, font='Arial', fontFiles=[], height=np.float64(42.0), italic=False, languageStyle='LTR', name='RBGInfo_2', opacity=1.0, ori=0.0, pos=array([300., 300.]), rgb=UNKNOWN, text='RGB values: 0-100\n\nR:        G:        B:', units='pix', win=Window(...), wrapWidth=500)
81.3545 	EXP 	Created R_2 = TextStim(__class__=<class 'psychopy.visual.text.TextStim'>, alignHoriz=method-wrapper(...), alignText='center', alignVert=method-wrapper(...), anchorHoriz='center', anchorVert='center', antialias=True, autoDraw=False, autoLog=True, bold=False, color=array([-1., -1., -1.]), colorSpace='rgb', contrast=1.0, depth=-15.0, draggable=False, flipHoriz=False, flipVert=False, font='Arial', fontFiles=[], height=42.0, italic=False, languageStyle='LTR', name='R_2', opacity=1.0, ori=0.0, pos=array([165., 220.]), rgb=UNKNOWN, text='', units='pix', win=Window(...), wrapWidth=500)
81.3549 	EXP 	Created G_2 = TextStim(__class__=<class 'psychopy.visual.text.TextStim'>, alignHoriz=method-wrapper(...), alignText='center', alignVert=method-wrapper(...), anchorHoriz='center', anchorVert='center', antialias=True, autoDraw=False, autoLog=True, bold=False, color=array([-1., -1., -1.]), colorSpace='rgb', contrast=1.0, depth=-16.0, draggable=False, flipHoriz=False, flipVert=False, font='Arial', fontFiles=[], height=42.0, italic=False, languageStyle='LTR', name='G_2', opacity=1.0, ori=0.0, pos=array([300., 220.]), rgb=UNKNOWN, text='', units='pix', win=Window(...), wrapWidth=500)
81.3560 	EXP 	Created B_2 = TextStim(__class__=<class 'psychopy.visual.text.TextStim'>, alignHoriz=method-wrapper(...), alignText='center', alignVert=method-wrapper(...), anchorHoriz='center', anchorVert='center', antialias=True, autoDraw=False, autoLog=True, bold=False, color=array([-1., -1., -1.]), colorSpace='rgb', contrast=1.0, depth=-17.0, draggable=False, flipHoriz=False, flipVert=False, font='Arial', fontFiles=[], height=42.0, italic=False, languageStyle='LTR', name='B_2', opacity=1.0, ori=0.0, pos=array([435., 220.]), rgb=UNKNOWN, text='', units='pix', win=Window(...), wrapWidth=500)
81.3574 	EXP 	Created text_11 = TextStim(__class__=<class 'psychopy.visual.text.TextStim'>, alignHoriz=method-wrapper(...), alignText='center', alignVert=method-wrapper(...), anchorHoriz='center', anchorVert='center', antialias=True, autoDraw=False, autoLog=True, bold=False, color=array([1., 1., 1.]), colorSpace='rgb', contrast=1.0, depth=0.0, draggable=False, flipHoriz=False, flipVert=False, font='Arial', fontFiles=[], height=np.float64(0.05), italic=False, languageStyle='LTR', name='text_11', opacity=1, ori=0.0, pos=array([0., 0.]), rgb=UNKNOWN, text='', units='height', win=Window(...), wrapWidth=1)
81.3582 	EXP 	Created GoodJob = TextStim(__class__=<class 'psychopy.visual.text.TextStim'>, alignHoriz=method-wrapper(...), alignText='center', alignVert=method-wrapper(...), anchorHoriz='center', anchorVert='center', antialias=True, autoDraw=False, autoLog=True, bold=False, color=array([-1., -1., -1.]), colorSpace='rgb', contrast=1.0, depth=0.0, draggable=False, flipHoriz=False, flipVert=False, font='Arial', fontFiles=[], height=50.0, italic=False, languageStyle='LTR', name='GoodJob', opacity=1.0, ori=0.0, pos=array([0., 0.]), rgb=UNKNOWN, text='', units='pix', win=Window(...), wrapWidth=500)
0.0075 	EXP 	slider: autoLog = True
0.0075 	EXP 	slider: styleTweaks = []
0.0075 	EXP 	slider: styleTweaks = []
0.0075 	EXP 	slider: styleTweaks = []
0.0075 	EXP 	slider: styleTweaks = []
0.0075 	EXP 	slider: contrast = 1.0
0.0075 	EXP 	slider: markerPos = 1
0.0075 	EXP 	slider: autoLog = True
0.0263 	EXP 	Welcome_info: autoDraw = True
0.8111 	INFO 	Keyboard events cleared
1.0105 	EXP 	PressEnterToContinue: autoDraw = True
24.9949 	EXP 	Device response: <KeyPress from None: t=24.98489730001893, value=return, duration=None>
25.0170 	EXP 	Imported ExcelOutputDemo.xlsx as conditions, 10 conditions, 8 params
25.0173 	EXP 	New trial (rep=0, index=0): <Trial 0 (0 in rep 0) data={'folder': 'Demo', 'image': 'DemoRed.jpg', 'logical': True, 'corrColor': 'Red', 'corrR': 96, 'corrG': 6, 'corrB': 0, 'image_path': 'Demo/DemoRed_0.png', 'thisN': 0, 'thisTrialN': 0, 'thisRepN': 0}>
25.0176 	DATA 	Keypress: return
25.1287 	EXP 	Device response: <KeyPress from None: t=24.98489730001893, value=return, duration=0.09766509998007677>
25.1572 	EXP 	Welcome_info: autoDraw = False
25.1572 	EXP 	PressEnterToContinue: autoDraw = False
25.1572 	EXP 	img: foreColor = <psychopy.colors.Color: white, alpha=1.0>
25.1572 	EXP 	img: ori = np.float64(0.0)
25.1572 	EXP 	Instructions: height = np.float64(36.0)
25.1572 	EXP 	Instructions: height = np.float64(36.0)
25.1572 	EXP 	Instructions: height = np.float64(36.0)
25.1572 	EXP 	Instructions: text = 'Click the spacebar to shuffle through the filters to recognize the color.\nPress the button of the color you think it corresponds to.'
25.1572 	EXP 	R: height = np.float64(42.0)
25.1572 	EXP 	R: height = np.float64(42.0)
25.1572 	EXP 	R: height = np.float64(42.0)
25.1572 	EXP 	R: text = 96
25.1572 	EXP 	G: height = np.float64(42.0)
25.1572 	EXP 	G: height = np.float64(42.0)
25.1572 	EXP 	G: height = np.float64(42.0)
25.1572 	EXP 	G: text = 6
25.1572 	EXP 	B: height = np.float64(42.0)
25.1572 	EXP 	B: height = np.float64(42.0)
25.1572 	EXP 	B: height = np.float64(42.0)
25.1572 	EXP 	B: text = 0
25.1572 	EXP 	img: autoDraw = True
25.1572 	EXP 	Instructions: autoDraw = True
25.1572 	EXP 	RBGInfo: autoDraw = True
25.1572 	EXP 	R: autoDraw = True
25.1572 	EXP 	G: autoDraw = True
25.1572 	EXP 	B: autoDraw = True
42.3943 	DATA 	Mouse: Left button down, pos=(1636,330)
42.4059 	EXP 	img: autoDraw = False
42.4059 	EXP 	Instructions: autoDraw = False
42.4059 	EXP 	RBGInfo: autoDraw = False
42.4059 	EXP 	R: autoDraw = False
42.4059 	EXP 	G: autoDraw = False
42.4059 	EXP 	B: autoDraw = False
42.4059 	EXP 	text_8: autoDraw = True
42.6073 	DATA 	Mouse:  Left button up, pos=(1636,330)
42.7719 	EXP 	text_8: autoDraw = False
42.7719 	EXP 	text_8: autoDraw = False
42.7719 	EXP 	slider: markerPos = None
42.7719 	EXP 	slider: markerPos = 1
42.7719 	EXP 	slider: autoDraw = True
42.7719 	EXP 	text_9: autoDraw = True
42.7719 	EXP 	text_answer: autoDraw = True
43.9592 	DATA 	Mouse: Left button down, pos=(1387,561)
43.9891 	EXP 	slider: markerPos = np.float64(4.9079999999999995)
44.0224 	EXP 	slider: markerPos = np.float64(4.9079999999999995)
44.0559 	EXP 	slider: markerPos = np.float64(4.9079999999999995)
44.0890 	EXP 	slider: markerPos = np.float64(4.9079999999999995)
44.1224 	EXP 	slider: markerPos = np.float64(4.9079999999999995)
44.1408 	EXP 	slider: markerPos = np.float64(4.9079999999999995)
44.1719 	EXP 	slider: markerPos = np.float64(4.9079999999999995)
44.1794 	DATA 	Mouse:  Left button up, pos=(1387,561)
44.1908 	EXP 	slider: markerPos = np.float64(4.9079999999999995)
44.2070 	EXP 	slider: markerPos = 5.0
45.3739 	DATA 	Mouse: Left button down, pos=(990,279)
45.3924 	EXP 	slider: autoDraw = False
45.3924 	EXP 	text_9: autoDraw = False
45.3924 	EXP 	text_answer: autoDraw = False
45.3924 	EXP 	text_8: autoDraw = True
45.5915 	DATA 	Mouse:  Left button up, pos=(990,279)
45.7557 	INFO 	Keyboard events cleared
45.7556 	EXP 	text_8: autoDraw = False
45.7556 	EXP 	text_8: autoDraw = False
45.7556 	EXP 	corrColor_2: height = np.float64(56.0)
45.7556 	EXP 	corrColor_2: height = np.float64(56.0)
45.7556 	EXP 	corrColor_2: height = np.float64(56.0)
45.7556 	EXP 	corrColor_2: text = 'Red'
45.7556 	EXP 	R_2: height = np.float64(42.0)
45.7556 	EXP 	R_2: height = np.float64(42.0)
45.7556 	EXP 	R_2: height = np.float64(42.0)
45.7556 	EXP 	R_2: text = 96
45.7556 	EXP 	G_2: height = np.float64(42.0)
45.7556 	EXP 	G_2: height = np.float64(42.0)
45.7556 	EXP 	G_2: height = np.float64(42.0)
45.7556 	EXP 	G_2: text = 6
45.7556 	EXP 	B_2: height = np.float64(42.0)
45.7556 	EXP 	B_2: height = np.float64(42.0)
45.7556 	EXP 	B_2: height = np.float64(42.0)
45.7556 	EXP 	B_2: text = 0
45.7556 	EXP 	correctAnswer: autoDraw = True
45.7556 	EXP 	RBGInfo_2: autoDraw = True
45.7556 	EXP 	R_2: autoDraw = True
45.7556 	EXP 	G_2: autoDraw = True
45.7556 	EXP 	B_2: autoDraw = True
46.4247 	DATA 	Mouse: Left button down, pos=(990,279)
46.4417 	EXP 	correctAnswer: autoDraw = False
46.4417 	EXP 	wrongAnswer: autoDraw = False
46.4417 	EXP 	corrColor_2: autoDraw = False
46.4417 	EXP 	RBGInfo_2: autoDraw = False
46.4417 	EXP 	R_2: autoDraw = False
46.4417 	EXP 	G_2: autoDraw = False
46.4417 	EXP 	B_2: autoDraw = False
46.4417 	EXP 	text_11: autoDraw = True
46.6578 	DATA 	Mouse:  Left button up, pos=(990,279)
46.7747 	EXP 	New trial (rep=0, index=1): <Trial 1 (1 in rep 0) data={'folder': 'Demo', 'image': 'DemoOrange.jpg', 'logical': True, 'corrColor': 'Orange', 'corrR': 100, 'corrG': 60, 'corrB': 0, 'image_path': 'Demo/DemoOrange_0.png', 'thisN': 1, 'thisTrialN': 1, 'thisRepN': 0}>
46.8572 	EXP 	text_11: autoDraw = False
46.8572 	EXP 	text_11: autoDraw = False
46.8572 	EXP 	img: foreColor = <psychopy.colors.Color: white, alpha=1.0>
46.8572 	EXP 	img: ori = np.float64(0.0)
46.8572 	EXP 	Instructions: text = 'Click the spacebar to shuffle through the filters to recognize the color.\nPress the button of the color you think it corresponds to.'
46.8572 	EXP 	R: height = np.float64(42.0)
46.8572 	EXP 	R: height = np.float64(42.0)
46.8572 	EXP 	R: height = np.float64(42.0)
46.8572 	EXP 	R: text = 100
46.8572 	EXP 	G: height = np.float64(42.0)
46.8572 	EXP 	G: height = np.float64(42.0)
46.8572 	EXP 	G: height = np.float64(42.0)
46.8572 	EXP 	G: text = 60
46.8572 	EXP 	B: height = np.float64(42.0)
46.8572 	EXP 	B: height = np.float64(42.0)
46.8572 	EXP 	B: height = np.float64(42.0)
46.8572 	EXP 	B: text = 0
46.8572 	EXP 	img: autoDraw = True
46.8572 	EXP 	Instructions: autoDraw = True
46.8572 	EXP 	RBGInfo: autoDraw = True
46.8572 	EXP 	R: autoDraw = True
46.8572 	EXP 	G: autoDraw = True
46.8572 	EXP 	B: autoDraw = True
52.6296 	DATA 	Keypress: space
52.6726 	EXP 	Device response: <KeyPress from None: t=52.629222200019285, value=space, duration=None>
52.8174 	EXP 	Device response: <KeyPress from None: t=52.629222200019285, value=space, duration=0.17033269998501055>
58.9564 	DATA 	Keypress: space
58.9568 	EXP 	Device response: <KeyPress from None: t=58.93976890001795, value=space, duration=None>
59.1204 	EXP 	Device response: <KeyPress from None: t=58.93976890001795, value=space, duration=0.1334662000008393>
60.8653 	DATA 	Keypress: space
60.8656 	EXP 	Device response: <KeyPress from None: t=60.83960279999883, value=space, duration=None>
61.0156 	EXP 	Device response: <KeyPress from None: t=60.83960279999883, value=space, duration=0.12485150000429712>
64.8758 	DATA 	Keypress: space
64.8761 	EXP 	Device response: <KeyPress from None: t=64.81677639999543, value=space, duration=None>
64.9452 	EXP 	Device response: <KeyPress from None: t=64.81677639999543, value=space, duration=0.12487290002172813>
81.7443 	DATA 	Keypress: space
81.8265 	EXP 	Device response: <KeyPress from None: t=81.74331200000597, value=space, duration=None>
81.8999 	EXP 	Device response: <KeyPress from None: t=81.74331200000597, value=space, duration=0.10707820000243373>
123.6303 	DATA 	Keypress: space
123.6306 	EXP 	Device response: <KeyPress from None: t=123.60261739999987, value=space, duration=None>
123.7737 	EXP 	Device response: <KeyPress from None: t=123.60261739999987, value=space, duration=0.10681349999504164>
126.0597 	DATA 	Keypress: space
126.0601 	EXP 	Device response: <KeyPress from None: t=126.03804810001748, value=space, duration=None>
126.2143 	EXP 	Device response: <KeyPress from None: t=126.03804810001748, value=space, duration=0.12497989999246784>
143.8169 	DATA 	Mouse: Left button down, pos=(1607,709)
143.9041 	EXP 	img: autoDraw = False
143.9041 	EXP 	Instructions: autoDraw = False
143.9041 	EXP 	RBGInfo: autoDraw = False
143.9041 	EXP 	R: autoDraw = False
143.9041 	EXP 	G: autoDraw = False
143.9041 	EXP 	B: autoDraw = False
143.9041 	EXP 	text_8: autoDraw = True
144.0414 	DATA 	Mouse:  Left button up, pos=(1607,709)
144.2869 	EXP 	text_8: autoDraw = False
144.2869 	EXP 	slider: markerPos = None
144.2869 	EXP 	slider: markerPos = 1
144.2869 	EXP 	slider: autoDraw = True
144.2869 	EXP 	text_9: autoDraw = True
144.2869 	EXP 	text_answer: autoDraw = True
146.0874 	DATA 	Mouse: Left button down, pos=(906,611)
146.1364 	EXP 	slider: markerPos = np.float64(2.984)
146.1702 	EXP 	slider: markerPos = np.float64(2.984)
146.2029 	EXP 	slider: markerPos = np.float64(2.984)
146.2358 	EXP 	slider: markerPos = np.float64(2.984)
146.2575 	EXP 	slider: markerPos = np.float64(2.984)
146.2864 	EXP 	slider: markerPos = np.float64(2.984)
146.3049 	EXP 	slider: markerPos = np.float64(2.984)
146.3055 	DATA 	Mouse:  Left button up, pos=(906,611)
146.3212 	EXP 	slider: markerPos = 3.0
147.7831 	DATA 	Mouse: Left button down, pos=(949,286)
147.8245 	EXP 	slider: autoDraw = False
147.8245 	EXP 	text_9: autoDraw = False
147.8245 	EXP 	text_answer: autoDraw = False
147.8245 	EXP 	text_8: autoDraw = True
148.0062 	DATA 	Mouse:  Left button up, pos=(949,286)
148.2026 	INFO 	Keyboard events cleared
148.2025 	EXP 	text_8: autoDraw = False
148.2025 	EXP 	corrColor_2: height = np.float64(56.0)
148.2025 	EXP 	corrColor_2: height = np.float64(56.0)
148.2025 	EXP 	corrColor_2: height = np.float64(56.0)
148.2025 	EXP 	corrColor_2: text = 'Orange'
148.2025 	EXP 	R_2: height = np.float64(42.0)
148.2025 	EXP 	R_2: height = np.float64(42.0)
148.2025 	EXP 	R_2: height = np.float64(42.0)
148.2025 	EXP 	R_2: text = 100
148.2025 	EXP 	G_2: height = np.float64(42.0)
148.2025 	EXP 	G_2: height = np.float64(42.0)
148.2025 	EXP 	G_2: height = np.float64(42.0)
148.2025 	EXP 	G_2: text = 60
148.2025 	EXP 	B_2: height = np.float64(42.0)
148.2025 	EXP 	B_2: height = np.float64(42.0)
148.2025 	EXP 	B_2: height = np.float64(42.0)
148.2025 	EXP 	B_2: text = 0
148.2025 	EXP 	correctAnswer: autoDraw = True
148.2025 	EXP 	RBGInfo_2: autoDraw = True
148.2025 	EXP 	R_2: autoDraw = True
148.2025 	EXP 	G_2: autoDraw = True
148.2025 	EXP 	B_2: autoDraw = True
149.1401 	DATA 	Mouse: Left button down, pos=(949,286)
149.1556 	EXP 	correctAnswer: autoDraw = False
149.1556 	EXP 	wrongAnswer: autoDraw = False
149.1556 	EXP 	corrColor_2: autoDraw = False
149.1556 	EXP 	RBGInfo_2: autoDraw = False
149.1556 	EXP 	R_2: autoDraw = False
149.1556 	EXP 	G_2: autoDraw = False
149.1556 	EXP 	B_2: autoDraw = False
149.1556 	EXP 	text_11: autoDraw = True
149.3569 	DATA 	Mouse:  Left button up, pos=(949,286)
149.5051 	EXP 	New trial (rep=0, index=2): <Trial 2 (2 in rep 0) data={'folder': 'Demo', 'image': 'DemoYellow.jpg', 'logical': True, 'corrColor': 'Yellow', 'corrR': 96, 'corrG': 100, 'corrB': 0, 'image_path': 'Demo/DemoYellow_0.png', 'thisN': 2, 'thisTrialN': 2, 'thisRepN': 0}>
149.6039 	EXP 	text_11: autoDraw = False
149.6039 	EXP 	img: foreColor = <psychopy.colors.Color: white, alpha=1.0>
149.6039 	EXP 	img: ori = np.float64(0.0)
149.6039 	EXP 	Instructions: text = 'Click the spacebar to shuffle through the filters to recognize the color.\nPress the button of the color you think it corresponds to.'
149.6039 	EXP 	R: height = np.float64(42.0)
149.6039 	EXP 	R: height = np.float64(42.0)
149.6039 	EXP 	R: height = np.float64(42.0)
149.6039 	EXP 	R: text = 96
149.6039 	EXP 	G: height = np.float64(42.0)
149.6039 	EXP 	G: height = np.float64(42.0)
149.6039 	EXP 	G: height = np.float64(42.0)
149.6039 	EXP 	G: text = 100
149.6039 	EXP 	B: height = np.float64(42.0)
149.6039 	EXP 	B: height = np.float64(42.0)
149.6039 	EXP 	B: height = np.float64(42.0)
149.6039 	EXP 	B: text = 0
149.6039 	EXP 	img: autoDraw = True
149.6039 	EXP 	Instructions: autoDraw = True
149.6039 	EXP 	RBGInfo: autoDraw = True
149.6039 	EXP 	R: autoDraw = True
149.6039 	EXP 	G: autoDraw = True
149.6039 	EXP 	B: autoDraw = True
174.7681 	DATA 	Mouse: Left button down, pos=(1617,588)
174.7861 	EXP 	img: autoDraw = False
174.7861 	EXP 	Instructions: autoDraw = False
174.7861 	EXP 	RBGInfo: autoDraw = False
174.7861 	EXP 	R: autoDraw = False
174.7861 	EXP 	G: autoDraw = False
174.7861 	EXP 	B: autoDraw = False
174.7861 	EXP 	text_8: autoDraw = True
174.9404 	DATA 	Mouse:  Left button up, pos=(1617,588)
175.1515 	EXP 	text_8: autoDraw = False
175.1515 	EXP 	slider: markerPos = None
175.1515 	EXP 	slider: markerPos = 1
175.1515 	EXP 	slider: autoDraw = True
175.1515 	EXP 	text_9: autoDraw = True
175.1515 	EXP 	text_answer: autoDraw = True
176.5042 	DATA 	Mouse: Left button down, pos=(1388,576)
176.5350 	EXP 	slider: markerPos = np.float64(4.912)
176.5679 	EXP 	slider: markerPos = np.float64(4.912)
176.5870 	EXP 	slider: markerPos = np.float64(4.912)
176.6034 	EXP 	slider: markerPos = np.float64(4.912)
176.6206 	EXP 	slider: markerPos = np.float64(4.912)
176.6368 	EXP 	slider: markerPos = np.float64(4.912)
176.6540 	EXP 	slider: markerPos = np.float64(4.912)
176.6701 	EXP 	slider: markerPos = np.float64(4.912)
176.6870 	EXP 	slider: markerPos = np.float64(4.912)
176.7032 	EXP 	slider: markerPos = np.float64(4.912)
176.7151 	DATA 	Mouse:  Left button up, pos=(1388,576)
176.7347 	EXP 	slider: markerPos = np.float64(4.912)
176.7538 	EXP 	slider: markerPos = 5.0
177.7935 	DATA 	Mouse: Left button down, pos=(966,268)
177.8208 	EXP 	slider: autoDraw = False
177.8208 	EXP 	text_9: autoDraw = False
177.8208 	EXP 	text_answer: autoDraw = False
177.8208 	EXP 	text_8: autoDraw = True
178.0208 	DATA 	Mouse:  Left button up, pos=(966,268)
178.1695 	INFO 	Keyboard events cleared
178.1694 	EXP 	text_8: autoDraw = False
178.1694 	EXP 	text_8: autoDraw = False
178.1694 	EXP 	corrColor_2: height = np.float64(56.0)
178.1694 	EXP 	corrColor_2: height = np.float64(56.0)
178.1694 	EXP 	corrColor_2: height = np.float64(56.0)
178.1694 	EXP 	corrColor_2: text = 'Yellow'
178.1694 	EXP 	R_2: height = np.float64(42.0)
178.1694 	EXP 	R_2: height = np.float64(42.0)
178.1694 	EXP 	R_2: height = np.float64(42.0)
178.1694 	EXP 	R_2: text = 96
178.1694 	EXP 	G_2: height = np.float64(42.0)
178.1694 	EXP 	G_2: height = np.float64(42.0)
178.1694 	EXP 	G_2: height = np.float64(42.0)
178.1694 	EXP 	G_2: text = 100
178.1694 	EXP 	B_2: height = np.float64(42.0)
178.1694 	EXP 	B_2: height = np.float64(42.0)
178.1694 	EXP 	B_2: height = np.float64(42.0)
178.1694 	EXP 	B_2: text = 0
178.1694 	EXP 	correctAnswer: autoDraw = True
178.1694 	EXP 	RBGInfo_2: autoDraw = True
178.1694 	EXP 	R_2: autoDraw = True
178.1694 	EXP 	G_2: autoDraw = True
178.1694 	EXP 	B_2: autoDraw = True
178.7370 	DATA 	Mouse: Left button down, pos=(966,268)
178.7530 	EXP 	correctAnswer: autoDraw = False
178.7530 	EXP 	wrongAnswer: autoDraw = False
178.7530 	EXP 	corrColor_2: autoDraw = False
178.7530 	EXP 	RBGInfo_2: autoDraw = False
178.7530 	EXP 	R_2: autoDraw = False
178.7530 	EXP 	G_2: autoDraw = False
178.7530 	EXP 	B_2: autoDraw = False
178.7530 	EXP 	text_11: autoDraw = True
178.9536 	DATA 	Mouse:  Left button up, pos=(966,268)
179.0876 	EXP 	New trial (rep=0, index=3): <Trial 3 (3 in rep 0) data={'folder': 'Demo', 'image': 'DemoLime-green.jpg', 'logical': True, 'corrColor': 'Lime-green', 'corrR': 60, 'corrG': 100, 'corrB': 0, 'image_path': 'Demo/DemoLime-green_0.png', 'thisN': 3, 'thisTrialN': 3, 'thisRepN': 0}>
179.1861 	EXP 	text_11: autoDraw = False
179.1861 	EXP 	text_11: autoDraw = False
179.1861 	EXP 	img: foreColor = <psychopy.colors.Color: white, alpha=1.0>
179.1861 	EXP 	img: ori = np.float64(0.0)
179.1861 	EXP 	Instructions: text = 'Click the spacebar to shuffle through the filters to recognize the color.\nPress the button of the color you think it corresponds to.'
179.1861 	EXP 	R: height = np.float64(42.0)
179.1861 	EXP 	R: height = np.float64(42.0)
179.1861 	EXP 	R: height = np.float64(42.0)
179.1861 	EXP 	R: text = 60
179.1861 	EXP 	G: height = np.float64(42.0)
179.1861 	EXP 	G: height = np.float64(42.0)
179.1861 	EXP 	G: height = np.float64(42.0)
179.1861 	EXP 	G: text = 100
179.1861 	EXP 	B: height = np.float64(42.0)
179.1861 	EXP 	B: height = np.float64(42.0)
179.1861 	EXP 	B: height = np.float64(42.0)
179.1861 	EXP 	B: text = 0
179.1861 	EXP 	img: autoDraw = True
179.1861 	EXP 	Instructions: autoDraw = True
179.1861 	EXP 	RBGInfo: autoDraw = True
179.1861 	EXP 	R: autoDraw = True
179.1861 	EXP 	G: autoDraw = True
179.1861 	EXP 	B: autoDraw = True
216.4134 	DATA 	Mouse: Left button down, pos=(1605,765)
216.4348 	EXP 	img: autoDraw = False
216.4348 	EXP 	Instructions: autoDraw = False
216.4348 	EXP 	RBGInfo: autoDraw = False
216.4348 	EXP 	R: autoDraw = False
216.4348 	EXP 	G: autoDraw = False
216.4348 	EXP 	B: autoDraw = False
216.4348 	EXP 	text_8: autoDraw = True
216.6385 	DATA 	Mouse:  Left button up, pos=(1605,765)
216.7999 	EXP 	text_8: autoDraw = False
216.7999 	EXP 	slider: markerPos = None
216.7999 	EXP 	slider: markerPos = 1
216.7999 	EXP 	slider: autoDraw = True
216.7999 	EXP 	text_9: autoDraw = True
216.7999 	EXP 	text_answer: autoDraw = True
218.9966 	DATA 	Mouse: Left button down, pos=(1154,553)
219.0508 	EXP 	slider: markerPos = np.float64(3.976)
219.0708 	EXP 	slider: markerPos = np.float64(3.976)
219.1009 	EXP 	slider: markerPos = np.float64(3.976)
219.1343 	EXP 	slider: markerPos = np.float64(3.976)
219.1547 	EXP 	slider: markerPos = np.float64(3.976)
219.1842 	EXP 	slider: markerPos = np.float64(3.976)
219.2054 	EXP 	slider: markerPos = np.float64(3.976)
219.2199 	DATA 	Mouse:  Left button up, pos=(1154,553)
219.2348 	EXP 	slider: markerPos = np.float64(3.976)
219.2555 	EXP 	slider: markerPos = 4.0
220.4616 	DATA 	Mouse: Left button down, pos=(972,272)
220.5051 	EXP 	slider: autoDraw = False
220.5051 	EXP 	text_9: autoDraw = False
220.5051 	EXP 	text_answer: autoDraw = False
220.5051 	EXP 	text_8: autoDraw = True
220.6737 	DATA 	Mouse:  Left button up, pos=(972,272)
220.8854 	INFO 	Keyboard events cleared
220.8852 	EXP 	text_8: autoDraw = False
220.8852 	EXP 	corrColor_2: height = np.float64(56.0)
220.8852 	EXP 	corrColor_2: height = np.float64(56.0)
220.8852 	EXP 	corrColor_2: height = np.float64(56.0)
220.8852 	EXP 	corrColor_2: text = 'Lime-green'
220.8852 	EXP 	R_2: height = np.float64(42.0)
220.8852 	EXP 	R_2: height = np.float64(42.0)
220.8852 	EXP 	R_2: height = np.float64(42.0)
220.8852 	EXP 	R_2: text = 60
220.8852 	EXP 	G_2: height = np.float64(42.0)
220.8852 	EXP 	G_2: height = np.float64(42.0)
220.8852 	EXP 	G_2: height = np.float64(42.0)
220.8852 	EXP 	G_2: text = 100
220.8852 	EXP 	B_2: height = np.float64(42.0)
220.8852 	EXP 	B_2: height = np.float64(42.0)
220.8852 	EXP 	B_2: height = np.float64(42.0)
220.8852 	EXP 	B_2: text = 0
220.8852 	EXP 	correctAnswer: autoDraw = True
220.8852 	EXP 	RBGInfo_2: autoDraw = True
220.8852 	EXP 	R_2: autoDraw = True
220.8852 	EXP 	G_2: autoDraw = True
220.8852 	EXP 	B_2: autoDraw = True
221.4427 	DATA 	Mouse: Left button down, pos=(972,272)
221.4678 	EXP 	correctAnswer: autoDraw = False
221.4678 	EXP 	wrongAnswer: autoDraw = False
221.4678 	EXP 	corrColor_2: autoDraw = False
221.4678 	EXP 	RBGInfo_2: autoDraw = False
221.4678 	EXP 	R_2: autoDraw = False
221.4678 	EXP 	G_2: autoDraw = False
221.4678 	EXP 	B_2: autoDraw = False
221.4678 	EXP 	text_11: autoDraw = True
221.6726 	DATA 	Mouse:  Left button up, pos=(972,272)
221.8054 	EXP 	New trial (rep=0, index=4): <Trial 4 (4 in rep 0) data={'folder': 'Demo', 'image': 'DemoGreen.jpg', 'logical': True, 'corrColor': 'Green', 'corrR': 0, 'corrG': 98, 'corrB': 5, 'image_path': 'Demo/DemoGreen_0.png', 'thisN': 4, 'thisTrialN': 4, 'thisRepN': 0}>
221.9196 	EXP 	text_11: autoDraw = False
221.9196 	EXP 	img: foreColor = <psychopy.colors.Color: white, alpha=1.0>
221.9196 	EXP 	img: ori = np.float64(0.0)
221.9196 	EXP 	Instructions: text = 'Click the spacebar to shuffle through the filters to recognize the color.\nPress the button of the color you think it corresponds to.'
221.9196 	EXP 	R: height = np.float64(42.0)
221.9196 	EXP 	R: height = np.float64(42.0)
221.9196 	EXP 	R: height = np.float64(42.0)
221.9196 	EXP 	R: text = 0
221.9196 	EXP 	G: height = np.float64(42.0)
221.9196 	EXP 	G: height = np.float64(42.0)
221.9196 	EXP 	G: height = np.float64(42.0)
221.9196 	EXP 	G: text = 98
221.9196 	EXP 	B: height = np.float64(42.0)
221.9196 	EXP 	B: height = np.float64(42.0)
221.9196 	EXP 	B: height = np.float64(42.0)
221.9196 	EXP 	B: text = 5
221.9196 	EXP 	img: autoDraw = True
221.9196 	EXP 	Instructions: autoDraw = True
221.9196 	EXP 	RBGInfo: autoDraw = True
221.9196 	EXP 	R: autoDraw = True
221.9196 	EXP 	G: autoDraw = True
221.9196 	EXP 	B: autoDraw = True
227.8188 	DATA 	Mouse: Left button down, pos=(1653,403)
227.8343 	EXP 	img: autoDraw = False
227.8343 	EXP 	Instructions: autoDraw = False
227.8343 	EXP 	RBGInfo: autoDraw = False
227.8343 	EXP 	R: autoDraw = False
227.8343 	EXP 	G: autoDraw = False
227.8343 	EXP 	B: autoDraw = False
227.8343 	EXP 	text_8: autoDraw = True
228.0046 	DATA 	Mouse:  Left button up, pos=(1653,403)
228.1996 	EXP 	text_8: autoDraw = False
228.1996 	EXP 	text_8: autoDraw = False
228.1996 	EXP 	slider: markerPos = None
228.1996 	EXP 	slider: markerPos = 1
228.1996 	EXP 	slider: autoDraw = True
228.1996 	EXP 	text_9: autoDraw = True
228.1996 	EXP 	text_answer: autoDraw = True
229.3359 	DATA 	Mouse: Left button down, pos=(1415,550)
229.3521 	EXP 	slider: markerPos = np.float64(5.02)
229.3688 	EXP 	slider: markerPos = np.float64(5.02)
229.3853 	EXP 	slider: markerPos = np.float64(5.02)
229.4019 	EXP 	slider: markerPos = np.float64(5.02)
229.4188 	EXP 	slider: markerPos = np.float64(5.02)
229.4351 	EXP 	slider: markerPos = np.float64(5.02)
229.4519 	EXP 	slider: markerPos = np.float64(5.02)
229.4692 	EXP 	slider: markerPos = np.float64(5.02)
229.4853 	EXP 	slider: markerPos = np.float64(5.02)
229.5023 	EXP 	slider: markerPos = np.float64(5.02)
229.5188 	EXP 	slider: markerPos = np.float64(5.02)
229.5351 	EXP 	slider: markerPos = np.float64(5.02)
229.5519 	EXP 	slider: markerPos = np.float64(5.02)
229.5683 	EXP 	slider: markerPos = np.float64(5.02)
229.5691 	DATA 	Mouse:  Left button up, pos=(1415,550)
229.5857 	EXP 	slider: markerPos = 5.0
230.6016 	DATA 	Mouse: Left button down, pos=(1013,268)
230.6213 	EXP 	slider: autoDraw = False
230.6213 	EXP 	text_9: autoDraw = False
230.6213 	EXP 	text_answer: autoDraw = False
230.6213 	EXP 	text_8: autoDraw = True
230.8349 	DATA 	Mouse:  Left button up, pos=(1013,268)
230.9849 	INFO 	Keyboard events cleared
230.9848 	EXP 	text_8: autoDraw = False
230.9848 	EXP 	corrColor_2: height = np.float64(56.0)
230.9848 	EXP 	corrColor_2: height = np.float64(56.0)
230.9848 	EXP 	corrColor_2: height = np.float64(56.0)
230.9848 	EXP 	corrColor_2: text = 'Green'
230.9848 	EXP 	R_2: height = np.float64(42.0)
230.9848 	EXP 	R_2: height = np.float64(42.0)
230.9848 	EXP 	R_2: height = np.float64(42.0)
230.9848 	EXP 	R_2: text = 0
230.9848 	EXP 	G_2: height = np.float64(42.0)
230.9848 	EXP 	G_2: height = np.float64(42.0)
230.9848 	EXP 	G_2: height = np.float64(42.0)
230.9848 	EXP 	G_2: text = 98
230.9848 	EXP 	B_2: height = np.float64(42.0)
230.9848 	EXP 	B_2: height = np.float64(42.0)
230.9848 	EXP 	B_2: height = np.float64(42.0)
230.9848 	EXP 	B_2: text = 5
230.9848 	EXP 	correctAnswer: autoDraw = True
230.9848 	EXP 	RBGInfo_2: autoDraw = True
230.9848 	EXP 	R_2: autoDraw = True
230.9848 	EXP 	G_2: autoDraw = True
230.9848 	EXP 	B_2: autoDraw = True
231.6262 	DATA 	Mouse: Left button down, pos=(1013,268)
231.6546 	EXP 	correctAnswer: autoDraw = False
231.6546 	EXP 	wrongAnswer: autoDraw = False
231.6546 	EXP 	corrColor_2: autoDraw = False
231.6546 	EXP 	RBGInfo_2: autoDraw = False
231.6546 	EXP 	R_2: autoDraw = False
231.6546 	EXP 	G_2: autoDraw = False
231.6546 	EXP 	B_2: autoDraw = False
231.6546 	EXP 	text_11: autoDraw = True
231.8519 	DATA 	Mouse:  Left button up, pos=(1013,268)
232.0044 	EXP 	New trial (rep=0, index=5): <Trial 5 (5 in rep 0) data={'folder': 'Demo', 'image': 'DemoSeafoam.jpg', 'logical': True, 'corrColor': 'Seafoam', 'corrR': 0, 'corrG': 100, 'corrB': 60, 'image_path': 'Demo/DemoSeafoam_0.png', 'thisN': 5, 'thisTrialN': 5, 'thisRepN': 0}>
232.1002 	EXP 	text_11: autoDraw = False
232.1002 	EXP 	img: foreColor = <psychopy.colors.Color: white, alpha=1.0>
232.1002 	EXP 	img: ori = np.float64(0.0)
232.1002 	EXP 	Instructions: text = 'Click the spacebar to shuffle through the filters to recognize the color.\nPress the button of the color you think it corresponds to.'
232.1002 	EXP 	R: height = np.float64(42.0)
232.1002 	EXP 	R: height = np.float64(42.0)
232.1002 	EXP 	R: height = np.float64(42.0)
232.1002 	EXP 	R: text = 0
232.1002 	EXP 	G: height = np.float64(42.0)
232.1002 	EXP 	G: height = np.float64(42.0)
232.1002 	EXP 	G: height = np.float64(42.0)
232.1002 	EXP 	G: text = 100
232.1002 	EXP 	B: height = np.float64(42.0)
232.1002 	EXP 	B: height = np.float64(42.0)
232.1002 	EXP 	B: height = np.float64(42.0)
232.1002 	EXP 	B: text = 60
232.1002 	EXP 	img: autoDraw = True
232.1002 	EXP 	Instructions: autoDraw = True
232.1002 	EXP 	RBGInfo: autoDraw = True
232.1002 	EXP 	R: autoDraw = True
232.1002 	EXP 	G: autoDraw = True
232.1002 	EXP 	B: autoDraw = True
315.1367 	DATA 	Mouse: Left button down, pos=(1617,897)
315.1479 	EXP 	img: autoDraw = False
315.1479 	EXP 	Instructions: autoDraw = False
315.1479 	EXP 	RBGInfo: autoDraw = False
315.1479 	EXP 	R: autoDraw = False
315.1479 	EXP 	G: autoDraw = False
315.1479 	EXP 	B: autoDraw = False
315.1479 	EXP 	text_8: autoDraw = True
315.3341 	DATA 	Mouse:  Left button up, pos=(1617,897)
315.5301 	EXP 	text_8: autoDraw = False
315.5301 	EXP 	text_8: autoDraw = False
315.5301 	EXP 	slider: markerPos = None
315.5301 	EXP 	slider: markerPos = 1
315.5301 	EXP 	slider: autoDraw = True
315.5301 	EXP 	text_9: autoDraw = True
315.5301 	EXP 	text_answer: autoDraw = True
316.8825 	DATA 	Mouse: Left button down, pos=(934,586)
316.8989 	EXP 	slider: markerPos = np.float64(3.096)
316.9153 	EXP 	slider: markerPos = np.float64(3.096)
316.9330 	EXP 	slider: markerPos = np.float64(3.096)
316.9484 	EXP 	slider: markerPos = np.float64(3.096)
316.9661 	EXP 	slider: markerPos = np.float64(3.096)
316.9820 	EXP 	slider: markerPos = np.float64(3.096)
316.9995 	EXP 	slider: markerPos = np.float64(3.096)
317.0150 	EXP 	slider: markerPos = np.float64(3.096)
317.0336 	EXP 	slider: markerPos = np.float64(3.096)
317.0493 	EXP 	slider: markerPos = np.float64(3.096)
317.0657 	EXP 	slider: markerPos = np.float64(3.096)
317.0817 	EXP 	slider: markerPos = np.float64(3.096)
317.0991 	EXP 	slider: markerPos = np.float64(3.096)
317.0996 	DATA 	Mouse:  Left button up, pos=(934,586)
317.1152 	EXP 	slider: markerPos = 3.0
318.3053 	DATA 	Mouse: Left button down, pos=(971,273)
318.3330 	EXP 	slider: autoDraw = False
318.3330 	EXP 	text_9: autoDraw = False
318.3330 	EXP 	text_answer: autoDraw = False
318.3330 	EXP 	text_8: autoDraw = True
318.5334 	DATA 	Mouse:  Left button up, pos=(971,273)
318.6965 	INFO 	Keyboard events cleared
318.6963 	EXP 	text_8: autoDraw = False
318.6963 	EXP 	text_8: autoDraw = False
318.6963 	EXP 	corrColor_2: height = np.float64(56.0)
318.6963 	EXP 	corrColor_2: height = np.float64(56.0)
318.6963 	EXP 	corrColor_2: height = np.float64(56.0)
318.6963 	EXP 	corrColor_2: text = 'Seafoam'
318.6963 	EXP 	R_2: height = np.float64(42.0)
318.6963 	EXP 	R_2: height = np.float64(42.0)
318.6963 	EXP 	R_2: height = np.float64(42.0)
318.6963 	EXP 	R_2: text = 0
318.6963 	EXP 	G_2: height = np.float64(42.0)
318.6963 	EXP 	G_2: height = np.float64(42.0)
318.6963 	EXP 	G_2: height = np.float64(42.0)
318.6963 	EXP 	G_2: text = 100
318.6963 	EXP 	B_2: height = np.float64(42.0)
318.6963 	EXP 	B_2: height = np.float64(42.0)
318.6963 	EXP 	B_2: height = np.float64(42.0)
318.6963 	EXP 	B_2: text = 60
318.6963 	EXP 	correctAnswer: autoDraw = True
318.6963 	EXP 	RBGInfo_2: autoDraw = True
318.6963 	EXP 	R_2: autoDraw = True
318.6963 	EXP 	G_2: autoDraw = True
318.6963 	EXP 	B_2: autoDraw = True
319.3179 	DATA 	Mouse: Left button down, pos=(971,273)
319.3323 	EXP 	correctAnswer: autoDraw = False
319.3323 	EXP 	wrongAnswer: autoDraw = False
319.3323 	EXP 	corrColor_2: autoDraw = False
319.3323 	EXP 	RBGInfo_2: autoDraw = False
319.3323 	EXP 	R_2: autoDraw = False
319.3323 	EXP 	G_2: autoDraw = False
319.3323 	EXP 	B_2: autoDraw = False
319.3323 	EXP 	text_11: autoDraw = True
319.5340 	DATA 	Mouse:  Left button up, pos=(971,273)
319.6674 	EXP 	New trial (rep=0, index=6): <Trial 6 (6 in rep 0) data={'folder': 'Demo', 'image': 'DemoCyan.jpg', 'logical': True, 'corrColor': 'Cyan', 'corrR': 1, 'corrG': 100, 'corrB': 92, 'image_path': 'Demo/DemoCyan_0.png', 'thisN': 6, 'thisTrialN': 6, 'thisRepN': 0}>
319.7635 	EXP 	text_11: autoDraw = False
319.7635 	EXP 	text_11: autoDraw = False
319.7635 	EXP 	img: foreColor = <psychopy.colors.Color: white, alpha=1.0>
319.7635 	EXP 	img: ori = np.float64(0.0)
319.7635 	EXP 	Instructions: text = 'Click the spacebar to shuffle through the filters to recognize the color.\nPress the button of the color you think it corresponds to.'
319.7635 	EXP 	R: height = np.float64(42.0)
319.7635 	EXP 	R: height = np.float64(42.0)
319.7635 	EXP 	R: height = np.float64(42.0)
319.7635 	EXP 	R: text = 1
319.7635 	EXP 	G: height = np.float64(42.0)
319.7635 	EXP 	G: height = np.float64(42.0)
319.7635 	EXP 	G: height = np.float64(42.0)
319.7635 	EXP 	G: text = 100
319.7635 	EXP 	B: height = np.float64(42.0)
319.7635 	EXP 	B: height = np.float64(42.0)
319.7635 	EXP 	B: height = np.float64(42.0)
319.7635 	EXP 	B: text = 92
319.7635 	EXP 	img: autoDraw = True
319.7635 	EXP 	Instructions: autoDraw = True
319.7635 	EXP 	RBGInfo: autoDraw = True
319.7635 	EXP 	R: autoDraw = True
319.7635 	EXP 	G: autoDraw = True
319.7635 	EXP 	B: autoDraw = True
335.7743 	DATA 	Mouse: Left button down, pos=(1623,466)
335.7977 	EXP 	img: autoDraw = False
335.7977 	EXP 	Instructions: autoDraw = False
335.7977 	EXP 	RBGInfo: autoDraw = False
335.7977 	EXP 	R: autoDraw = False
335.7977 	EXP 	G: autoDraw = False
335.7977 	EXP 	B: autoDraw = False
335.7977 	EXP 	text_8: autoDraw = True
335.9859 	DATA 	Mouse:  Left button up, pos=(1623,466)
336.1632 	EXP 	text_8: autoDraw = False
336.1632 	EXP 	slider: markerPos = None
336.1632 	EXP 	slider: markerPos = 1
336.1632 	EXP 	slider: autoDraw = True
336.1632 	EXP 	text_9: autoDraw = True
336.1632 	EXP 	text_answer: autoDraw = True
337.6815 	DATA 	Mouse: Left button down, pos=(1388,592)
337.7127 	EXP 	slider: markerPos = np.float64(4.912)
337.7462 	EXP 	slider: markerPos = np.float64(4.912)
337.7796 	EXP 	slider: markerPos = np.float64(4.912)
337.8126 	EXP 	slider: markerPos = np.float64(4.912)
337.8323 	EXP 	slider: markerPos = np.float64(4.912)
337.8487 	EXP 	slider: markerPos = np.float64(4.912)
337.8654 	EXP 	slider: markerPos = np.float64(4.912)
337.8821 	EXP 	slider: markerPos = np.float64(4.912)
337.8900 	DATA 	Mouse:  Left button up, pos=(1388,592)
337.8987 	EXP 	slider: markerPos = np.float64(4.912)
337.9149 	EXP 	slider: markerPos = 5.0
339.3236 	DATA 	Mouse: Left button down, pos=(962,244)
339.3485 	EXP 	slider: autoDraw = False
339.3485 	EXP 	text_9: autoDraw = False
339.3485 	EXP 	text_answer: autoDraw = False
339.3485 	EXP 	text_8: autoDraw = True
339.5499 	DATA 	Mouse:  Left button up, pos=(962,244)
339.7127 	INFO 	Keyboard events cleared
339.7126 	EXP 	text_8: autoDraw = False
339.7126 	EXP 	text_8: autoDraw = False
339.7126 	EXP 	corrColor_2: height = np.float64(56.0)
339.7126 	EXP 	corrColor_2: height = np.float64(56.0)
339.7126 	EXP 	corrColor_2: height = np.float64(56.0)
339.7126 	EXP 	corrColor_2: text = 'Cyan'
339.7126 	EXP 	R_2: height = np.float64(42.0)
339.7126 	EXP 	R_2: height = np.float64(42.0)
339.7126 	EXP 	R_2: height = np.float64(42.0)
339.7126 	EXP 	R_2: text = 1
339.7126 	EXP 	G_2: height = np.float64(42.0)
339.7126 	EXP 	G_2: height = np.float64(42.0)
339.7126 	EXP 	G_2: height = np.float64(42.0)
339.7126 	EXP 	G_2: text = 100
339.7126 	EXP 	B_2: height = np.float64(42.0)
339.7126 	EXP 	B_2: height = np.float64(42.0)
339.7126 	EXP 	B_2: height = np.float64(42.0)
339.7126 	EXP 	B_2: text = 92
339.7126 	EXP 	correctAnswer: autoDraw = True
339.7126 	EXP 	RBGInfo_2: autoDraw = True
339.7126 	EXP 	R_2: autoDraw = True
339.7126 	EXP 	G_2: autoDraw = True
339.7126 	EXP 	B_2: autoDraw = True
340.3846 	DATA 	Mouse: Left button down, pos=(962,244)
340.3995 	EXP 	correctAnswer: autoDraw = False
340.3995 	EXP 	wrongAnswer: autoDraw = False
340.3995 	EXP 	corrColor_2: autoDraw = False
340.3995 	EXP 	RBGInfo_2: autoDraw = False
340.3995 	EXP 	R_2: autoDraw = False
340.3995 	EXP 	G_2: autoDraw = False
340.3995 	EXP 	B_2: autoDraw = False
340.3995 	EXP 	text_11: autoDraw = True
340.6144 	DATA 	Mouse:  Left button up, pos=(962,244)
340.7339 	EXP 	New trial (rep=0, index=7): <Trial 7 (7 in rep 0) data={'folder': 'Demo', 'image': 'DemoBlue.jpg', 'logical': True, 'corrColor': 'Blue', 'corrR': 0, 'corrG': 0, 'corrB': 90, 'image_path': 'Demo/DemoBlue_0.png', 'thisN': 7, 'thisTrialN': 7, 'thisRepN': 0}>
340.8300 	EXP 	text_11: autoDraw = False
340.8300 	EXP 	text_11: autoDraw = False
340.8300 	EXP 	img: foreColor = <psychopy.colors.Color: white, alpha=1.0>
340.8300 	EXP 	img: ori = np.float64(0.0)
340.8300 	EXP 	Instructions: text = 'Click the spacebar to shuffle through the filters to recognize the color.\nPress the button of the color you think it corresponds to.'
340.8300 	EXP 	R: height = np.float64(42.0)
340.8300 	EXP 	R: height = np.float64(42.0)
340.8300 	EXP 	R: height = np.float64(42.0)
340.8300 	EXP 	R: text = 0
340.8300 	EXP 	G: height = np.float64(42.0)
340.8300 	EXP 	G: height = np.float64(42.0)
340.8300 	EXP 	G: height = np.float64(42.0)
340.8300 	EXP 	G: text = 0
340.8300 	EXP 	B: height = np.float64(42.0)
340.8300 	EXP 	B: height = np.float64(42.0)
340.8300 	EXP 	B: height = np.float64(42.0)
340.8300 	EXP 	B: text = 90
340.8300 	EXP 	img: autoDraw = True
340.8300 	EXP 	Instructions: autoDraw = True
340.8300 	EXP 	RBGInfo: autoDraw = True
340.8300 	EXP 	R: autoDraw = True
340.8300 	EXP 	G: autoDraw = True
340.8300 	EXP 	B: autoDraw = True
349.5939 	DATA 	Mouse: Left button down, pos=(1620,641)
349.6134 	EXP 	img: autoDraw = False
349.6134 	EXP 	Instructions: autoDraw = False
349.6134 	EXP 	RBGInfo: autoDraw = False
349.6134 	EXP 	R: autoDraw = False
349.6134 	EXP 	G: autoDraw = False
349.6134 	EXP 	B: autoDraw = False
349.6134 	EXP 	text_8: autoDraw = True
349.8004 	DATA 	Mouse:  Left button up, pos=(1620,641)
349.9788 	EXP 	text_8: autoDraw = False
349.9788 	EXP 	slider: markerPos = None
349.9788 	EXP 	slider: markerPos = 1
349.9788 	EXP 	slider: autoDraw = True
349.9788 	EXP 	text_9: autoDraw = True
349.9788 	EXP 	text_answer: autoDraw = True
351.4092 	DATA 	Mouse: Left button down, pos=(1371,572)
351.4620 	EXP 	slider: markerPos = np.float64(4.844)
351.4963 	EXP 	slider: markerPos = np.float64(4.844)
351.5298 	EXP 	slider: markerPos = np.float64(4.844)
351.5622 	EXP 	slider: markerPos = np.float64(4.844)
351.5953 	EXP 	slider: markerPos = np.float64(4.844)
351.6287 	EXP 	slider: markerPos = np.float64(4.844)
351.6414 	DATA 	Mouse:  Left button up, pos=(1371,572)
351.6620 	EXP 	slider: markerPos = np.float64(4.844)
351.6817 	EXP 	slider: markerPos = 5.0
352.7459 	DATA 	Mouse: Left button down, pos=(1019,263)
352.7652 	EXP 	slider: autoDraw = False
352.7652 	EXP 	text_9: autoDraw = False
352.7652 	EXP 	text_answer: autoDraw = False
352.7652 	EXP 	text_8: autoDraw = True
352.9665 	DATA 	Mouse:  Left button up, pos=(1019,263)
353.1286 	INFO 	Keyboard events cleared
353.1284 	EXP 	text_8: autoDraw = False
353.1284 	EXP 	text_8: autoDraw = False
353.1284 	EXP 	corrColor_2: height = np.float64(56.0)
353.1284 	EXP 	corrColor_2: height = np.float64(56.0)
353.1284 	EXP 	corrColor_2: height = np.float64(56.0)
353.1284 	EXP 	corrColor_2: text = 'Blue'
353.1284 	EXP 	R_2: height = np.float64(42.0)
353.1284 	EXP 	R_2: height = np.float64(42.0)
353.1284 	EXP 	R_2: height = np.float64(42.0)
353.1284 	EXP 	R_2: text = 0
353.1284 	EXP 	G_2: height = np.float64(42.0)
353.1284 	EXP 	G_2: height = np.float64(42.0)
353.1284 	EXP 	G_2: height = np.float64(42.0)
353.1284 	EXP 	G_2: text = 0
353.1284 	EXP 	B_2: height = np.float64(42.0)
353.1284 	EXP 	B_2: height = np.float64(42.0)
353.1284 	EXP 	B_2: height = np.float64(42.0)
353.1284 	EXP 	B_2: text = 90
353.1284 	EXP 	correctAnswer: autoDraw = True
353.1284 	EXP 	RBGInfo_2: autoDraw = True
353.1284 	EXP 	R_2: autoDraw = True
353.1284 	EXP 	G_2: autoDraw = True
353.1284 	EXP 	B_2: autoDraw = True
353.8160 	DATA 	Mouse: Left button down, pos=(1019,263)
353.8311 	EXP 	correctAnswer: autoDraw = False
353.8311 	EXP 	wrongAnswer: autoDraw = False
353.8311 	EXP 	corrColor_2: autoDraw = False
353.8311 	EXP 	RBGInfo_2: autoDraw = False
353.8311 	EXP 	R_2: autoDraw = False
353.8311 	EXP 	G_2: autoDraw = False
353.8311 	EXP 	B_2: autoDraw = False
353.8311 	EXP 	text_11: autoDraw = True
354.0324 	DATA 	Mouse:  Left button up, pos=(1019,263)
354.1651 	EXP 	New trial (rep=0, index=8): <Trial 8 (8 in rep 0) data={'folder': 'Demo', 'image': 'DemoPurple.jpg', 'logical': True, 'corrColor': 'Purple', 'corrR': 65, 'corrG': 3, 'corrB': 100, 'image_path': 'Demo/DemoPurple_0.png', 'thisN': 8, 'thisTrialN': 8, 'thisRepN': 0}>
354.2633 	EXP 	text_11: autoDraw = False
354.2633 	EXP 	text_11: autoDraw = False
354.2633 	EXP 	img: foreColor = <psychopy.colors.Color: white, alpha=1.0>
354.2633 	EXP 	img: ori = np.float64(0.0)
354.2633 	EXP 	Instructions: text = 'Click the spacebar to shuffle through the filters to recognize the color.\nPress the button of the color you think it corresponds to.'
354.2633 	EXP 	R: height = np.float64(42.0)
354.2633 	EXP 	R: height = np.float64(42.0)
354.2633 	EXP 	R: height = np.float64(42.0)
354.2633 	EXP 	R: text = 65
354.2633 	EXP 	G: height = np.float64(42.0)
354.2633 	EXP 	G: height = np.float64(42.0)
354.2633 	EXP 	G: height = np.float64(42.0)
354.2633 	EXP 	G: text = 3
354.2633 	EXP 	B: height = np.float64(42.0)
354.2633 	EXP 	B: height = np.float64(42.0)
354.2633 	EXP 	B: height = np.float64(42.0)
354.2633 	EXP 	B: text = 100
354.2633 	EXP 	img: autoDraw = True
354.2633 	EXP 	Instructions: autoDraw = True
354.2633 	EXP 	RBGInfo: autoDraw = True
354.2633 	EXP 	R: autoDraw = True
354.2633 	EXP 	G: autoDraw = True
354.2633 	EXP 	B: autoDraw = True
394.3443 	DATA 	Mouse: Left button down, pos=(1609,508)
394.3617 	EXP 	img: autoDraw = False
394.3617 	EXP 	Instructions: autoDraw = False
394.3617 	EXP 	RBGInfo: autoDraw = False
394.3617 	EXP 	R: autoDraw = False
394.3617 	EXP 	G: autoDraw = False
394.3617 	EXP 	B: autoDraw = False
394.3617 	EXP 	text_8: autoDraw = True
394.5468 	DATA 	Mouse:  Left button up, pos=(1609,508)
394.7281 	EXP 	text_8: autoDraw = False
394.7281 	EXP 	slider: markerPos = None
394.7281 	EXP 	slider: markerPos = 1
394.7281 	EXP 	slider: autoDraw = True
394.7281 	EXP 	text_9: autoDraw = True
394.7281 	EXP 	text_answer: autoDraw = True
396.9682 	DATA 	Mouse: Left button down, pos=(885,602)
396.9957 	EXP 	slider: markerPos = np.float64(2.9)
397.0120 	EXP 	slider: markerPos = np.float64(2.9)
397.0291 	EXP 	slider: markerPos = np.float64(2.9)
397.0453 	EXP 	slider: markerPos = np.float64(2.9)
397.0623 	EXP 	slider: markerPos = np.float64(2.9)
397.0793 	EXP 	slider: markerPos = np.float64(2.9)
397.0958 	EXP 	slider: markerPos = np.float64(2.9)
397.1121 	EXP 	slider: markerPos = np.float64(2.9)
397.1324 	EXP 	slider: markerPos = np.float64(2.9)
397.1604 	EXP 	slider: markerPos = np.float64(2.9)
397.1795 	EXP 	slider: markerPos = np.float64(2.9)
397.1954 	EXP 	slider: markerPos = np.float64(2.9)
397.1967 	DATA 	Mouse:  Left button up, pos=(885,602)
397.2125 	EXP 	slider: markerPos = 3.0
398.2799 	DATA 	Mouse: Left button down, pos=(997,261)
398.2973 	EXP 	slider: autoDraw = False
398.2973 	EXP 	text_9: autoDraw = False
398.2973 	EXP 	text_answer: autoDraw = False
398.2973 	EXP 	text_8: autoDraw = True
398.5139 	DATA 	Mouse:  Left button up, pos=(997,261)
398.6604 	INFO 	Keyboard events cleared
398.6602 	EXP 	text_8: autoDraw = False
398.6602 	EXP 	text_8: autoDraw = False
398.6602 	EXP 	corrColor_2: height = np.float64(56.0)
398.6602 	EXP 	corrColor_2: height = np.float64(56.0)
398.6602 	EXP 	corrColor_2: height = np.float64(56.0)
398.6602 	EXP 	corrColor_2: text = 'Purple'
398.6602 	EXP 	R_2: height = np.float64(42.0)
398.6602 	EXP 	R_2: height = np.float64(42.0)
398.6602 	EXP 	R_2: height = np.float64(42.0)
398.6602 	EXP 	R_2: text = 65
398.6602 	EXP 	G_2: height = np.float64(42.0)
398.6602 	EXP 	G_2: height = np.float64(42.0)
398.6602 	EXP 	G_2: height = np.float64(42.0)
398.6602 	EXP 	G_2: text = 3
398.6602 	EXP 	B_2: height = np.float64(42.0)
398.6602 	EXP 	B_2: height = np.float64(42.0)
398.6602 	EXP 	B_2: height = np.float64(42.0)
398.6602 	EXP 	B_2: text = 100
398.6602 	EXP 	correctAnswer: autoDraw = True
398.6602 	EXP 	RBGInfo_2: autoDraw = True
398.6602 	EXP 	R_2: autoDraw = True
398.6602 	EXP 	G_2: autoDraw = True
398.6602 	EXP 	B_2: autoDraw = True
399.5356 	DATA 	Mouse: Left button down, pos=(997,261)
399.5627 	EXP 	correctAnswer: autoDraw = False
399.5627 	EXP 	wrongAnswer: autoDraw = False
399.5627 	EXP 	corrColor_2: autoDraw = False
399.5627 	EXP 	RBGInfo_2: autoDraw = False
399.5627 	EXP 	R_2: autoDraw = False
399.5627 	EXP 	G_2: autoDraw = False
399.5627 	EXP 	B_2: autoDraw = False
399.5627 	EXP 	text_11: autoDraw = True
399.7650 	DATA 	Mouse:  Left button up, pos=(997,261)
399.8974 	EXP 	New trial (rep=0, index=9): <Trial 9 (9 in rep 0) data={'folder': 'Demo', 'image': 'DemoPink.jpg', 'logical': True, 'corrColor': 'Pink', 'corrR': 100, 'corrG': 2, 'corrB': 40, 'image_path': 'Demo/DemoPink_0.png', 'thisN': 9, 'thisTrialN': 9, 'thisRepN': 0}>
399.9780 	EXP 	text_11: autoDraw = False
399.9780 	EXP 	text_11: autoDraw = False
399.9780 	EXP 	img: foreColor = <psychopy.colors.Color: white, alpha=1.0>
399.9780 	EXP 	img: ori = np.float64(0.0)
399.9780 	EXP 	Instructions: text = 'Click the spacebar to shuffle through the filters to recognize the color.\nPress the button of the color you think it corresponds to.'
399.9780 	EXP 	R: height = np.float64(42.0)
399.9780 	EXP 	R: height = np.float64(42.0)
399.9780 	EXP 	R: height = np.float64(42.0)
399.9780 	EXP 	R: text = 100
399.9780 	EXP 	G: height = np.float64(42.0)
399.9780 	EXP 	G: height = np.float64(42.0)
399.9780 	EXP 	G: height = np.float64(42.0)
399.9780 	EXP 	G: text = 2
399.9780 	EXP 	B: height = np.float64(42.0)
399.9780 	EXP 	B: height = np.float64(42.0)
399.9780 	EXP 	B: height = np.float64(42.0)
399.9780 	EXP 	B: text = 40
399.9780 	EXP 	img: autoDraw = True
399.9780 	EXP 	Instructions: autoDraw = True
399.9780 	EXP 	RBGInfo: autoDraw = True
399.9780 	EXP 	R: autoDraw = True
399.9780 	EXP 	G: autoDraw = True
399.9780 	EXP 	B: autoDraw = True
542.8687 	DATA 	Keypress: space
542.8692 	EXP 	Device response: <KeyPress from None: t=542.8420363000187, value=space, duration=None>
543.0232 	EXP 	Device response: <KeyPress from None: t=542.8420363000187, value=space, duration=0.14344210000126623>
548.4403 	DATA 	Keypress: space
548.4406 	EXP 	Device response: <KeyPress from None: t=548.3778470999969, value=space, duration=None>
548.5329 	EXP 	Device response: <KeyPress from None: t=548.3778470999969, value=space, duration=0.14349320001201704>
552.5056 	DATA 	Keypress: space
552.5059 	EXP 	Device response: <KeyPress from None: t=552.4902024000185, value=space, duration=None>
552.7446 	EXP 	Device response: <KeyPress from None: t=552.4902024000185, value=space, duration=0.23380539999925531>
585.3344 	DATA 	Mouse: Left button down, pos=(1628,830)
585.3551 	EXP 	img: autoDraw = False
585.3551 	EXP 	Instructions: autoDraw = False
585.3551 	EXP 	RBGInfo: autoDraw = False
585.3551 	EXP 	R: autoDraw = False
585.3551 	EXP 	G: autoDraw = False
585.3551 	EXP 	B: autoDraw = False
585.3551 	EXP 	text_8: autoDraw = True
585.4923 	DATA 	Mouse:  Left button up, pos=(1628,830)
585.7202 	EXP 	text_8: autoDraw = False
585.7202 	EXP 	slider: markerPos = None
585.7202 	EXP 	slider: markerPos = 1
585.7202 	EXP 	slider: autoDraw = True
585.7202 	EXP 	text_9: autoDraw = True
585.7202 	EXP 	text_answer: autoDraw = True
587.6237 	DATA 	Mouse: Left button down, pos=(1159,571)
587.6395 	EXP 	slider: markerPos = np.float64(3.996)
587.6565 	EXP 	slider: markerPos = np.float64(3.996)
587.6722 	EXP 	slider: markerPos = np.float64(3.996)
587.6896 	EXP 	slider: markerPos = np.float64(3.996)
587.7061 	EXP 	slider: markerPos = np.float64(3.996)
587.7232 	EXP 	slider: markerPos = np.float64(3.996)
587.7395 	EXP 	slider: markerPos = np.float64(3.996)
587.7559 	EXP 	slider: markerPos = np.float64(3.996)
587.7720 	EXP 	slider: markerPos = np.float64(3.996)
587.7899 	EXP 	slider: markerPos = np.float64(3.996)
587.8056 	EXP 	slider: markerPos = np.float64(3.996)
587.8228 	EXP 	slider: markerPos = np.float64(3.996)
587.8393 	EXP 	slider: markerPos = np.float64(3.996)
587.8398 	DATA 	Mouse:  Left button up, pos=(1159,571)
587.8562 	EXP 	slider: markerPos = 4.0
588.7906 	DATA 	Mouse: Left button down, pos=(1038,257)
588.8061 	EXP 	slider: autoDraw = False
588.8061 	EXP 	text_9: autoDraw = False
588.8061 	EXP 	text_answer: autoDraw = False
588.8061 	EXP 	text_8: autoDraw = True
589.0073 	DATA 	Mouse:  Left button up, pos=(1038,257)
589.1697 	INFO 	Keyboard events cleared
589.1696 	EXP 	text_8: autoDraw = False
589.1696 	EXP 	text_8: autoDraw = False
589.1696 	EXP 	corrColor_2: height = np.float64(56.0)
589.1696 	EXP 	corrColor_2: height = np.float64(56.0)
589.1696 	EXP 	corrColor_2: height = np.float64(56.0)
589.1696 	EXP 	corrColor_2: text = 'Pink'
589.1696 	EXP 	R_2: height = np.float64(42.0)
589.1696 	EXP 	R_2: height = np.float64(42.0)
589.1696 	EXP 	R_2: height = np.float64(42.0)
589.1696 	EXP 	R_2: text = 100
589.1696 	EXP 	G_2: height = np.float64(42.0)
589.1696 	EXP 	G_2: height = np.float64(42.0)
589.1696 	EXP 	G_2: height = np.float64(42.0)
589.1696 	EXP 	G_2: text = 2
589.1696 	EXP 	B_2: height = np.float64(42.0)
589.1696 	EXP 	B_2: height = np.float64(42.0)
589.1696 	EXP 	B_2: height = np.float64(42.0)
589.1696 	EXP 	B_2: text = 40
589.1696 	EXP 	correctAnswer: autoDraw = True
589.1696 	EXP 	RBGInfo_2: autoDraw = True
589.1696 	EXP 	R_2: autoDraw = True
589.1696 	EXP 	G_2: autoDraw = True
589.1696 	EXP 	B_2: autoDraw = True
589.9404 	DATA 	Mouse: Left button down, pos=(1038,257)
589.9564 	EXP 	correctAnswer: autoDraw = False
589.9564 	EXP 	wrongAnswer: autoDraw = False
589.9564 	EXP 	corrColor_2: autoDraw = False
589.9564 	EXP 	RBGInfo_2: autoDraw = False
589.9564 	EXP 	R_2: autoDraw = False
589.9564 	EXP 	G_2: autoDraw = False
589.9564 	EXP 	B_2: autoDraw = False
589.9564 	EXP 	text_11: autoDraw = True
590.1743 	DATA 	Mouse:  Left button up, pos=(1038,257)
590.3196 	EXP 	text_11: autoDraw = False
590.3196 	EXP 	text_11: autoDraw = False
590.3196 	EXP 	GoodJob: height = np.float64(50.0)
590.3196 	EXP 	GoodJob: height = np.float64(50.0)
590.3196 	EXP 	GoodJob: height = np.float64(50.0)
590.3196 	EXP 	GoodJob: text = 'Good job!\n\nThe experiment will now close.\n\nThank you.'
590.3196 	EXP 	GoodJob: autoDraw = True
593.3041 	EXP 	GoodJob: autoDraw = False
593.3042 	EXP 	ExpDemo2: status = STOPPED
593.3179 	INFO 	saved data to 'C:\\Users\\lille\\NewOneDrive\\OneDrive\\Emilie\\MasterThesisProject\\data\\001_ExpDemo2_2026-03-28_22h01.08.958.csv'
593.3194 	INFO 	saved data to C:\Users\lille\NewOneDrive\OneDrive\Emilie\MasterThesisProject\data\001_ExpDemo2_2026-03-28_22h01.08.958.psydat
593.5473 	WARNING 	Stopping key buffers but this could be dangerous ifother keyboards rely on the same.
