31.2087 	INFO 	Loaded monitor calibration from ['2026_03_13 16:59']
31.7276 	INFO 	Using renderer 'Intel(R) Graphics' for graphics
31.7276 	INFO 	OpenGL version supported by driver is 4..
31.8019 	EXP 	Created window1 = Window(allowGUI=True, allowStencil=False, autoLog=True, backendConf=UNKNOWN, backgroundFit=<method-wrapper '__getattribute__' of attributeSetter object at 0x000001DDF5ED62C0>, backgroundImage=<method-wrapper '__getattribute__' of attributeSetter object at 0x000001DDF5ED6260>, bitsMode=UNKNOWN, blendMode='avg', bpc=(8, 8, 8), color=array([0, 0, 0]), colorSpace='rgb', depthBits=8, fullscr=False, gamma=None, gammaErrorPolicy='raise', infoMsg=UNKNOWN, lms=UNKNOWN, monitor=<psychopy.monitors.calibTools.Monitor object at 0x000001DDF7655A80>, multiSample=False, name='window1', numSamples=2, pos=[np.float64(0.0), np.float64(0.0)], screen=0, size=array([1920, 1200]), stencilBits=0, stereo=False, title='PsychoPy', units='height', useFBO=True, useRetina=False, viewOri=0.0, viewPos=None, viewScale=None, waitBlanking=True, winType='pyglet')
31.8020 	EXP 	window1: backgroundImage = ''
31.8020 	EXP 	window1: backgroundFit = 'none'
32.4912 	EXP 	window1: Attempting to measure frame rate of screen (0) ...
32.4913 	EXP 	window1: recordFrameIntervals = False
32.6708 	EXP 	window1: recordFrameIntervals = True
34.3379 	EXP 	window1: recordFrameIntervals = False
34.3380 	EXP 	Screen (0) actual frame rate measured at 59.77Hz
34.4392 	INFO 	keyboard.Keyboard is using ptb backend.
34.4394 	EXP 	ExpDemo3: status = STARTED
34.6123 	EXP 	Created Welcome_info = TextStim(__class__=<class 'psychopy.visual.text.TextStim'>, alignHoriz=method-wrapper(...), alignText='center', alignVert=method-wrapper(...), anchorHoriz='center', anchorVert='center', antialias=True, autoDraw=False, autoLog=True, bold=False, color=array([-1., -1., -1.]), colorSpace='rgb', contrast=1.0, depth=0.0, draggable=False, flipHoriz=False, flipVert=False, font='Arial', fontFiles=[], height=np.float64(42.0), italic=False, languageStyle='LTR', name='Welcome_info', opacity=1, ori=0.0, pos=array([0., 0.]), rgb=UNKNOWN, text=str(...), units='pix', win=Window(...), wrapWidth=1500.0)
34.6266 	EXP 	Created PressEnterToContinue = TextStim(__class__=<class 'psychopy.visual.text.TextStim'>, alignHoriz=method-wrapper(...), alignText='center', alignVert=method-wrapper(...), anchorHoriz='center', anchorVert='center', antialias=True, autoDraw=False, autoLog=True, bold=False, color=array([-1., -1., -1.]), colorSpace='rgb', contrast=1.0, depth=-2.0, draggable=False, flipHoriz=False, flipVert=False, font='Arial', fontFiles=[], height=np.float64(50.0), italic=False, languageStyle='LTR', name='PressEnterToContinue', opacity=1, ori=0.0, pos=array([   0., -400.]), rgb=UNKNOWN, text='Press "Enter" to continue.', units='pix', win=Window(...), wrapWidth=900.0)
34.6594 	EXP 	Created img = ImageStim(__class__=<class 'psychopy.visual.image.ImageStim'>, anchor=('center', 'center'), autoLog=True, color=array([1., 1., 1.]), colorSpace='rgb', contrast=1.0, depth=0.0, draggable=False, flipHoriz=np.False_, flipVert=np.False_, image='default.png', interpolate=True, mask=None, maskParams=None, name='img', opacity=1.0, ori=1.0, pos=array([0., 0.]), size=array([1., 1.]), texRes=128.0, units='pix', win=Window(...))
34.9181 	EXP 	Created Instructions = TextStim(__class__=<class 'psychopy.visual.text.TextStim'>, alignHoriz=method-wrapper(...), alignText='center', alignVert=method-wrapper(...), anchorHoriz='center', anchorVert='center', antialias=True, autoDraw=False, autoLog=True, bold=False, color=array([-1., -1., -1.]), colorSpace='rgb', contrast=1.0, depth=-17.0, draggable=False, flipHoriz=False, flipVert=False, font='Arial', fontFiles=[], height=36.0, italic=False, languageStyle='LTR', name='Instructions', opacity=1, ori=0.0, pos=array([  0., 500.]), rgb=UNKNOWN, text='', units='pix', win=Window(...), wrapWidth=1400.0)
34.9369 	EXP 	Created RBGInfo = TextStim(__class__=<class 'psychopy.visual.text.TextStim'>, alignHoriz=method-wrapper(...), alignText='center', alignVert=method-wrapper(...), anchorHoriz='center', anchorVert='center', antialias=True, autoDraw=False, autoLog=True, bold=False, color=array([-1., -1., -1.]), colorSpace='rgb', contrast=1.0, depth=-19.0, draggable=False, flipHoriz=False, flipVert=False, font='Arial', fontFiles=[], height=np.float64(42.0), italic=False, languageStyle='LTR', name='RBGInfo', opacity=1.0, ori=0.0, pos=array([300., 300.]), rgb=UNKNOWN, text='RGB values: 0-100\n\nR:        G:        B:', units='pix', win=Window(...), wrapWidth=500)
34.9385 	EXP 	Created R = TextStim(__class__=<class 'psychopy.visual.text.TextStim'>, alignHoriz=method-wrapper(...), alignText='center', alignVert=method-wrapper(...), anchorHoriz='center', anchorVert='center', antialias=True, autoDraw=False, autoLog=True, bold=False, color=array([-1., -1., -1.]), colorSpace='rgb', contrast=1.0, depth=-20.0, draggable=False, flipHoriz=False, flipVert=False, font='Arial', fontFiles=[], height=42.0, italic=False, languageStyle='LTR', name='R', opacity=1.0, ori=0.0, pos=array([165., 220.]), rgb=UNKNOWN, text='', units='pix', win=Window(...), wrapWidth=500)
34.9397 	EXP 	Created G = TextStim(__class__=<class 'psychopy.visual.text.TextStim'>, alignHoriz=method-wrapper(...), alignText='center', alignVert=method-wrapper(...), anchorHoriz='center', anchorVert='center', antialias=True, autoDraw=False, autoLog=True, bold=False, color=array([-1., -1., -1.]), colorSpace='rgb', contrast=1.0, depth=-21.0, draggable=False, flipHoriz=False, flipVert=False, font='Arial', fontFiles=[], height=42.0, italic=False, languageStyle='LTR', name='G', opacity=1.0, ori=0.0, pos=array([300., 220.]), rgb=UNKNOWN, text='', units='pix', win=Window(...), wrapWidth=500)
34.9411 	EXP 	Created B = TextStim(__class__=<class 'psychopy.visual.text.TextStim'>, alignHoriz=method-wrapper(...), alignText='center', alignVert=method-wrapper(...), anchorHoriz='center', anchorVert='center', antialias=True, autoDraw=False, autoLog=True, bold=False, color=array([-1., -1., -1.]), colorSpace='rgb', contrast=1.0, depth=-22.0, draggable=False, flipHoriz=False, flipVert=False, font='Arial', fontFiles=[], height=42.0, italic=False, languageStyle='LTR', name='B', opacity=1.0, ori=0.0, pos=array([435., 220.]), rgb=UNKNOWN, text='', units='pix', win=Window(...), wrapWidth=500)
34.9441 	EXP 	Created text_8 = TextStim(__class__=<class 'psychopy.visual.text.TextStim'>, alignHoriz=method-wrapper(...), alignText='center', alignVert=method-wrapper(...), anchorHoriz='center', anchorVert='center', antialias=True, autoDraw=False, autoLog=True, bold=False, color=array([1., 1., 1.]), colorSpace='rgb', contrast=1.0, depth=0.0, draggable=False, flipHoriz=False, flipVert=False, font='Arial', fontFiles=[], height=np.float64(0.05), italic=False, languageStyle='LTR', name='text_8', opacity=1, ori=0.0, pos=array([0., 0.]), rgb=UNKNOWN, text='', units='height', win=Window(...), wrapWidth=1)
35.7503 	EXP 	Created slider = Slider(__class__=<class 'psychopy.visual.slider.Slider'>, autoDraw=False, autoLog=True, borderColor=None, color=None, colorSpace='rgb', depth=0, fillColor=None, flip=False, font='Noto Sans', granularity=1.0, labelColor=None, labelHeight=np.float64(36.0), labelWrapWidth=None, labels=tuple(...), lineColor=None, markerColor=None, name='slider', opacity=None, ori=0.0, pos=array([-50.,   0.]), readOnly=False, self=UNKNOWN, size=array([1000.,  100.]), startValue=1, style='rating', styleTweaks=[], ticks=array([1, 2, 3, 4, 5]), units='pix', win=Window(...))
35.7699 	EXP 	Created text_9 = TextStim(__class__=<class 'psychopy.visual.text.TextStim'>, alignHoriz=method-wrapper(...), alignText='center', alignVert=method-wrapper(...), anchorHoriz='center', anchorVert='center', antialias=True, autoDraw=False, autoLog=True, bold=False, color=array([-1., -1., -1.]), colorSpace='rgb', contrast=1.0, depth=-1.0, draggable=False, flipHoriz=False, flipVert=False, font='Arial', fontFiles=[], height=np.float64(0.05), italic=False, languageStyle='LTR', name='text_9', opacity=1, ori=0.0, pos=array([0.  , 0.25]), rgb=UNKNOWN, text='How confident were you in your choice?', units='height', win=Window(...), wrapWidth=1)
35.7874 	EXP 	Created text_answer = TextStim(__class__=<class 'psychopy.visual.text.TextStim'>, alignHoriz=method-wrapper(...), alignText='center', alignVert=method-wrapper(...), anchorHoriz='center', anchorVert='center', antialias=True, autoDraw=False, autoLog=True, bold=False, color=array([-1., -1., -1.]), colorSpace='rgb', contrast=1.0, depth=-4.0, draggable=False, flipHoriz=False, flipVert=False, font='Arial', fontFiles=[], height=0.05, italic=False, languageStyle='LTR', name='text_answer', opacity=1, ori=0.0, pos=array([0.  , 0.35]), rgb=UNKNOWN, text='', units='height', win=Window(...), wrapWidth=1)
36.0173 	EXP 	Created text_8 = TextStim(__class__=<class 'psychopy.visual.text.TextStim'>, alignHoriz=method-wrapper(...), alignText='center', alignVert=method-wrapper(...), anchorHoriz='center', anchorVert='center', antialias=True, autoDraw=False, autoLog=True, bold=False, color=array([1., 1., 1.]), colorSpace='rgb', contrast=1.0, depth=0.0, draggable=False, flipHoriz=False, flipVert=False, font='Arial', fontFiles=[], height=np.float64(0.05), italic=False, languageStyle='LTR', name='text_8', opacity=1, ori=0.0, pos=array([0., 0.]), rgb=UNKNOWN, text='', units='height', win=Window(...), wrapWidth=1)
36.0362 	EXP 	Created correctAnswer = TextStim(__class__=<class 'psychopy.visual.text.TextStim'>, alignHoriz=method-wrapper(...), alignText='center', alignVert=method-wrapper(...), anchorHoriz='center', anchorVert='center', antialias=True, autoDraw=False, autoLog=True, bold=False, color=array([-1., -1., -1.]), colorSpace='rgb', contrast=1.0, depth=-1.0, draggable=False, flipHoriz=False, flipVert=False, font='Arial', fontFiles=[], height=56.0, italic=False, languageStyle='LTR', name='correctAnswer', opacity=1, ori=0.0, pos=array([   0., -150.]), rgb=UNKNOWN, text='', units='pix', win=Window(...), wrapWidth=500)
36.0375 	EXP 	Created wrongAnswer = TextStim(__class__=<class 'psychopy.visual.text.TextStim'>, alignHoriz=method-wrapper(...), alignText='center', alignVert=method-wrapper(...), anchorHoriz='center', anchorVert='center', antialias=True, autoDraw=False, autoLog=True, bold=False, color=array([-1., -1., -1.]), colorSpace='rgb', contrast=1.0, depth=-2.0, draggable=False, flipHoriz=False, flipVert=False, font='Arial', fontFiles=[], height=56.0, italic=False, languageStyle='LTR', name='wrongAnswer', opacity=1.0, ori=0.0, pos=array([   0., -150.]), rgb=UNKNOWN, text='', units='pix', win=Window(...), wrapWidth=500)
36.0386 	EXP 	Created corrColor_2 = TextStim(__class__=<class 'psychopy.visual.text.TextStim'>, alignHoriz=method-wrapper(...), alignText='center', alignVert=method-wrapper(...), anchorHoriz='center', anchorVert='center', antialias=True, autoDraw=False, autoLog=True, bold=False, color=array([-1., -1., -1.]), colorSpace='rgb', contrast=1.0, depth=-3.0, draggable=False, flipHoriz=False, flipVert=False, font='Arial', fontFiles=[], height=56.0, italic=False, languageStyle='LTR', name='corrColor_2', opacity=1.0, ori=0.0, pos=array([   0., -150.]), rgb=UNKNOWN, text='', units='pix', win=Window(...), wrapWidth=500)
36.3961 	EXP 	Created RBGInfo_2 = TextStim(__class__=<class 'psychopy.visual.text.TextStim'>, alignHoriz=method-wrapper(...), alignText='center', alignVert=method-wrapper(...), anchorHoriz='center', anchorVert='center', antialias=True, autoDraw=False, autoLog=True, bold=False, color=array([-1., -1., -1.]), colorSpace='rgb', contrast=1.0, depth=-18.0, draggable=False, flipHoriz=False, flipVert=False, font='Arial', fontFiles=[], height=np.float64(42.0), italic=False, languageStyle='LTR', name='RBGInfo_2', opacity=1.0, ori=0.0, pos=array([300., 300.]), rgb=UNKNOWN, text='RGB values: 0-100\n\nR:        G:        B:', units='pix', win=Window(...), wrapWidth=500)
36.3975 	EXP 	Created R_2 = TextStim(__class__=<class 'psychopy.visual.text.TextStim'>, alignHoriz=method-wrapper(...), alignText='center', alignVert=method-wrapper(...), anchorHoriz='center', anchorVert='center', antialias=True, autoDraw=False, autoLog=True, bold=False, color=array([-1., -1., -1.]), colorSpace='rgb', contrast=1.0, depth=-19.0, draggable=False, flipHoriz=False, flipVert=False, font='Arial', fontFiles=[], height=42.0, italic=False, languageStyle='LTR', name='R_2', opacity=1.0, ori=0.0, pos=array([165., 220.]), rgb=UNKNOWN, text='', units='pix', win=Window(...), wrapWidth=500)
36.3991 	EXP 	Created G_2 = TextStim(__class__=<class 'psychopy.visual.text.TextStim'>, alignHoriz=method-wrapper(...), alignText='center', alignVert=method-wrapper(...), anchorHoriz='center', anchorVert='center', antialias=True, autoDraw=False, autoLog=True, bold=False, color=array([-1., -1., -1.]), colorSpace='rgb', contrast=1.0, depth=-20.0, draggable=False, flipHoriz=False, flipVert=False, font='Arial', fontFiles=[], height=42.0, italic=False, languageStyle='LTR', name='G_2', opacity=1.0, ori=0.0, pos=array([300., 220.]), rgb=UNKNOWN, text='', units='pix', win=Window(...), wrapWidth=500)
36.4005 	EXP 	Created B_2 = TextStim(__class__=<class 'psychopy.visual.text.TextStim'>, alignHoriz=method-wrapper(...), alignText='center', alignVert=method-wrapper(...), anchorHoriz='center', anchorVert='center', antialias=True, autoDraw=False, autoLog=True, bold=False, color=array([-1., -1., -1.]), colorSpace='rgb', contrast=1.0, depth=-21.0, draggable=False, flipHoriz=False, flipVert=False, font='Arial', fontFiles=[], height=42.0, italic=False, languageStyle='LTR', name='B_2', opacity=1.0, ori=0.0, pos=array([435., 220.]), rgb=UNKNOWN, text='', units='pix', win=Window(...), wrapWidth=500)
36.4030 	EXP 	Created text_11 = TextStim(__class__=<class 'psychopy.visual.text.TextStim'>, alignHoriz=method-wrapper(...), alignText='center', alignVert=method-wrapper(...), anchorHoriz='center', anchorVert='center', antialias=True, autoDraw=False, autoLog=True, bold=False, color=array([1., 1., 1.]), colorSpace='rgb', contrast=1.0, depth=0.0, draggable=False, flipHoriz=False, flipVert=False, font='Arial', fontFiles=[], height=np.float64(0.05), italic=False, languageStyle='LTR', name='text_11', opacity=1, ori=0.0, pos=array([0., 0.]), rgb=UNKNOWN, text='', units='height', win=Window(...), wrapWidth=1)
36.4043 	EXP 	Created GoodJob = TextStim(__class__=<class 'psychopy.visual.text.TextStim'>, alignHoriz=method-wrapper(...), alignText='center', alignVert=method-wrapper(...), anchorHoriz='center', anchorVert='center', antialias=True, autoDraw=False, autoLog=True, bold=False, color=array([-1., -1., -1.]), colorSpace='rgb', contrast=1.0, depth=0.0, draggable=False, flipHoriz=False, flipVert=False, font='Arial', fontFiles=[], height=50.0, italic=False, languageStyle='LTR', name='GoodJob', opacity=1.0, ori=0.0, pos=array([0., 0.]), rgb=UNKNOWN, text='', units='pix', win=Window(...), wrapWidth=500)
0.0150 	EXP 	slider: autoLog = True
0.0150 	EXP 	slider: styleTweaks = []
0.0150 	EXP 	slider: styleTweaks = []
0.0150 	EXP 	slider: styleTweaks = []
0.0150 	EXP 	slider: styleTweaks = []
0.0150 	EXP 	slider: contrast = 1.0
0.0150 	EXP 	slider: markerPos = 1
0.0150 	EXP 	slider: autoLog = True
0.0333 	EXP 	Welcome_info: autoDraw = True
0.8156 	INFO 	Keyboard events cleared
0.9991 	EXP 	PressEnterToContinue: autoDraw = True
44.6835 	EXP 	Device response: <KeyPress from None: t=44.67931109992787, value=return, duration=None>
44.6912 	EXP 	Imported ExcelOutputDemo.xlsx as conditions, 14 conditions, 8 params
44.6915 	EXP 	New trial (rep=0, index=0): <Trial 0 (0 in rep 0) data={'folder': 'Demo', 'image': 'DemoRed.jpg', 'logical': True, 'corrColor': 'Red', 'corrR': 96, 'corrG': 6, 'corrB': 0, 'image_path': 'Demo/DemoRed_0.png', 'thisN': 0, 'thisTrialN': 0, 'thisRepN': 0}>
44.6921 	DATA 	Keypress: return
44.8301 	EXP 	Welcome_info: autoDraw = False
44.8301 	EXP 	PressEnterToContinue: autoDraw = False
44.8301 	EXP 	img: foreColor = <psychopy.colors.Color: white, alpha=1.0>
44.8301 	EXP 	img: ori = np.float64(0.0)
44.8301 	EXP 	Instructions: height = np.float64(36.0)
44.8301 	EXP 	Instructions: height = np.float64(36.0)
44.8301 	EXP 	Instructions: height = np.float64(36.0)
44.8301 	EXP 	Instructions: text = 'Click the spacebar to shuffle through the filters to recognize the color.\nPress the button of the color you think it corresponds to.'
44.8301 	EXP 	R: height = np.float64(42.0)
44.8301 	EXP 	R: height = np.float64(42.0)
44.8301 	EXP 	R: height = np.float64(42.0)
44.8301 	EXP 	R: text = 96
44.8301 	EXP 	G: height = np.float64(42.0)
44.8301 	EXP 	G: height = np.float64(42.0)
44.8301 	EXP 	G: height = np.float64(42.0)
44.8301 	EXP 	G: text = 6
44.8301 	EXP 	B: height = np.float64(42.0)
44.8301 	EXP 	B: height = np.float64(42.0)
44.8301 	EXP 	B: height = np.float64(42.0)
44.8301 	EXP 	B: text = 0
44.8301 	EXP 	img: autoDraw = True
44.8301 	EXP 	Instructions: autoDraw = True
44.8301 	EXP 	RBGInfo: autoDraw = True
44.8301 	EXP 	R: autoDraw = True
44.8301 	EXP 	G: autoDraw = True
44.8301 	EXP 	B: autoDraw = True
44.8737 	EXP 	Device response: <KeyPress from None: t=44.67931109992787, value=return, duration=0.12516410008538514>
50.8944 	DATA 	Mouse: Left button down, pos=(1649,338)
50.9810 	EXP 	img: autoDraw = False
50.9810 	EXP 	Instructions: autoDraw = False
50.9810 	EXP 	RBGInfo: autoDraw = False
50.9810 	EXP 	R: autoDraw = False
50.9810 	EXP 	G: autoDraw = False
50.9810 	EXP 	B: autoDraw = False
50.9810 	EXP 	text_8: autoDraw = True
51.1158 	DATA 	Mouse:  Left button up, pos=(1649,338)
51.3459 	EXP 	text_8: autoDraw = False
51.3459 	EXP 	text_8: autoDraw = False
51.3459 	EXP 	slider: markerPos = None
51.3459 	EXP 	slider: markerPos = 1
51.3459 	EXP 	slider: autoDraw = True
51.3459 	EXP 	text_9: autoDraw = True
51.3459 	EXP 	text_answer: autoDraw = True
53.2582 	DATA 	Mouse: Left button down, pos=(1412,563)
53.2961 	EXP 	slider: markerPos = np.float64(5.008)
53.3156 	EXP 	slider: markerPos = np.float64(5.008)
53.3316 	EXP 	slider: markerPos = np.float64(5.008)
53.3488 	EXP 	slider: markerPos = np.float64(5.008)
53.3650 	EXP 	slider: markerPos = np.float64(5.008)
53.3825 	EXP 	slider: markerPos = np.float64(5.008)
53.4128 	EXP 	slider: markerPos = np.float64(5.008)
53.4328 	EXP 	slider: markerPos = np.float64(5.008)
53.4626 	EXP 	slider: markerPos = np.float64(5.008)
53.4822 	EXP 	slider: markerPos = np.float64(5.008)
53.4831 	DATA 	Mouse:  Left button up, pos=(1412,563)
53.5130 	EXP 	slider: markerPos = 5.0
55.3512 	DATA 	Mouse: Left button down, pos=(999,251)
55.3653 	EXP 	slider: autoDraw = False
55.3653 	EXP 	text_9: autoDraw = False
55.3653 	EXP 	text_answer: autoDraw = False
55.3653 	EXP 	text_8: autoDraw = True
55.5829 	DATA 	Mouse:  Left button up, pos=(999,251)
55.7295 	INFO 	Keyboard events cleared
55.7294 	EXP 	text_8: autoDraw = False
55.7294 	EXP 	text_8: autoDraw = False
55.7294 	EXP 	corrColor_2: height = np.float64(56.0)
55.7294 	EXP 	corrColor_2: height = np.float64(56.0)
55.7294 	EXP 	corrColor_2: height = np.float64(56.0)
55.7294 	EXP 	corrColor_2: text = 'Red'
55.7294 	EXP 	R_2: height = np.float64(42.0)
55.7294 	EXP 	R_2: height = np.float64(42.0)
55.7294 	EXP 	R_2: height = np.float64(42.0)
55.7294 	EXP 	R_2: text = 96
55.7294 	EXP 	G_2: height = np.float64(42.0)
55.7294 	EXP 	G_2: height = np.float64(42.0)
55.7294 	EXP 	G_2: height = np.float64(42.0)
55.7294 	EXP 	G_2: text = 6
55.7294 	EXP 	B_2: height = np.float64(42.0)
55.7294 	EXP 	B_2: height = np.float64(42.0)
55.7294 	EXP 	B_2: height = np.float64(42.0)
55.7294 	EXP 	B_2: text = 0
55.7294 	EXP 	correctAnswer: autoDraw = True
55.7294 	EXP 	RBGInfo_2: autoDraw = True
55.7294 	EXP 	R_2: autoDraw = True
55.7294 	EXP 	G_2: autoDraw = True
55.7294 	EXP 	B_2: autoDraw = True
56.3831 	DATA 	Mouse: Left button down, pos=(999,251)
56.3979 	EXP 	correctAnswer: autoDraw = False
56.3979 	EXP 	wrongAnswer: autoDraw = False
56.3979 	EXP 	corrColor_2: autoDraw = False
56.3979 	EXP 	RBGInfo_2: autoDraw = False
56.3979 	EXP 	R_2: autoDraw = False
56.3979 	EXP 	G_2: autoDraw = False
56.3979 	EXP 	B_2: autoDraw = False
56.3979 	EXP 	text_11: autoDraw = True
56.6159 	DATA 	Mouse:  Left button up, pos=(999,251)
56.7325 	EXP 	New trial (rep=0, index=1): <Trial 1 (1 in rep 0) data={'folder': 'Demo', 'image': 'DemoOrange.jpg', 'logical': True, 'corrColor': 'Orange', 'corrR': 100, 'corrG': 60, 'corrB': 0, 'image_path': 'Demo/DemoOrange_0.png', 'thisN': 1, 'thisTrialN': 1, 'thisRepN': 0}>
56.8144 	EXP 	text_11: autoDraw = False
56.8144 	EXP 	text_11: autoDraw = False
56.8144 	EXP 	img: foreColor = <psychopy.colors.Color: white, alpha=1.0>
56.8144 	EXP 	img: ori = np.float64(0.0)
56.8144 	EXP 	Instructions: text = 'Click the spacebar to shuffle through the filters to recognize the color.\nPress the button of the color you think it corresponds to.'
56.8144 	EXP 	R: height = np.float64(42.0)
56.8144 	EXP 	R: height = np.float64(42.0)
56.8144 	EXP 	R: height = np.float64(42.0)
56.8144 	EXP 	R: text = 100
56.8144 	EXP 	G: height = np.float64(42.0)
56.8144 	EXP 	G: height = np.float64(42.0)
56.8144 	EXP 	G: height = np.float64(42.0)
56.8144 	EXP 	G: text = 60
56.8144 	EXP 	B: height = np.float64(42.0)
56.8144 	EXP 	B: height = np.float64(42.0)
56.8144 	EXP 	B: height = np.float64(42.0)
56.8144 	EXP 	B: text = 0
56.8144 	EXP 	img: autoDraw = True
56.8144 	EXP 	Instructions: autoDraw = True
56.8144 	EXP 	RBGInfo: autoDraw = True
56.8144 	EXP 	R: autoDraw = True
56.8144 	EXP 	G: autoDraw = True
56.8144 	EXP 	B: autoDraw = True
61.4072 	DATA 	Keypress: space
61.4079 	EXP 	Device response: <KeyPress from None: t=61.349980199942365, value=space, duration=None>
61.5803 	EXP 	Device response: <KeyPress from None: t=61.349980199942365, value=space, duration=0.15197240002453327>
62.8452 	DATA 	Keypress: space
62.9175 	EXP 	Device response: <KeyPress from None: t=62.84282080002595, value=space, duration=None>
63.0031 	EXP 	Device response: <KeyPress from None: t=62.84282080002595, value=space, duration=0.08866339991800487>
66.5759 	DATA 	Keypress: space
66.5772 	EXP 	Device response: <KeyPress from None: t=66.56824229995254, value=space, duration=None>
66.6901 	EXP 	Device response: <KeyPress from None: t=66.56824229995254, value=space, duration=0.10697990003973246>
73.8868 	DATA 	Mouse: Left button down, pos=(1622,686)
73.8973 	EXP 	img: autoDraw = False
73.8973 	EXP 	Instructions: autoDraw = False
73.8973 	EXP 	RBGInfo: autoDraw = False
73.8973 	EXP 	R: autoDraw = False
73.8973 	EXP 	G: autoDraw = False
73.8973 	EXP 	B: autoDraw = False
73.8973 	EXP 	text_8: autoDraw = True
74.0507 	DATA 	Mouse:  Left button up, pos=(1622,686)
74.2617 	EXP 	text_8: autoDraw = False
74.2617 	EXP 	text_8: autoDraw = False
74.2617 	EXP 	slider: markerPos = None
74.2617 	EXP 	slider: markerPos = 1
74.2617 	EXP 	slider: autoDraw = True
74.2617 	EXP 	text_9: autoDraw = True
74.2617 	EXP 	text_answer: autoDraw = True
75.4063 	DATA 	Mouse: Left button down, pos=(1374,604)
75.4451 	EXP 	slider: markerPos = np.float64(4.856)
75.4647 	EXP 	slider: markerPos = np.float64(4.856)
75.4955 	EXP 	slider: markerPos = np.float64(4.856)
75.5147 	EXP 	slider: markerPos = np.float64(4.856)
75.5452 	EXP 	slider: markerPos = np.float64(4.856)
75.5660 	EXP 	slider: markerPos = np.float64(4.856)
75.5983 	EXP 	slider: markerPos = np.float64(4.856)
75.6290 	EXP 	slider: markerPos = np.float64(4.856)
75.6298 	DATA 	Mouse:  Left button up, pos=(1374,604)
75.6488 	EXP 	slider: markerPos = 5.0
76.4978 	DATA 	Mouse: Left button down, pos=(927,300)
76.5152 	EXP 	slider: autoDraw = False
76.5152 	EXP 	text_9: autoDraw = False
76.5152 	EXP 	text_answer: autoDraw = False
76.5152 	EXP 	text_8: autoDraw = True
76.7166 	DATA 	Mouse:  Left button up, pos=(927,300)
76.8784 	INFO 	Keyboard events cleared
76.8783 	EXP 	text_8: autoDraw = False
76.8783 	EXP 	text_8: autoDraw = False
76.8783 	EXP 	corrColor_2: height = np.float64(56.0)
76.8783 	EXP 	corrColor_2: height = np.float64(56.0)
76.8783 	EXP 	corrColor_2: height = np.float64(56.0)
76.8783 	EXP 	corrColor_2: text = 'Orange'
76.8783 	EXP 	R_2: height = np.float64(42.0)
76.8783 	EXP 	R_2: height = np.float64(42.0)
76.8783 	EXP 	R_2: height = np.float64(42.0)
76.8783 	EXP 	R_2: text = 100
76.8783 	EXP 	G_2: height = np.float64(42.0)
76.8783 	EXP 	G_2: height = np.float64(42.0)
76.8783 	EXP 	G_2: height = np.float64(42.0)
76.8783 	EXP 	G_2: text = 60
76.8783 	EXP 	B_2: height = np.float64(42.0)
76.8783 	EXP 	B_2: height = np.float64(42.0)
76.8783 	EXP 	B_2: height = np.float64(42.0)
76.8783 	EXP 	B_2: text = 0
76.8783 	EXP 	correctAnswer: autoDraw = True
76.8783 	EXP 	RBGInfo_2: autoDraw = True
76.8783 	EXP 	R_2: autoDraw = True
76.8783 	EXP 	G_2: autoDraw = True
76.8783 	EXP 	B_2: autoDraw = True
77.2991 	DATA 	Mouse: Left button down, pos=(927,300)
77.3143 	EXP 	correctAnswer: autoDraw = False
77.3143 	EXP 	wrongAnswer: autoDraw = False
77.3143 	EXP 	corrColor_2: autoDraw = False
77.3143 	EXP 	RBGInfo_2: autoDraw = False
77.3143 	EXP 	R_2: autoDraw = False
77.3143 	EXP 	G_2: autoDraw = False
77.3143 	EXP 	B_2: autoDraw = False
77.3143 	EXP 	text_11: autoDraw = True
77.5162 	DATA 	Mouse:  Left button up, pos=(927,300)
77.6481 	EXP 	New trial (rep=0, index=2): <Trial 2 (2 in rep 0) data={'folder': 'Demo', 'image': 'DemoBrown.jpg', 'logical': True, 'corrColor': 'Brown', 'corrR': 51, 'corrG': 29, 'corrB': 0, 'image_path': 'Demo/DemoBrown_0.png', 'thisN': 2, 'thisTrialN': 2, 'thisRepN': 0}>
77.7472 	EXP 	text_11: autoDraw = False
77.7472 	EXP 	text_11: autoDraw = False
77.7472 	EXP 	img: foreColor = <psychopy.colors.Color: white, alpha=1.0>
77.7472 	EXP 	img: ori = np.float64(0.0)
77.7472 	EXP 	Instructions: text = 'Click the spacebar to shuffle through the filters to recognize the color.\nPress the button of the color you think it corresponds to.'
77.7472 	EXP 	R: height = np.float64(42.0)
77.7472 	EXP 	R: height = np.float64(42.0)
77.7472 	EXP 	R: height = np.float64(42.0)
77.7472 	EXP 	R: text = 51
77.7472 	EXP 	G: height = np.float64(42.0)
77.7472 	EXP 	G: height = np.float64(42.0)
77.7472 	EXP 	G: height = np.float64(42.0)
77.7472 	EXP 	G: text = 29
77.7472 	EXP 	B: height = np.float64(42.0)
77.7472 	EXP 	B: height = np.float64(42.0)
77.7472 	EXP 	B: height = np.float64(42.0)
77.7472 	EXP 	B: text = 0
77.7472 	EXP 	img: autoDraw = True
77.7472 	EXP 	Instructions: autoDraw = True
77.7472 	EXP 	RBGInfo: autoDraw = True
77.7472 	EXP 	R: autoDraw = True
77.7472 	EXP 	G: autoDraw = True
77.7472 	EXP 	B: autoDraw = True
85.8397 	DATA 	Keypress: space
85.8403 	EXP 	Device response: <KeyPress from None: t=85.832519199932, value=space, duration=None>
86.0426 	EXP 	Device response: <KeyPress from None: t=85.832519199932, value=space, duration=0.14315340004395694>
86.4227 	DATA 	Keypress: space
86.4234 	EXP 	Device response: <KeyPress from None: t=86.41683749994263, value=space, duration=None>
86.5978 	EXP 	Device response: <KeyPress from None: t=86.41683749994263, value=space, duration=0.14317190006840974>
87.1100 	DATA 	Keypress: space
87.1835 	EXP 	Device response: <KeyPress from None: t=87.10872429993469, value=space, duration=None>
87.2784 	EXP 	Device response: <KeyPress from None: t=87.10872429993469, value=space, duration=0.15236770000774413>
149.2045 	DATA 	Mouse: Left button down, pos=(1599,1134)
149.2270 	EXP 	img: autoDraw = False
149.2270 	EXP 	Instructions: autoDraw = False
149.2270 	EXP 	RBGInfo: autoDraw = False
149.2270 	EXP 	R: autoDraw = False
149.2270 	EXP 	G: autoDraw = False
149.2270 	EXP 	B: autoDraw = False
149.2270 	EXP 	text_8: autoDraw = True
149.4155 	DATA 	Mouse:  Left button up, pos=(1599,1134)
149.6101 	EXP 	text_8: autoDraw = False
149.6101 	EXP 	slider: markerPos = None
149.6101 	EXP 	slider: markerPos = 1
149.6101 	EXP 	slider: autoDraw = True
149.6101 	EXP 	text_9: autoDraw = True
149.6101 	EXP 	text_answer: autoDraw = True
151.6374 	DATA 	Mouse: Left button down, pos=(1135,590)
151.6757 	EXP 	slider: markerPos = np.float64(3.9)
151.6956 	EXP 	slider: markerPos = np.float64(3.9)
151.7261 	EXP 	slider: markerPos = np.float64(3.9)
151.7451 	EXP 	slider: markerPos = np.float64(3.9)
151.7757 	EXP 	slider: markerPos = np.float64(3.9)
151.7952 	EXP 	slider: markerPos = np.float64(3.9)
151.8113 	EXP 	slider: markerPos = np.float64(3.9)
151.8424 	EXP 	slider: markerPos = np.float64(3.9)
151.8617 	EXP 	slider: markerPos = np.float64(3.9)
151.8624 	DATA 	Mouse:  Left button up, pos=(1135,590)
151.8779 	EXP 	slider: markerPos = 4.0
152.8928 	DATA 	Mouse: Left button down, pos=(976,241)
152.9122 	EXP 	slider: autoDraw = False
152.9122 	EXP 	text_9: autoDraw = False
152.9122 	EXP 	text_answer: autoDraw = False
152.9122 	EXP 	text_8: autoDraw = True
153.1139 	DATA 	Mouse:  Left button up, pos=(976,241)
153.2756 	INFO 	Keyboard events cleared
153.2755 	EXP 	text_8: autoDraw = False
153.2755 	EXP 	corrColor_2: height = np.float64(56.0)
153.2755 	EXP 	corrColor_2: height = np.float64(56.0)
153.2755 	EXP 	corrColor_2: height = np.float64(56.0)
153.2755 	EXP 	corrColor_2: text = 'Brown'
153.2755 	EXP 	R_2: height = np.float64(42.0)
153.2755 	EXP 	R_2: height = np.float64(42.0)
153.2755 	EXP 	R_2: height = np.float64(42.0)
153.2755 	EXP 	R_2: text = 51
153.2755 	EXP 	G_2: height = np.float64(42.0)
153.2755 	EXP 	G_2: height = np.float64(42.0)
153.2755 	EXP 	G_2: height = np.float64(42.0)
153.2755 	EXP 	G_2: text = 29
153.2755 	EXP 	B_2: height = np.float64(42.0)
153.2755 	EXP 	B_2: height = np.float64(42.0)
153.2755 	EXP 	B_2: height = np.float64(42.0)
153.2755 	EXP 	B_2: text = 0
153.2755 	EXP 	correctAnswer: autoDraw = True
153.2755 	EXP 	RBGInfo_2: autoDraw = True
153.2755 	EXP 	R_2: autoDraw = True
153.2755 	EXP 	G_2: autoDraw = True
153.2755 	EXP 	B_2: autoDraw = True
153.8630 	DATA 	Mouse: Left button down, pos=(976,241)
153.8775 	EXP 	correctAnswer: autoDraw = False
153.8775 	EXP 	wrongAnswer: autoDraw = False
153.8775 	EXP 	corrColor_2: autoDraw = False
153.8775 	EXP 	RBGInfo_2: autoDraw = False
153.8775 	EXP 	R_2: autoDraw = False
153.8775 	EXP 	G_2: autoDraw = False
153.8775 	EXP 	B_2: autoDraw = False
153.8775 	EXP 	text_11: autoDraw = True
154.0983 	DATA 	Mouse:  Left button up, pos=(976,241)
154.2117 	EXP 	New trial (rep=0, index=3): <Trial 3 (3 in rep 0) data={'folder': 'Demo', 'image': 'DemoYellow.jpg', 'logical': True, 'corrColor': 'Yellow', 'corrR': 96, 'corrG': 100, 'corrB': 0, 'image_path': 'Demo/DemoYellow_0.png', 'thisN': 3, 'thisTrialN': 3, 'thisRepN': 0}>
154.2944 	EXP 	text_11: autoDraw = False
154.2944 	EXP 	text_11: autoDraw = False
154.2944 	EXP 	img: foreColor = <psychopy.colors.Color: white, alpha=1.0>
154.2944 	EXP 	img: ori = np.float64(0.0)
154.2944 	EXP 	Instructions: text = 'Click the spacebar to shuffle through the filters to recognize the color.\nPress the button of the color you think it corresponds to.'
154.2944 	EXP 	R: height = np.float64(42.0)
154.2944 	EXP 	R: height = np.float64(42.0)
154.2944 	EXP 	R: height = np.float64(42.0)
154.2944 	EXP 	R: text = 96
154.2944 	EXP 	G: height = np.float64(42.0)
154.2944 	EXP 	G: height = np.float64(42.0)
154.2944 	EXP 	G: height = np.float64(42.0)
154.2944 	EXP 	G: text = 100
154.2944 	EXP 	B: height = np.float64(42.0)
154.2944 	EXP 	B: height = np.float64(42.0)
154.2944 	EXP 	B: height = np.float64(42.0)
154.2944 	EXP 	B: text = 0
154.2944 	EXP 	img: autoDraw = True
154.2944 	EXP 	Instructions: autoDraw = True
154.2944 	EXP 	RBGInfo: autoDraw = True
154.2944 	EXP 	R: autoDraw = True
154.2944 	EXP 	G: autoDraw = True
154.2944 	EXP 	B: autoDraw = True
163.1640 	DATA 	Mouse: Left button down, pos=(1617,580)
163.1764 	EXP 	img: autoDraw = False
163.1764 	EXP 	Instructions: autoDraw = False
163.1764 	EXP 	RBGInfo: autoDraw = False
163.1764 	EXP 	R: autoDraw = False
163.1764 	EXP 	G: autoDraw = False
163.1764 	EXP 	B: autoDraw = False
163.1764 	EXP 	text_8: autoDraw = True
163.3454 	DATA 	Mouse:  Left button up, pos=(1617,580)
163.5419 	EXP 	text_8: autoDraw = False
163.5419 	EXP 	text_8: autoDraw = False
163.5419 	EXP 	slider: markerPos = None
163.5419 	EXP 	slider: markerPos = 1
163.5419 	EXP 	slider: autoDraw = True
163.5419 	EXP 	text_9: autoDraw = True
163.5419 	EXP 	text_answer: autoDraw = True
164.5468 	DATA 	Mouse: Left button down, pos=(1415,577)
164.5757 	EXP 	slider: markerPos = np.float64(5.02)
164.5955 	EXP 	slider: markerPos = np.float64(5.02)
164.6251 	EXP 	slider: markerPos = np.float64(5.02)
164.6448 	EXP 	slider: markerPos = np.float64(5.02)
164.6751 	EXP 	slider: markerPos = np.float64(5.02)
164.6952 	EXP 	slider: markerPos = np.float64(5.02)
164.7256 	EXP 	slider: markerPos = np.float64(5.02)
164.7448 	EXP 	slider: markerPos = np.float64(5.02)
164.7755 	EXP 	slider: markerPos = np.float64(5.02)
164.7765 	DATA 	Mouse:  Left button up, pos=(1415,577)
164.7949 	EXP 	slider: markerPos = 5.0
166.1195 	DATA 	Mouse: Left button down, pos=(1030,257)
166.1629 	EXP 	slider: autoDraw = False
166.1629 	EXP 	text_9: autoDraw = False
166.1629 	EXP 	text_answer: autoDraw = False
166.1629 	EXP 	text_8: autoDraw = True
166.3450 	DATA 	Mouse:  Left button up, pos=(1030,257)
166.5251 	INFO 	Keyboard events cleared
166.5250 	EXP 	text_8: autoDraw = False
166.5250 	EXP 	corrColor_2: height = np.float64(56.0)
166.5250 	EXP 	corrColor_2: height = np.float64(56.0)
166.5250 	EXP 	corrColor_2: height = np.float64(56.0)
166.5250 	EXP 	corrColor_2: text = 'Yellow'
166.5250 	EXP 	R_2: height = np.float64(42.0)
166.5250 	EXP 	R_2: height = np.float64(42.0)
166.5250 	EXP 	R_2: height = np.float64(42.0)
166.5250 	EXP 	R_2: text = 96
166.5250 	EXP 	G_2: height = np.float64(42.0)
166.5250 	EXP 	G_2: height = np.float64(42.0)
166.5250 	EXP 	G_2: height = np.float64(42.0)
166.5250 	EXP 	G_2: text = 100
166.5250 	EXP 	B_2: height = np.float64(42.0)
166.5250 	EXP 	B_2: height = np.float64(42.0)
166.5250 	EXP 	B_2: height = np.float64(42.0)
166.5250 	EXP 	B_2: text = 0
166.5250 	EXP 	correctAnswer: autoDraw = True
166.5250 	EXP 	RBGInfo_2: autoDraw = True
166.5250 	EXP 	R_2: autoDraw = True
166.5250 	EXP 	G_2: autoDraw = True
166.5250 	EXP 	B_2: autoDraw = True
167.0623 	DATA 	Mouse: Left button down, pos=(1030,257)
167.0780 	EXP 	correctAnswer: autoDraw = False
167.0780 	EXP 	wrongAnswer: autoDraw = False
167.0780 	EXP 	corrColor_2: autoDraw = False
167.0780 	EXP 	RBGInfo_2: autoDraw = False
167.0780 	EXP 	R_2: autoDraw = False
167.0780 	EXP 	G_2: autoDraw = False
167.0780 	EXP 	B_2: autoDraw = False
167.0780 	EXP 	text_11: autoDraw = True
167.2964 	DATA 	Mouse:  Left button up, pos=(1030,257)
167.4146 	EXP 	New trial (rep=0, index=4): <Trial 4 (4 in rep 0) data={'folder': 'Demo', 'image': 'DemoLime-green.jpg', 'logical': True, 'corrColor': 'Lime-green', 'corrR': 60, 'corrG': 100, 'corrB': 0, 'image_path': 'Demo/DemoLime-green_0.png', 'thisN': 4, 'thisTrialN': 4, 'thisRepN': 0}>
167.5107 	EXP 	text_11: autoDraw = False
167.5107 	EXP 	text_11: autoDraw = False
167.5107 	EXP 	img: foreColor = <psychopy.colors.Color: white, alpha=1.0>
167.5107 	EXP 	img: ori = np.float64(0.0)
167.5107 	EXP 	Instructions: text = 'Click the spacebar to shuffle through the filters to recognize the color.\nPress the button of the color you think it corresponds to.'
167.5107 	EXP 	R: height = np.float64(42.0)
167.5107 	EXP 	R: height = np.float64(42.0)
167.5107 	EXP 	R: height = np.float64(42.0)
167.5107 	EXP 	R: text = 60
167.5107 	EXP 	G: height = np.float64(42.0)
167.5107 	EXP 	G: height = np.float64(42.0)
167.5107 	EXP 	G: height = np.float64(42.0)
167.5107 	EXP 	G: text = 100
167.5107 	EXP 	B: height = np.float64(42.0)
167.5107 	EXP 	B: height = np.float64(42.0)
167.5107 	EXP 	B: height = np.float64(42.0)
167.5107 	EXP 	B: text = 0
167.5107 	EXP 	img: autoDraw = True
167.5107 	EXP 	Instructions: autoDraw = True
167.5107 	EXP 	RBGInfo: autoDraw = True
167.5107 	EXP 	R: autoDraw = True
167.5107 	EXP 	G: autoDraw = True
167.5107 	EXP 	B: autoDraw = True
180.5098 	DATA 	Mouse: Left button down, pos=(1636,765)
180.5263 	EXP 	img: autoDraw = False
180.5263 	EXP 	Instructions: autoDraw = False
180.5263 	EXP 	RBGInfo: autoDraw = False
180.5263 	EXP 	R: autoDraw = False
180.5263 	EXP 	G: autoDraw = False
180.5263 	EXP 	B: autoDraw = False
180.5263 	EXP 	text_8: autoDraw = True
180.6787 	DATA 	Mouse:  Left button up, pos=(1636,765)
180.8914 	EXP 	text_8: autoDraw = False
180.8914 	EXP 	text_8: autoDraw = False
180.8914 	EXP 	slider: markerPos = None
180.8914 	EXP 	slider: markerPos = 1
180.8914 	EXP 	slider: autoDraw = True
180.8914 	EXP 	text_9: autoDraw = True
180.8914 	EXP 	text_answer: autoDraw = True
181.8279 	DATA 	Mouse: Left button down, pos=(1369,630)
181.8578 	EXP 	slider: markerPos = np.float64(4.836)
181.8774 	EXP 	slider: markerPos = np.float64(4.836)
181.9077 	EXP 	slider: markerPos = np.float64(4.836)
181.9274 	EXP 	slider: markerPos = np.float64(4.836)
181.9435 	EXP 	slider: markerPos = np.float64(4.836)
181.9607 	EXP 	slider: markerPos = np.float64(4.836)
181.9911 	EXP 	slider: markerPos = np.float64(4.836)
182.0108 	EXP 	slider: markerPos = np.float64(4.836)
182.0414 	EXP 	slider: markerPos = np.float64(4.836)
182.0517 	DATA 	Mouse:  Left button up, pos=(1369,630)
182.0607 	EXP 	slider: markerPos = np.float64(4.836)
182.0768 	EXP 	slider: markerPos = 5.0
182.8951 	DATA 	Mouse: Left button down, pos=(1029,311)
183.1042 	DATA 	Mouse:  Left button up, pos=(1029,311)
183.7954 	DATA 	Mouse: Left button down, pos=(1024,270)
183.8099 	EXP 	slider: autoDraw = False
183.8099 	EXP 	text_9: autoDraw = False
183.8099 	EXP 	text_answer: autoDraw = False
183.8099 	EXP 	text_8: autoDraw = True
184.0120 	DATA 	Mouse:  Left button up, pos=(1024,270)
184.1743 	INFO 	Keyboard events cleared
184.1742 	EXP 	text_8: autoDraw = False
184.1742 	EXP 	text_8: autoDraw = False
184.1742 	EXP 	corrColor_2: height = np.float64(56.0)
184.1742 	EXP 	corrColor_2: height = np.float64(56.0)
184.1742 	EXP 	corrColor_2: height = np.float64(56.0)
184.1742 	EXP 	corrColor_2: text = 'Lime-green'
184.1742 	EXP 	R_2: height = np.float64(42.0)
184.1742 	EXP 	R_2: height = np.float64(42.0)
184.1742 	EXP 	R_2: height = np.float64(42.0)
184.1742 	EXP 	R_2: text = 60
184.1742 	EXP 	G_2: height = np.float64(42.0)
184.1742 	EXP 	G_2: height = np.float64(42.0)
184.1742 	EXP 	G_2: height = np.float64(42.0)
184.1742 	EXP 	G_2: text = 100
184.1742 	EXP 	B_2: height = np.float64(42.0)
184.1742 	EXP 	B_2: height = np.float64(42.0)
184.1742 	EXP 	B_2: height = np.float64(42.0)
184.1742 	EXP 	B_2: text = 0
184.1742 	EXP 	correctAnswer: autoDraw = True
184.1742 	EXP 	RBGInfo_2: autoDraw = True
184.1742 	EXP 	R_2: autoDraw = True
184.1742 	EXP 	G_2: autoDraw = True
184.1742 	EXP 	B_2: autoDraw = True
184.8135 	DATA 	Mouse: Left button down, pos=(1024,270)
184.8433 	EXP 	correctAnswer: autoDraw = False
184.8433 	EXP 	wrongAnswer: autoDraw = False
184.8433 	EXP 	corrColor_2: autoDraw = False
184.8433 	EXP 	RBGInfo_2: autoDraw = False
184.8433 	EXP 	R_2: autoDraw = False
184.8433 	EXP 	G_2: autoDraw = False
184.8433 	EXP 	B_2: autoDraw = False
184.8433 	EXP 	text_11: autoDraw = True
185.0444 	DATA 	Mouse:  Left button up, pos=(1024,270)
185.1771 	EXP 	New trial (rep=0, index=5): <Trial 5 (5 in rep 0) data={'folder': 'Demo', 'image': 'DemoGreen.jpg', 'logical': True, 'corrColor': 'Green', 'corrR': 0, 'corrG': 98, 'corrB': 5, 'image_path': 'Demo/DemoGreen_0.png', 'thisN': 5, 'thisTrialN': 5, 'thisRepN': 0}>
185.2767 	EXP 	text_11: autoDraw = False
185.2767 	EXP 	text_11: autoDraw = False
185.2767 	EXP 	img: foreColor = <psychopy.colors.Color: white, alpha=1.0>
185.2767 	EXP 	img: ori = np.float64(0.0)
185.2767 	EXP 	Instructions: text = 'Click the spacebar to shuffle through the filters to recognize the color.\nPress the button of the color you think it corresponds to.'
185.2767 	EXP 	R: height = np.float64(42.0)
185.2767 	EXP 	R: height = np.float64(42.0)
185.2767 	EXP 	R: height = np.float64(42.0)
185.2767 	EXP 	R: text = 0
185.2767 	EXP 	G: height = np.float64(42.0)
185.2767 	EXP 	G: height = np.float64(42.0)
185.2767 	EXP 	G: height = np.float64(42.0)
185.2767 	EXP 	G: text = 98
185.2767 	EXP 	B: height = np.float64(42.0)
185.2767 	EXP 	B: height = np.float64(42.0)
185.2767 	EXP 	B: height = np.float64(42.0)
185.2767 	EXP 	B: text = 5
185.2767 	EXP 	img: autoDraw = True
185.2767 	EXP 	Instructions: autoDraw = True
185.2767 	EXP 	RBGInfo: autoDraw = True
185.2767 	EXP 	R: autoDraw = True
185.2767 	EXP 	G: autoDraw = True
185.2767 	EXP 	B: autoDraw = True
193.6505 	DATA 	Mouse: Left button down, pos=(1589,401)
193.6592 	EXP 	img: autoDraw = False
193.6592 	EXP 	Instructions: autoDraw = False
193.6592 	EXP 	RBGInfo: autoDraw = False
193.6592 	EXP 	R: autoDraw = False
193.6592 	EXP 	G: autoDraw = False
193.6592 	EXP 	B: autoDraw = False
193.6592 	EXP 	text_8: autoDraw = True
193.8463 	DATA 	Mouse:  Left button up, pos=(1589,401)
194.0242 	EXP 	text_8: autoDraw = False
194.0242 	EXP 	text_8: autoDraw = False
194.0242 	EXP 	slider: markerPos = None
194.0242 	EXP 	slider: markerPos = 1
194.0242 	EXP 	slider: autoDraw = True
194.0242 	EXP 	text_9: autoDraw = True
194.0242 	EXP 	text_answer: autoDraw = True
195.1861 	DATA 	Mouse: Left button down, pos=(1390,577)
195.2271 	EXP 	slider: markerPos = np.float64(4.92)
195.2575 	EXP 	slider: markerPos = np.float64(4.92)
195.2769 	EXP 	slider: markerPos = np.float64(4.92)
195.2930 	EXP 	slider: markerPos = np.float64(4.92)
195.3101 	EXP 	slider: markerPos = np.float64(4.92)
195.3264 	EXP 	slider: markerPos = np.float64(4.92)
195.3449 	EXP 	slider: markerPos = np.float64(4.92)
195.3745 	EXP 	slider: markerPos = np.float64(4.92)
195.3935 	EXP 	slider: markerPos = np.float64(4.92)
195.4097 	EXP 	slider: markerPos = np.float64(4.92)
195.4103 	DATA 	Mouse:  Left button up, pos=(1390,577)
195.4269 	EXP 	slider: markerPos = 5.0
196.3024 	DATA 	Mouse: Left button down, pos=(991,237)
196.3438 	EXP 	slider: autoDraw = False
196.3438 	EXP 	text_9: autoDraw = False
196.3438 	EXP 	text_answer: autoDraw = False
196.3438 	EXP 	text_8: autoDraw = True
196.5266 	DATA 	Mouse:  Left button up, pos=(991,237)
196.7071 	INFO 	Keyboard events cleared
196.7070 	EXP 	text_8: autoDraw = False
196.7070 	EXP 	corrColor_2: height = np.float64(56.0)
196.7070 	EXP 	corrColor_2: height = np.float64(56.0)
196.7070 	EXP 	corrColor_2: height = np.float64(56.0)
196.7070 	EXP 	corrColor_2: text = 'Green'
196.7070 	EXP 	R_2: height = np.float64(42.0)
196.7070 	EXP 	R_2: height = np.float64(42.0)
196.7070 	EXP 	R_2: height = np.float64(42.0)
196.7070 	EXP 	R_2: text = 0
196.7070 	EXP 	G_2: height = np.float64(42.0)
196.7070 	EXP 	G_2: height = np.float64(42.0)
196.7070 	EXP 	G_2: height = np.float64(42.0)
196.7070 	EXP 	G_2: text = 98
196.7070 	EXP 	B_2: height = np.float64(42.0)
196.7070 	EXP 	B_2: height = np.float64(42.0)
196.7070 	EXP 	B_2: height = np.float64(42.0)
196.7070 	EXP 	B_2: text = 5
196.7070 	EXP 	correctAnswer: autoDraw = True
196.7070 	EXP 	RBGInfo_2: autoDraw = True
196.7070 	EXP 	R_2: autoDraw = True
196.7070 	EXP 	G_2: autoDraw = True
196.7070 	EXP 	B_2: autoDraw = True
197.2284 	DATA 	Mouse: Left button down, pos=(991,237)
197.2426 	EXP 	correctAnswer: autoDraw = False
197.2426 	EXP 	wrongAnswer: autoDraw = False
197.2426 	EXP 	corrColor_2: autoDraw = False
197.2426 	EXP 	RBGInfo_2: autoDraw = False
197.2426 	EXP 	R_2: autoDraw = False
197.2426 	EXP 	G_2: autoDraw = False
197.2426 	EXP 	B_2: autoDraw = False
197.2426 	EXP 	text_11: autoDraw = True
197.4444 	DATA 	Mouse:  Left button up, pos=(991,237)
197.5766 	EXP 	New trial (rep=0, index=6): <Trial 6 (6 in rep 0) data={'folder': 'Demo', 'image': 'DemoSeafoam.jpg', 'logical': True, 'corrColor': 'Seafoam', 'corrR': 0, 'corrG': 100, 'corrB': 60, 'image_path': 'Demo/DemoSeafoam_0.png', 'thisN': 6, 'thisTrialN': 6, 'thisRepN': 0}>
197.6761 	EXP 	text_11: autoDraw = False
197.6761 	EXP 	text_11: autoDraw = False
197.6761 	EXP 	img: foreColor = <psychopy.colors.Color: white, alpha=1.0>
197.6761 	EXP 	img: ori = np.float64(0.0)
197.6761 	EXP 	Instructions: text = 'Click the spacebar to shuffle through the filters to recognize the color.\nPress the button of the color you think it corresponds to.'
197.6761 	EXP 	R: height = np.float64(42.0)
197.6761 	EXP 	R: height = np.float64(42.0)
197.6761 	EXP 	R: height = np.float64(42.0)
197.6761 	EXP 	R: text = 0
197.6761 	EXP 	G: height = np.float64(42.0)
197.6761 	EXP 	G: height = np.float64(42.0)
197.6761 	EXP 	G: height = np.float64(42.0)
197.6761 	EXP 	G: text = 100
197.6761 	EXP 	B: height = np.float64(42.0)
197.6761 	EXP 	B: height = np.float64(42.0)
197.6761 	EXP 	B: height = np.float64(42.0)
197.6761 	EXP 	B: text = 60
197.6761 	EXP 	img: autoDraw = True
197.6761 	EXP 	Instructions: autoDraw = True
197.6761 	EXP 	RBGInfo: autoDraw = True
197.6761 	EXP 	R: autoDraw = True
197.6761 	EXP 	G: autoDraw = True
197.6761 	EXP 	B: autoDraw = True
205.0929 	DATA 	Keypress: space
205.0937 	EXP 	Device response: <KeyPress from None: t=205.0717073000269, value=space, duration=None>
205.2908 	EXP 	Device response: <KeyPress from None: t=205.0717073000269, value=space, duration=0.1702150999335572>
205.9706 	DATA 	Keypress: space
205.9718 	EXP 	Device response: <KeyPress from None: t=205.9689861999359, value=space, duration=None>
206.1624 	EXP 	Device response: <KeyPress from None: t=205.9689861999359, value=space, duration=0.1886235000565648>
206.5758 	DATA 	Keypress: space
206.5765 	EXP 	Device response: <KeyPress from None: t=206.5330126999179, value=space, duration=None>
206.7735 	EXP 	Device response: <KeyPress from None: t=206.5330126999179, value=space, duration=0.17946180002763867>
233.9031 	DATA 	Mouse: Left button down, pos=(1606,880)
233.9242 	EXP 	img: autoDraw = False
233.9242 	EXP 	Instructions: autoDraw = False
233.9242 	EXP 	RBGInfo: autoDraw = False
233.9242 	EXP 	R: autoDraw = False
233.9242 	EXP 	G: autoDraw = False
233.9242 	EXP 	B: autoDraw = False
233.9242 	EXP 	text_8: autoDraw = True
234.0759 	DATA 	Mouse:  Left button up, pos=(1606,880)
234.2893 	EXP 	text_8: autoDraw = False
234.2893 	EXP 	slider: markerPos = None
234.2893 	EXP 	slider: markerPos = 1
234.2893 	EXP 	slider: autoDraw = True
234.2893 	EXP 	text_9: autoDraw = True
234.2893 	EXP 	text_answer: autoDraw = True
236.3783 	DATA 	Mouse: Left button down, pos=(1122,590)
236.4059 	EXP 	slider: markerPos = np.float64(3.848)
236.4253 	EXP 	slider: markerPos = np.float64(3.848)
236.4560 	EXP 	slider: markerPos = np.float64(3.848)
236.4755 	EXP 	slider: markerPos = np.float64(3.848)
236.5058 	EXP 	slider: markerPos = np.float64(3.848)
236.5396 	EXP 	slider: markerPos = np.float64(3.848)
236.5723 	EXP 	slider: markerPos = np.float64(3.848)
236.5922 	EXP 	slider: markerPos = np.float64(3.848)
236.5934 	DATA 	Mouse:  Left button up, pos=(1122,590)
236.6224 	EXP 	slider: markerPos = 4.0
238.6675 	DATA 	Mouse: Left button down, pos=(1068,260)
238.7083 	EXP 	slider: autoDraw = False
238.7083 	EXP 	text_9: autoDraw = False
238.7083 	EXP 	text_answer: autoDraw = False
238.7083 	EXP 	text_8: autoDraw = True
238.8931 	DATA 	Mouse:  Left button up, pos=(1068,260)
239.0724 	INFO 	Keyboard events cleared
239.0723 	EXP 	text_8: autoDraw = False
239.0723 	EXP 	corrColor_2: height = np.float64(56.0)
239.0723 	EXP 	corrColor_2: height = np.float64(56.0)
239.0723 	EXP 	corrColor_2: height = np.float64(56.0)
239.0723 	EXP 	corrColor_2: text = 'Seafoam'
239.0723 	EXP 	R_2: height = np.float64(42.0)
239.0723 	EXP 	R_2: height = np.float64(42.0)
239.0723 	EXP 	R_2: height = np.float64(42.0)
239.0723 	EXP 	R_2: text = 0
239.0723 	EXP 	G_2: height = np.float64(42.0)
239.0723 	EXP 	G_2: height = np.float64(42.0)
239.0723 	EXP 	G_2: height = np.float64(42.0)
239.0723 	EXP 	G_2: text = 100
239.0723 	EXP 	B_2: height = np.float64(42.0)
239.0723 	EXP 	B_2: height = np.float64(42.0)
239.0723 	EXP 	B_2: height = np.float64(42.0)
239.0723 	EXP 	B_2: text = 60
239.0723 	EXP 	correctAnswer: autoDraw = True
239.0723 	EXP 	RBGInfo_2: autoDraw = True
239.0723 	EXP 	R_2: autoDraw = True
239.0723 	EXP 	G_2: autoDraw = True
239.0723 	EXP 	B_2: autoDraw = True
239.6424 	DATA 	Mouse: Left button down, pos=(1068,260)
239.6584 	EXP 	correctAnswer: autoDraw = False
239.6584 	EXP 	wrongAnswer: autoDraw = False
239.6584 	EXP 	corrColor_2: autoDraw = False
239.6584 	EXP 	RBGInfo_2: autoDraw = False
239.6584 	EXP 	R_2: autoDraw = False
239.6584 	EXP 	G_2: autoDraw = False
239.6584 	EXP 	B_2: autoDraw = False
239.6584 	EXP 	text_11: autoDraw = True
239.8597 	DATA 	Mouse:  Left button up, pos=(1068,260)
239.9933 	EXP 	New trial (rep=0, index=7): <Trial 7 (7 in rep 0) data={'folder': 'Demo', 'image': 'DemoCyan.jpg', 'logical': True, 'corrColor': 'Cyan', 'corrR': 1, 'corrG': 100, 'corrB': 92, 'image_path': 'Demo/DemoCyan_0.png', 'thisN': 7, 'thisTrialN': 7, 'thisRepN': 0}>
240.0746 	EXP 	text_11: autoDraw = False
240.0746 	EXP 	text_11: autoDraw = False
240.0746 	EXP 	img: foreColor = <psychopy.colors.Color: white, alpha=1.0>
240.0746 	EXP 	img: ori = np.float64(0.0)
240.0746 	EXP 	Instructions: text = 'Click the spacebar to shuffle through the filters to recognize the color.\nPress the button of the color you think it corresponds to.'
240.0746 	EXP 	R: height = np.float64(42.0)
240.0746 	EXP 	R: height = np.float64(42.0)
240.0746 	EXP 	R: height = np.float64(42.0)
240.0746 	EXP 	R: text = 1
240.0746 	EXP 	G: height = np.float64(42.0)
240.0746 	EXP 	G: height = np.float64(42.0)
240.0746 	EXP 	G: height = np.float64(42.0)
240.0746 	EXP 	G: text = 100
240.0746 	EXP 	B: height = np.float64(42.0)
240.0746 	EXP 	B: height = np.float64(42.0)
240.0746 	EXP 	B: height = np.float64(42.0)
240.0746 	EXP 	B: text = 92
240.0746 	EXP 	img: autoDraw = True
240.0746 	EXP 	Instructions: autoDraw = True
240.0746 	EXP 	RBGInfo: autoDraw = True
240.0746 	EXP 	R: autoDraw = True
240.0746 	EXP 	G: autoDraw = True
240.0746 	EXP 	B: autoDraw = True
242.9081 	DATA 	Keypress: space
242.9085 	EXP 	Device response: <KeyPress from None: t=242.85475349996705, value=space, duration=None>
243.0043 	EXP 	Device response: <KeyPress from None: t=242.85475349996705, value=space, duration=0.14320920000318438>
243.3833 	DATA 	Keypress: space
243.3840 	EXP 	Device response: <KeyPress from None: t=243.32026189996395, value=space, duration=None>
243.4888 	EXP 	Device response: <KeyPress from None: t=243.32026189996395, value=space, duration=0.16153909999411553>
243.9874 	DATA 	Keypress: space
243.9880 	EXP 	Device response: <KeyPress from None: t=243.9674112999346, value=space, duration=None>
244.1962 	EXP 	Device response: <KeyPress from None: t=243.9674112999346, value=space, duration=0.13382940005976707>
272.7271 	DATA 	Mouse: Left button down, pos=(1627,450)
272.7400 	EXP 	img: autoDraw = False
272.7400 	EXP 	Instructions: autoDraw = False
272.7400 	EXP 	RBGInfo: autoDraw = False
272.7400 	EXP 	R: autoDraw = False
272.7400 	EXP 	G: autoDraw = False
272.7400 	EXP 	B: autoDraw = False
272.7400 	EXP 	text_8: autoDraw = True
272.8927 	DATA 	Mouse:  Left button up, pos=(1627,450)
273.1048 	EXP 	text_8: autoDraw = False
273.1048 	EXP 	text_8: autoDraw = False
273.1048 	EXP 	slider: markerPos = None
273.1048 	EXP 	slider: markerPos = 1
273.1048 	EXP 	slider: autoDraw = True
273.1048 	EXP 	text_9: autoDraw = True
273.1048 	EXP 	text_answer: autoDraw = True
274.5390 	DATA 	Mouse: Left button down, pos=(1369,548)
274.5574 	EXP 	slider: markerPos = np.float64(4.836)
274.5746 	EXP 	slider: markerPos = np.float64(4.836)
274.6048 	EXP 	slider: markerPos = np.float64(4.836)
274.6241 	EXP 	slider: markerPos = np.float64(4.836)
274.6546 	EXP 	slider: markerPos = np.float64(4.836)
274.6740 	EXP 	slider: markerPos = np.float64(4.836)
274.7042 	EXP 	slider: markerPos = np.float64(4.836)
274.7238 	EXP 	slider: markerPos = np.float64(4.836)
274.7400 	EXP 	slider: markerPos = np.float64(4.836)
274.7572 	EXP 	slider: markerPos = np.float64(4.836)
274.7581 	DATA 	Mouse:  Left button up, pos=(1369,548)
274.7735 	EXP 	slider: markerPos = 5.0
277.3168 	DATA 	Mouse: Left button down, pos=(985,266)
277.3570 	EXP 	slider: autoDraw = False
277.3570 	EXP 	text_9: autoDraw = False
277.3570 	EXP 	text_answer: autoDraw = False
277.3570 	EXP 	text_8: autoDraw = True
277.5414 	DATA 	Mouse:  Left button up, pos=(985,266)
277.7209 	INFO 	Keyboard events cleared
277.7208 	EXP 	text_8: autoDraw = False
277.7208 	EXP 	corrColor_2: height = np.float64(56.0)
277.7208 	EXP 	corrColor_2: height = np.float64(56.0)
277.7208 	EXP 	corrColor_2: height = np.float64(56.0)
277.7208 	EXP 	corrColor_2: text = 'Cyan'
277.7208 	EXP 	R_2: height = np.float64(42.0)
277.7208 	EXP 	R_2: height = np.float64(42.0)
277.7208 	EXP 	R_2: height = np.float64(42.0)
277.7208 	EXP 	R_2: text = 1
277.7208 	EXP 	G_2: height = np.float64(42.0)
277.7208 	EXP 	G_2: height = np.float64(42.0)
277.7208 	EXP 	G_2: height = np.float64(42.0)
277.7208 	EXP 	G_2: text = 100
277.7208 	EXP 	B_2: height = np.float64(42.0)
277.7208 	EXP 	B_2: height = np.float64(42.0)
277.7208 	EXP 	B_2: height = np.float64(42.0)
277.7208 	EXP 	B_2: text = 92
277.7208 	EXP 	correctAnswer: autoDraw = True
277.7208 	EXP 	RBGInfo_2: autoDraw = True
277.7208 	EXP 	R_2: autoDraw = True
277.7208 	EXP 	G_2: autoDraw = True
277.7208 	EXP 	B_2: autoDraw = True
279.2917 	DATA 	Mouse: Left button down, pos=(985,266)
279.3063 	EXP 	correctAnswer: autoDraw = False
279.3063 	EXP 	wrongAnswer: autoDraw = False
279.3063 	EXP 	corrColor_2: autoDraw = False
279.3063 	EXP 	RBGInfo_2: autoDraw = False
279.3063 	EXP 	R_2: autoDraw = False
279.3063 	EXP 	G_2: autoDraw = False
279.3063 	EXP 	B_2: autoDraw = False
279.3063 	EXP 	text_11: autoDraw = True
279.5249 	DATA 	Mouse:  Left button up, pos=(985,266)
279.6404 	EXP 	New trial (rep=0, index=8): <Trial 8 (8 in rep 0) data={'folder': 'Demo', 'image': 'DemoTeal.jpg', 'logical': True, 'corrColor': 'Teal', 'corrR': 1, 'corrG': 51, 'corrB': 48, 'image_path': 'Demo/DemoTeal_0.png', 'thisN': 8, 'thisTrialN': 8, 'thisRepN': 0}>
279.7238 	EXP 	text_11: autoDraw = False
279.7238 	EXP 	text_11: autoDraw = False
279.7238 	EXP 	img: foreColor = <psychopy.colors.Color: white, alpha=1.0>
279.7238 	EXP 	img: ori = np.float64(0.0)
279.7238 	EXP 	Instructions: text = 'Click the spacebar to shuffle through the filters to recognize the color.\nPress the button of the color you think it corresponds to.'
279.7238 	EXP 	R: height = np.float64(42.0)
279.7238 	EXP 	R: height = np.float64(42.0)
279.7238 	EXP 	R: height = np.float64(42.0)
279.7238 	EXP 	R: text = 1
279.7238 	EXP 	G: height = np.float64(42.0)
279.7238 	EXP 	G: height = np.float64(42.0)
279.7238 	EXP 	G: height = np.float64(42.0)
279.7238 	EXP 	G: text = 51
279.7238 	EXP 	B: height = np.float64(42.0)
279.7238 	EXP 	B: height = np.float64(42.0)
279.7238 	EXP 	B: height = np.float64(42.0)
279.7238 	EXP 	B: text = 48
279.7238 	EXP 	img: autoDraw = True
279.7238 	EXP 	Instructions: autoDraw = True
279.7238 	EXP 	RBGInfo: autoDraw = True
279.7238 	EXP 	R: autoDraw = True
279.7238 	EXP 	G: autoDraw = True
279.7238 	EXP 	B: autoDraw = True
303.9972 	DATA 	Keypress: space
303.9979 	EXP 	Device response: <KeyPress from None: t=303.9548009999562, value=space, duration=None>
304.0819 	EXP 	Device response: <KeyPress from None: t=303.9548009999562, value=space, duration=0.1250251999590546>
304.4439 	DATA 	Keypress: space
304.5115 	EXP 	Device response: <KeyPress from None: t=304.4431110000005, value=space, duration=None>
304.5924 	EXP 	Device response: <KeyPress from None: t=304.4431110000005, value=space, duration=0.1159965000115335>
305.0922 	DATA 	Keypress: space
305.0928 	EXP 	Device response: <KeyPress from None: t=305.03313879994676, value=space, duration=None>
305.2566 	EXP 	Device response: <KeyPress from None: t=305.03313879994676, value=space, duration=0.15205789997708052>
322.7906 	DATA 	Mouse: Left button down, pos=(1599,1062)
322.8037 	EXP 	img: autoDraw = False
322.8037 	EXP 	Instructions: autoDraw = False
322.8037 	EXP 	RBGInfo: autoDraw = False
322.8037 	EXP 	R: autoDraw = False
322.8037 	EXP 	G: autoDraw = False
322.8037 	EXP 	B: autoDraw = False
322.8037 	EXP 	text_8: autoDraw = True
322.9721 	DATA 	Mouse:  Left button up, pos=(1599,1062)
323.1690 	EXP 	text_8: autoDraw = False
323.1690 	EXP 	text_8: autoDraw = False
323.1690 	EXP 	slider: markerPos = None
323.1690 	EXP 	slider: markerPos = 1
323.1690 	EXP 	slider: autoDraw = True
323.1690 	EXP 	text_9: autoDraw = True
323.1690 	EXP 	text_answer: autoDraw = True
325.1241 	DATA 	Mouse: Left button down, pos=(1435,614)
325.1525 	EXP 	slider: markerPos = np.float64(5.1)
325.1721 	EXP 	slider: markerPos = np.float64(5.1)
325.1882 	EXP 	slider: markerPos = np.float64(5.1)
325.2053 	EXP 	slider: markerPos = np.float64(5.1)
325.2214 	EXP 	slider: markerPos = np.float64(5.1)
325.2386 	EXP 	slider: markerPos = np.float64(5.1)
325.2549 	EXP 	slider: markerPos = np.float64(5.1)
325.2719 	EXP 	slider: markerPos = np.float64(5.1)
325.3023 	EXP 	slider: markerPos = np.float64(5.1)
325.3220 	EXP 	slider: markerPos = np.float64(5.1)
325.3381 	EXP 	slider: markerPos = np.float64(5.1)
325.3479 	DATA 	Mouse:  Left button up, pos=(1435,614)
325.3554 	EXP 	slider: markerPos = np.float64(5.1)
325.3714 	EXP 	slider: markerPos = 5.0
326.9801 	DATA 	Mouse: Left button down, pos=(984,242)
327.0225 	EXP 	slider: autoDraw = False
327.0225 	EXP 	text_9: autoDraw = False
327.0225 	EXP 	text_answer: autoDraw = False
327.0225 	EXP 	text_8: autoDraw = True
327.2052 	DATA 	Mouse:  Left button up, pos=(984,242)
327.3859 	INFO 	Keyboard events cleared
327.3857 	EXP 	text_8: autoDraw = False
327.3857 	EXP 	corrColor_2: height = np.float64(56.0)
327.3857 	EXP 	corrColor_2: height = np.float64(56.0)
327.3857 	EXP 	corrColor_2: height = np.float64(56.0)
327.3857 	EXP 	corrColor_2: text = 'Teal'
327.3857 	EXP 	R_2: height = np.float64(42.0)
327.3857 	EXP 	R_2: height = np.float64(42.0)
327.3857 	EXP 	R_2: height = np.float64(42.0)
327.3857 	EXP 	R_2: text = 1
327.3857 	EXP 	G_2: height = np.float64(42.0)
327.3857 	EXP 	G_2: height = np.float64(42.0)
327.3857 	EXP 	G_2: height = np.float64(42.0)
327.3857 	EXP 	G_2: text = 51
327.3857 	EXP 	B_2: height = np.float64(42.0)
327.3857 	EXP 	B_2: height = np.float64(42.0)
327.3857 	EXP 	B_2: height = np.float64(42.0)
327.3857 	EXP 	B_2: text = 48
327.3857 	EXP 	correctAnswer: autoDraw = True
327.3857 	EXP 	RBGInfo_2: autoDraw = True
327.3857 	EXP 	R_2: autoDraw = True
327.3857 	EXP 	G_2: autoDraw = True
327.3857 	EXP 	B_2: autoDraw = True
329.6739 	DATA 	Mouse: Left button down, pos=(984,242)
329.6877 	EXP 	correctAnswer: autoDraw = False
329.6877 	EXP 	wrongAnswer: autoDraw = False
329.6877 	EXP 	corrColor_2: autoDraw = False
329.6877 	EXP 	RBGInfo_2: autoDraw = False
329.6877 	EXP 	R_2: autoDraw = False
329.6877 	EXP 	G_2: autoDraw = False
329.6877 	EXP 	B_2: autoDraw = False
329.6877 	EXP 	text_11: autoDraw = True
329.8889 	DATA 	Mouse:  Left button up, pos=(984,242)
330.0215 	EXP 	New trial (rep=0, index=9): <Trial 9 (9 in rep 0) data={'folder': 'Demo', 'image': 'DemoBlue.jpg', 'logical': True, 'corrColor': 'Blue', 'corrR': 0, 'corrG': 0, 'corrB': 90, 'image_path': 'Demo/DemoBlue_0.png', 'thisN': 9, 'thisTrialN': 9, 'thisRepN': 0}>
330.1211 	EXP 	text_11: autoDraw = False
330.1211 	EXP 	text_11: autoDraw = False
330.1211 	EXP 	img: foreColor = <psychopy.colors.Color: white, alpha=1.0>
330.1211 	EXP 	img: ori = np.float64(0.0)
330.1211 	EXP 	Instructions: text = 'Click the spacebar to shuffle through the filters to recognize the color.\nPress the button of the color you think it corresponds to.'
330.1211 	EXP 	R: height = np.float64(42.0)
330.1211 	EXP 	R: height = np.float64(42.0)
330.1211 	EXP 	R: height = np.float64(42.0)
330.1211 	EXP 	R: text = 0
330.1211 	EXP 	G: height = np.float64(42.0)
330.1211 	EXP 	G: height = np.float64(42.0)
330.1211 	EXP 	G: height = np.float64(42.0)
330.1211 	EXP 	G: text = 0
330.1211 	EXP 	B: height = np.float64(42.0)
330.1211 	EXP 	B: height = np.float64(42.0)
330.1211 	EXP 	B: height = np.float64(42.0)
330.1211 	EXP 	B: text = 90
330.1211 	EXP 	img: autoDraw = True
330.1211 	EXP 	Instructions: autoDraw = True
330.1211 	EXP 	RBGInfo: autoDraw = True
330.1211 	EXP 	R: autoDraw = True
330.1211 	EXP 	G: autoDraw = True
330.1211 	EXP 	B: autoDraw = True
336.5451 	DATA 	Mouse: Left button down, pos=(1633,643)
336.5531 	EXP 	img: autoDraw = False
336.5531 	EXP 	Instructions: autoDraw = False
336.5531 	EXP 	RBGInfo: autoDraw = False
336.5531 	EXP 	R: autoDraw = False
336.5531 	EXP 	G: autoDraw = False
336.5531 	EXP 	B: autoDraw = False
336.5531 	EXP 	text_8: autoDraw = True
336.7390 	DATA 	Mouse:  Left button up, pos=(1633,643)
336.9191 	EXP 	text_8: autoDraw = False
336.9191 	EXP 	text_8: autoDraw = False
336.9191 	EXP 	slider: markerPos = None
336.9191 	EXP 	slider: markerPos = 1
336.9191 	EXP 	slider: autoDraw = True
336.9191 	EXP 	text_9: autoDraw = True
336.9191 	EXP 	text_answer: autoDraw = True
337.7637 	DATA 	Mouse: Left button down, pos=(1390,606)
337.8021 	EXP 	slider: markerPos = np.float64(4.92)
337.8217 	EXP 	slider: markerPos = np.float64(4.92)
337.8377 	EXP 	slider: markerPos = np.float64(4.92)
337.8548 	EXP 	slider: markerPos = np.float64(4.92)
337.8709 	EXP 	slider: markerPos = np.float64(4.92)
337.8882 	EXP 	slider: markerPos = np.float64(4.92)
337.9185 	EXP 	slider: markerPos = np.float64(4.92)
337.9382 	EXP 	slider: markerPos = np.float64(4.92)
337.9542 	EXP 	slider: markerPos = np.float64(4.92)
337.9715 	EXP 	slider: markerPos = np.float64(4.92)
337.9875 	EXP 	slider: markerPos = np.float64(4.92)
337.9974 	DATA 	Mouse:  Left button up, pos=(1390,606)
338.0048 	EXP 	slider: markerPos = np.float64(4.92)
338.0208 	EXP 	slider: markerPos = 5.0
338.7569 	DATA 	Mouse: Left button down, pos=(976,289)
338.7718 	EXP 	slider: autoDraw = False
338.7718 	EXP 	text_9: autoDraw = False
338.7718 	EXP 	text_answer: autoDraw = False
338.7718 	EXP 	text_8: autoDraw = True
338.9729 	DATA 	Mouse:  Left button up, pos=(976,289)
339.1358 	INFO 	Keyboard events cleared
339.1356 	EXP 	text_8: autoDraw = False
339.1356 	EXP 	text_8: autoDraw = False
339.1356 	EXP 	corrColor_2: height = np.float64(56.0)
339.1356 	EXP 	corrColor_2: height = np.float64(56.0)
339.1356 	EXP 	corrColor_2: height = np.float64(56.0)
339.1356 	EXP 	corrColor_2: text = 'Blue'
339.1356 	EXP 	R_2: height = np.float64(42.0)
339.1356 	EXP 	R_2: height = np.float64(42.0)
339.1356 	EXP 	R_2: height = np.float64(42.0)
339.1356 	EXP 	R_2: text = 0
339.1356 	EXP 	G_2: height = np.float64(42.0)
339.1356 	EXP 	G_2: height = np.float64(42.0)
339.1356 	EXP 	G_2: height = np.float64(42.0)
339.1356 	EXP 	G_2: text = 0
339.1356 	EXP 	B_2: height = np.float64(42.0)
339.1356 	EXP 	B_2: height = np.float64(42.0)
339.1356 	EXP 	B_2: height = np.float64(42.0)
339.1356 	EXP 	B_2: text = 90
339.1356 	EXP 	correctAnswer: autoDraw = True
339.1356 	EXP 	RBGInfo_2: autoDraw = True
339.1356 	EXP 	R_2: autoDraw = True
339.1356 	EXP 	G_2: autoDraw = True
339.1356 	EXP 	B_2: autoDraw = True
339.9721 	DATA 	Mouse: Left button down, pos=(976,289)
339.9880 	EXP 	correctAnswer: autoDraw = False
339.9880 	EXP 	wrongAnswer: autoDraw = False
339.9880 	EXP 	corrColor_2: autoDraw = False
339.9880 	EXP 	RBGInfo_2: autoDraw = False
339.9880 	EXP 	R_2: autoDraw = False
339.9880 	EXP 	G_2: autoDraw = False
339.9880 	EXP 	B_2: autoDraw = False
339.9880 	EXP 	text_11: autoDraw = True
340.2054 	DATA 	Mouse:  Left button up, pos=(976,289)
340.3224 	EXP 	New trial (rep=0, index=10): <Trial 10 (10 in rep 0) data={'folder': 'Demo', 'image': 'DemoPurple.jpg', 'logical': True, 'corrColor': 'Purple', 'corrR': 65, 'corrG': 3, 'corrB': 100, 'image_path': 'Demo/DemoPurple_0.png', 'thisN': 10, 'thisTrialN': 10, 'thisRepN': 0}>
340.4208 	EXP 	text_11: autoDraw = False
340.4208 	EXP 	text_11: autoDraw = False
340.4208 	EXP 	img: foreColor = <psychopy.colors.Color: white, alpha=1.0>
340.4208 	EXP 	img: ori = np.float64(0.0)
340.4208 	EXP 	Instructions: text = 'Click the spacebar to shuffle through the filters to recognize the color.\nPress the button of the color you think it corresponds to.'
340.4208 	EXP 	R: height = np.float64(42.0)
340.4208 	EXP 	R: height = np.float64(42.0)
340.4208 	EXP 	R: height = np.float64(42.0)
340.4208 	EXP 	R: text = 65
340.4208 	EXP 	G: height = np.float64(42.0)
340.4208 	EXP 	G: height = np.float64(42.0)
340.4208 	EXP 	G: height = np.float64(42.0)
340.4208 	EXP 	G: text = 3
340.4208 	EXP 	B: height = np.float64(42.0)
340.4208 	EXP 	B: height = np.float64(42.0)
340.4208 	EXP 	B: height = np.float64(42.0)
340.4208 	EXP 	B: text = 100
340.4208 	EXP 	img: autoDraw = True
340.4208 	EXP 	Instructions: autoDraw = True
340.4208 	EXP 	RBGInfo: autoDraw = True
340.4208 	EXP 	R: autoDraw = True
340.4208 	EXP 	G: autoDraw = True
340.4208 	EXP 	B: autoDraw = True
348.1997 	DATA 	Mouse: Left button down, pos=(1607,524)
348.2206 	EXP 	img: autoDraw = False
348.2206 	EXP 	Instructions: autoDraw = False
348.2206 	EXP 	RBGInfo: autoDraw = False
348.2206 	EXP 	R: autoDraw = False
348.2206 	EXP 	G: autoDraw = False
348.2206 	EXP 	B: autoDraw = False
348.2206 	EXP 	text_8: autoDraw = True
348.3904 	DATA 	Mouse:  Left button up, pos=(1607,524)
348.5861 	EXP 	text_8: autoDraw = False
348.5861 	EXP 	slider: markerPos = None
348.5861 	EXP 	slider: markerPos = 1
348.5861 	EXP 	slider: autoDraw = True
348.5861 	EXP 	text_9: autoDraw = True
348.5861 	EXP 	text_answer: autoDraw = True
349.4765 	DATA 	Mouse: Left button down, pos=(1425,581)
349.5024 	EXP 	slider: markerPos = np.float64(5.0600000000000005)
349.5360 	EXP 	slider: markerPos = np.float64(5.0600000000000005)
349.5556 	EXP 	slider: markerPos = np.float64(5.0600000000000005)
349.5863 	EXP 	slider: markerPos = np.float64(5.0600000000000005)
349.6189 	EXP 	slider: markerPos = np.float64(5.0600000000000005)
349.6388 	EXP 	slider: markerPos = np.float64(5.0600000000000005)
349.6691 	EXP 	slider: markerPos = np.float64(5.0600000000000005)
349.6901 	EXP 	slider: markerPos = np.float64(5.0600000000000005)
349.6923 	DATA 	Mouse:  Left button up, pos=(1425,581)
349.7196 	EXP 	slider: markerPos = 5.0
350.5208 	DATA 	Mouse: Left button down, pos=(1092,299)
350.5386 	EXP 	slider: autoDraw = False
350.5386 	EXP 	text_9: autoDraw = False
350.5386 	EXP 	text_answer: autoDraw = False
350.5386 	EXP 	text_8: autoDraw = True
350.7414 	DATA 	Mouse:  Left button up, pos=(1092,299)
350.9035 	INFO 	Keyboard events cleared
350.9033 	EXP 	text_8: autoDraw = False
350.9033 	EXP 	corrColor_2: height = np.float64(56.0)
350.9033 	EXP 	corrColor_2: height = np.float64(56.0)
350.9033 	EXP 	corrColor_2: height = np.float64(56.0)
350.9033 	EXP 	corrColor_2: text = 'Purple'
350.9033 	EXP 	R_2: height = np.float64(42.0)
350.9033 	EXP 	R_2: height = np.float64(42.0)
350.9033 	EXP 	R_2: height = np.float64(42.0)
350.9033 	EXP 	R_2: text = 65
350.9033 	EXP 	G_2: height = np.float64(42.0)
350.9033 	EXP 	G_2: height = np.float64(42.0)
350.9033 	EXP 	G_2: height = np.float64(42.0)
350.9033 	EXP 	G_2: text = 3
350.9033 	EXP 	B_2: height = np.float64(42.0)
350.9033 	EXP 	B_2: height = np.float64(42.0)
350.9033 	EXP 	B_2: height = np.float64(42.0)
350.9033 	EXP 	B_2: text = 100
350.9033 	EXP 	correctAnswer: autoDraw = True
350.9033 	EXP 	RBGInfo_2: autoDraw = True
350.9033 	EXP 	R_2: autoDraw = True
350.9033 	EXP 	G_2: autoDraw = True
350.9033 	EXP 	B_2: autoDraw = True
351.3776 	DATA 	Mouse: Left button down, pos=(1092,299)
351.4053 	EXP 	correctAnswer: autoDraw = False
351.4053 	EXP 	wrongAnswer: autoDraw = False
351.4053 	EXP 	corrColor_2: autoDraw = False
351.4053 	EXP 	RBGInfo_2: autoDraw = False
351.4053 	EXP 	R_2: autoDraw = False
351.4053 	EXP 	G_2: autoDraw = False
351.4053 	EXP 	B_2: autoDraw = False
351.4053 	EXP 	text_11: autoDraw = True
351.6082 	DATA 	Mouse:  Left button up, pos=(1092,299)
351.7412 	EXP 	New trial (rep=0, index=11): <Trial 11 (11 in rep 0) data={'folder': 'Demo', 'image': 'DemoPink.jpg', 'logical': True, 'corrColor': 'Pink', 'corrR': 100, 'corrG': 2, 'corrB': 40, 'image_path': 'Demo/DemoPink_0.png', 'thisN': 11, 'thisTrialN': 11, 'thisRepN': 0}>
351.8724 	EXP 	text_11: autoDraw = False
351.8724 	EXP 	text_11: autoDraw = False
351.8724 	EXP 	img: foreColor = <psychopy.colors.Color: white, alpha=1.0>
351.8724 	EXP 	img: ori = np.float64(0.0)
351.8724 	EXP 	Instructions: text = 'Click the spacebar to shuffle through the filters to recognize the color.\nPress the button of the color you think it corresponds to.'
351.8724 	EXP 	R: height = np.float64(42.0)
351.8724 	EXP 	R: height = np.float64(42.0)
351.8724 	EXP 	R: height = np.float64(42.0)
351.8724 	EXP 	R: text = 100
351.8724 	EXP 	G: height = np.float64(42.0)
351.8724 	EXP 	G: height = np.float64(42.0)
351.8724 	EXP 	G: height = np.float64(42.0)
351.8724 	EXP 	G: text = 2
351.8724 	EXP 	B: height = np.float64(42.0)
351.8724 	EXP 	B: height = np.float64(42.0)
351.8724 	EXP 	B: height = np.float64(42.0)
351.8724 	EXP 	B: text = 40
351.8724 	EXP 	img: autoDraw = True
351.8724 	EXP 	Instructions: autoDraw = True
351.8724 	EXP 	RBGInfo: autoDraw = True
351.8724 	EXP 	R: autoDraw = True
351.8724 	EXP 	G: autoDraw = True
351.8724 	EXP 	B: autoDraw = True
359.6268 	DATA 	Mouse: Left button down, pos=(1593,804)
359.6358 	EXP 	img: autoDraw = False
359.6358 	EXP 	Instructions: autoDraw = False
359.6358 	EXP 	RBGInfo: autoDraw = False
359.6358 	EXP 	R: autoDraw = False
359.6358 	EXP 	G: autoDraw = False
359.6358 	EXP 	B: autoDraw = False
359.6358 	EXP 	text_8: autoDraw = True
359.8210 	DATA 	Mouse:  Left button up, pos=(1593,804)
360.0013 	EXP 	text_8: autoDraw = False
360.0013 	EXP 	text_8: autoDraw = False
360.0013 	EXP 	slider: markerPos = None
360.0013 	EXP 	slider: markerPos = 1
360.0013 	EXP 	slider: autoDraw = True
360.0013 	EXP 	text_9: autoDraw = True
360.0013 	EXP 	text_answer: autoDraw = True
360.9043 	DATA 	Mouse: Left button down, pos=(1411,642)
360.9343 	EXP 	slider: markerPos = np.float64(5.004)
360.9542 	EXP 	slider: markerPos = np.float64(5.004)
360.9845 	EXP 	slider: markerPos = np.float64(5.004)
361.0040 	EXP 	slider: markerPos = np.float64(5.004)
361.0345 	EXP 	slider: markerPos = np.float64(5.004)
361.0539 	EXP 	slider: markerPos = np.float64(5.004)
361.0702 	EXP 	slider: markerPos = np.float64(5.004)
361.0874 	EXP 	slider: markerPos = np.float64(5.004)
361.1177 	EXP 	slider: markerPos = np.float64(5.004)
361.1291 	DATA 	Mouse:  Left button up, pos=(1411,642)
361.1374 	EXP 	slider: markerPos = np.float64(5.004)
361.1534 	EXP 	slider: markerPos = 5.0
362.0126 	DATA 	Mouse: Left button down, pos=(961,189)
362.2356 	DATA 	Mouse:  Left button up, pos=(961,189)
362.8804 	DATA 	Mouse: Left button down, pos=(989,237)
362.9205 	EXP 	slider: autoDraw = False
362.9205 	EXP 	text_9: autoDraw = False
362.9205 	EXP 	text_answer: autoDraw = False
362.9205 	EXP 	text_8: autoDraw = True
363.0894 	DATA 	Mouse:  Left button up, pos=(989,237)
363.2849 	INFO 	Keyboard events cleared
363.2847 	EXP 	text_8: autoDraw = False
363.2847 	EXP 	corrColor_2: height = np.float64(56.0)
363.2847 	EXP 	corrColor_2: height = np.float64(56.0)
363.2847 	EXP 	corrColor_2: height = np.float64(56.0)
363.2847 	EXP 	corrColor_2: text = 'Pink'
363.2847 	EXP 	R_2: height = np.float64(42.0)
363.2847 	EXP 	R_2: height = np.float64(42.0)
363.2847 	EXP 	R_2: height = np.float64(42.0)
363.2847 	EXP 	R_2: text = 100
363.2847 	EXP 	G_2: height = np.float64(42.0)
363.2847 	EXP 	G_2: height = np.float64(42.0)
363.2847 	EXP 	G_2: height = np.float64(42.0)
363.2847 	EXP 	G_2: text = 2
363.2847 	EXP 	B_2: height = np.float64(42.0)
363.2847 	EXP 	B_2: height = np.float64(42.0)
363.2847 	EXP 	B_2: height = np.float64(42.0)
363.2847 	EXP 	B_2: text = 40
363.2847 	EXP 	correctAnswer: autoDraw = True
363.2847 	EXP 	RBGInfo_2: autoDraw = True
363.2847 	EXP 	R_2: autoDraw = True
363.2847 	EXP 	G_2: autoDraw = True
363.2847 	EXP 	B_2: autoDraw = True
363.9232 	DATA 	Mouse: Left button down, pos=(989,237)
363.9537 	EXP 	correctAnswer: autoDraw = False
363.9537 	EXP 	wrongAnswer: autoDraw = False
363.9537 	EXP 	corrColor_2: autoDraw = False
363.9537 	EXP 	RBGInfo_2: autoDraw = False
363.9537 	EXP 	R_2: autoDraw = False
363.9537 	EXP 	G_2: autoDraw = False
363.9537 	EXP 	B_2: autoDraw = False
363.9537 	EXP 	text_11: autoDraw = True
364.1541 	DATA 	Mouse:  Left button up, pos=(989,237)
364.2872 	EXP 	New trial (rep=0, index=12): <Trial 12 (12 in rep 0) data={'folder': 'Demo', 'image': 'DemoBordeaux.jpg', 'logical': True, 'corrColor': 'Bordeaux', 'corrR': 51, 'corrG': 0, 'corrB': 15, 'image_path': 'Demo/DemoBordeaux_0.png', 'thisN': 12, 'thisTrialN': 12, 'thisRepN': 0}>
364.3866 	EXP 	text_11: autoDraw = False
364.3866 	EXP 	text_11: autoDraw = False
364.3866 	EXP 	img: foreColor = <psychopy.colors.Color: white, alpha=1.0>
364.3866 	EXP 	img: ori = np.float64(0.0)
364.3866 	EXP 	Instructions: text = 'Click the spacebar to shuffle through the filters to recognize the color.\nPress the button of the color you think it corresponds to.'
364.3866 	EXP 	R: height = np.float64(42.0)
364.3866 	EXP 	R: height = np.float64(42.0)
364.3866 	EXP 	R: height = np.float64(42.0)
364.3866 	EXP 	R: text = 51
364.3866 	EXP 	G: height = np.float64(42.0)
364.3866 	EXP 	G: height = np.float64(42.0)
364.3866 	EXP 	G: height = np.float64(42.0)
364.3866 	EXP 	G: text = 0
364.3866 	EXP 	B: height = np.float64(42.0)
364.3866 	EXP 	B: height = np.float64(42.0)
364.3866 	EXP 	B: height = np.float64(42.0)
364.3866 	EXP 	B: text = 15
364.3866 	EXP 	img: autoDraw = True
364.3866 	EXP 	Instructions: autoDraw = True
364.3866 	EXP 	RBGInfo: autoDraw = True
364.3866 	EXP 	R: autoDraw = True
364.3866 	EXP 	G: autoDraw = True
364.3866 	EXP 	B: autoDraw = True
389.4027 	DATA 	Keypress: space
389.4838 	EXP 	Device response: <KeyPress from None: t=389.4015885000117, value=space, duration=None>
389.5872 	EXP 	Device response: <KeyPress from None: t=389.4015885000117, value=space, duration=0.12433629995211959>
390.8818 	DATA 	Keypress: space
390.8823 	EXP 	Device response: <KeyPress from None: t=390.8805949999951, value=space, duration=None>
391.0853 	EXP 	Device response: <KeyPress from None: t=390.8805949999951, value=space, duration=0.15237419994082302>
391.8825 	DATA 	Keypress: space
391.8833 	EXP 	Device response: <KeyPress from None: t=391.87806269992143, value=space, duration=None>
392.0845 	EXP 	Device response: <KeyPress from None: t=391.87806269992143, value=space, duration=0.14335350005421788>
397.8016 	DATA 	Mouse: Left button down, pos=(1625,999)
397.8182 	EXP 	img: autoDraw = False
397.8182 	EXP 	Instructions: autoDraw = False
397.8182 	EXP 	RBGInfo: autoDraw = False
397.8182 	EXP 	R: autoDraw = False
397.8182 	EXP 	G: autoDraw = False
397.8182 	EXP 	B: autoDraw = False
397.8182 	EXP 	text_8: autoDraw = True
397.9534 	DATA 	Mouse:  Left button up, pos=(1625,999)
398.1831 	EXP 	text_8: autoDraw = False
398.1831 	EXP 	text_8: autoDraw = False
398.1831 	EXP 	slider: markerPos = None
398.1831 	EXP 	slider: markerPos = 1
398.1831 	EXP 	slider: autoDraw = True
398.1831 	EXP 	text_9: autoDraw = True
398.1831 	EXP 	text_answer: autoDraw = True
400.6872 	DATA 	Mouse: Left button down, pos=(1163,614)
400.7167 	EXP 	slider: markerPos = np.float64(4.0120000000000005)
400.7361 	EXP 	slider: markerPos = np.float64(4.0120000000000005)
400.7523 	EXP 	slider: markerPos = np.float64(4.0120000000000005)
400.7833 	EXP 	slider: markerPos = np.float64(4.0120000000000005)
400.8027 	EXP 	slider: markerPos = np.float64(4.0120000000000005)
400.8200 	EXP 	slider: markerPos = np.float64(4.0120000000000005)
400.8504 	EXP 	slider: markerPos = np.float64(4.0120000000000005)
400.8693 	EXP 	slider: markerPos = np.float64(4.0120000000000005)
400.8999 	EXP 	slider: markerPos = np.float64(4.0120000000000005)
400.9108 	DATA 	Mouse:  Left button up, pos=(1163,614)
400.9193 	EXP 	slider: markerPos = np.float64(4.0120000000000005)
400.9353 	EXP 	slider: markerPos = 4.0
401.6594 	DATA 	Mouse: Left button down, pos=(1006,282)
401.6857 	EXP 	slider: autoDraw = False
401.6857 	EXP 	text_9: autoDraw = False
401.6857 	EXP 	text_answer: autoDraw = False
401.6857 	EXP 	text_8: autoDraw = True
401.8862 	DATA 	Mouse:  Left button up, pos=(1006,282)
402.0494 	INFO 	Keyboard events cleared
402.0493 	EXP 	text_8: autoDraw = False
402.0493 	EXP 	text_8: autoDraw = False
402.0493 	EXP 	corrColor_2: height = np.float64(56.0)
402.0493 	EXP 	corrColor_2: height = np.float64(56.0)
402.0493 	EXP 	corrColor_2: height = np.float64(56.0)
402.0493 	EXP 	corrColor_2: text = 'Bordeaux'
402.0493 	EXP 	R_2: height = np.float64(42.0)
402.0493 	EXP 	R_2: height = np.float64(42.0)
402.0493 	EXP 	R_2: height = np.float64(42.0)
402.0493 	EXP 	R_2: text = 51
402.0493 	EXP 	G_2: height = np.float64(42.0)
402.0493 	EXP 	G_2: height = np.float64(42.0)
402.0493 	EXP 	G_2: height = np.float64(42.0)
402.0493 	EXP 	G_2: text = 0
402.0493 	EXP 	B_2: height = np.float64(42.0)
402.0493 	EXP 	B_2: height = np.float64(42.0)
402.0493 	EXP 	B_2: height = np.float64(42.0)
402.0493 	EXP 	B_2: text = 15
402.0493 	EXP 	correctAnswer: autoDraw = True
402.0493 	EXP 	RBGInfo_2: autoDraw = True
402.0493 	EXP 	R_2: autoDraw = True
402.0493 	EXP 	G_2: autoDraw = True
402.0493 	EXP 	B_2: autoDraw = True
402.4866 	DATA 	Mouse: Left button down, pos=(1006,282)
402.5021 	EXP 	correctAnswer: autoDraw = False
402.5021 	EXP 	wrongAnswer: autoDraw = False
402.5021 	EXP 	corrColor_2: autoDraw = False
402.5021 	EXP 	RBGInfo_2: autoDraw = False
402.5021 	EXP 	R_2: autoDraw = False
402.5021 	EXP 	G_2: autoDraw = False
402.5021 	EXP 	B_2: autoDraw = False
402.5021 	EXP 	text_11: autoDraw = True
402.7036 	DATA 	Mouse:  Left button up, pos=(1006,282)
402.8363 	EXP 	New trial (rep=0, index=13): <Trial 13 (13 in rep 0) data={'folder': 'Demo', 'image': 'DemoGrey.jpg', 'logical': True, 'corrColor': 'Grey', 'corrR': 51, 'corrG': 51, 'corrB': 51, 'image_path': 'Demo/DemoGrey_0.png', 'thisN': 13, 'thisTrialN': 13, 'thisRepN': 0}>
402.9186 	EXP 	text_11: autoDraw = False
402.9186 	EXP 	text_11: autoDraw = False
402.9186 	EXP 	img: foreColor = <psychopy.colors.Color: white, alpha=1.0>
402.9186 	EXP 	img: ori = np.float64(0.0)
402.9186 	EXP 	Instructions: text = 'Click the spacebar to shuffle through the filters to recognize the color.\nPress the button of the color you think it corresponds to.'
402.9186 	EXP 	R: height = np.float64(42.0)
402.9186 	EXP 	R: height = np.float64(42.0)
402.9186 	EXP 	R: height = np.float64(42.0)
402.9186 	EXP 	R: text = 51
402.9186 	EXP 	G: height = np.float64(42.0)
402.9186 	EXP 	G: height = np.float64(42.0)
402.9186 	EXP 	G: height = np.float64(42.0)
402.9186 	EXP 	G: text = 51
402.9186 	EXP 	B: height = np.float64(42.0)
402.9186 	EXP 	B: height = np.float64(42.0)
402.9186 	EXP 	B: height = np.float64(42.0)
402.9186 	EXP 	B: text = 51
402.9186 	EXP 	img: autoDraw = True
402.9186 	EXP 	Instructions: autoDraw = True
402.9186 	EXP 	RBGInfo: autoDraw = True
402.9186 	EXP 	R: autoDraw = True
402.9186 	EXP 	G: autoDraw = True
402.9186 	EXP 	B: autoDraw = True
412.7742 	DATA 	Mouse: Left button down, pos=(1604,944)
412.7843 	EXP 	img: autoDraw = False
412.7843 	EXP 	Instructions: autoDraw = False
412.7843 	EXP 	RBGInfo: autoDraw = False
412.7843 	EXP 	R: autoDraw = False
412.7843 	EXP 	G: autoDraw = False
412.7843 	EXP 	B: autoDraw = False
412.7843 	EXP 	text_8: autoDraw = True
412.9522 	DATA 	Mouse:  Left button up, pos=(1604,944)
413.1491 	EXP 	text_8: autoDraw = False
413.1491 	EXP 	text_8: autoDraw = False
413.1491 	EXP 	slider: markerPos = None
413.1491 	EXP 	slider: markerPos = 1
413.1491 	EXP 	slider: autoDraw = True
413.1491 	EXP 	text_9: autoDraw = True
413.1491 	EXP 	text_answer: autoDraw = True
414.5506 	DATA 	Mouse: Left button down, pos=(1392,585)
414.5825 	EXP 	slider: markerPos = np.float64(4.928)
414.6024 	EXP 	slider: markerPos = np.float64(4.928)
414.6327 	EXP 	slider: markerPos = np.float64(4.928)
414.7329 	EXP 	slider: markerPos = np.float64(4.928)
414.7523 	EXP 	slider: markerPos = np.float64(4.928)
414.7682 	EXP 	slider: markerPos = np.float64(4.928)
414.7696 	DATA 	Mouse:  Left button up, pos=(1392,585)
414.7994 	EXP 	slider: markerPos = 5.0
415.6111 	DATA 	Mouse: Left button down, pos=(1020,264)
415.6517 	EXP 	slider: autoDraw = False
415.6517 	EXP 	text_9: autoDraw = False
415.6517 	EXP 	text_answer: autoDraw = False
415.6517 	EXP 	text_8: autoDraw = True
415.8352 	DATA 	Mouse:  Left button up, pos=(1020,264)
416.0161 	INFO 	Keyboard events cleared
416.0160 	EXP 	text_8: autoDraw = False
416.0160 	EXP 	corrColor_2: height = np.float64(56.0)
416.0160 	EXP 	corrColor_2: height = np.float64(56.0)
416.0160 	EXP 	corrColor_2: height = np.float64(56.0)
416.0160 	EXP 	corrColor_2: text = 'Grey'
416.0160 	EXP 	R_2: height = np.float64(42.0)
416.0160 	EXP 	R_2: height = np.float64(42.0)
416.0160 	EXP 	R_2: height = np.float64(42.0)
416.0160 	EXP 	R_2: text = 51
416.0160 	EXP 	G_2: height = np.float64(42.0)
416.0160 	EXP 	G_2: height = np.float64(42.0)
416.0160 	EXP 	G_2: height = np.float64(42.0)
416.0160 	EXP 	G_2: text = 51
416.0160 	EXP 	B_2: height = np.float64(42.0)
416.0160 	EXP 	B_2: height = np.float64(42.0)
416.0160 	EXP 	B_2: height = np.float64(42.0)
416.0160 	EXP 	B_2: text = 51
416.0160 	EXP 	correctAnswer: autoDraw = True
416.0160 	EXP 	RBGInfo_2: autoDraw = True
416.0160 	EXP 	R_2: autoDraw = True
416.0160 	EXP 	G_2: autoDraw = True
416.0160 	EXP 	B_2: autoDraw = True
416.5365 	DATA 	Mouse: Left button down, pos=(1020,264)
416.5517 	EXP 	correctAnswer: autoDraw = False
416.5517 	EXP 	wrongAnswer: autoDraw = False
416.5517 	EXP 	corrColor_2: autoDraw = False
416.5517 	EXP 	RBGInfo_2: autoDraw = False
416.5517 	EXP 	R_2: autoDraw = False
416.5517 	EXP 	G_2: autoDraw = False
416.5517 	EXP 	B_2: autoDraw = False
416.5517 	EXP 	text_11: autoDraw = True
416.7699 	DATA 	Mouse:  Left button up, pos=(1020,264)
416.9159 	EXP 	text_11: autoDraw = False
416.9159 	EXP 	text_11: autoDraw = False
416.9159 	EXP 	GoodJob: height = np.float64(50.0)
416.9159 	EXP 	GoodJob: height = np.float64(50.0)
416.9159 	EXP 	GoodJob: height = np.float64(50.0)
416.9159 	EXP 	GoodJob: text = 'Good job!\n\nThe experiment will now close.\n\nThank you.'
416.9159 	EXP 	GoodJob: autoDraw = True
419.9009 	EXP 	GoodJob: autoDraw = False
419.9010 	EXP 	ExpDemo3: status = STOPPED
419.9207 	INFO 	saved data to 'C:\\Users\\lille\\NewOneDrive\\OneDrive\\Emilie\\MasterThesisProject\\data\\001_ExpDemo3_2026-04-09_21h55.17.834.csv'
419.9226 	INFO 	saved data to C:\Users\lille\NewOneDrive\OneDrive\Emilie\MasterThesisProject\data\001_ExpDemo3_2026-04-09_21h55.17.834.psydat
420.2823 	WARNING 	Stopping key buffers but this could be dangerous ifother keyboards rely on the same.
