86.3420 	INFO 	Loaded monitor calibration from ['2026_03_13 16:59']
88.3983 	INFO 	Using renderer 'Intel(R) Graphics' for graphics
88.3983 	INFO 	OpenGL version supported by driver is 4..
88.5030 	EXP 	Created window1 = Window(allowGUI=True, allowStencil=False, autoLog=True, backendConf=UNKNOWN, backgroundFit=<method-wrapper '__getattribute__' of attributeSetter object at 0x000002700CF1B700>, backgroundImage=<method-wrapper '__getattribute__' of attributeSetter object at 0x000002700CF1B6A0>, bitsMode=UNKNOWN, blendMode='avg', bpc=(8, 8, 8), color=array([0, 0, 0]), colorSpace='rgb', depthBits=8, fullscr=False, gamma=None, gammaErrorPolicy='raise', infoMsg=UNKNOWN, lms=UNKNOWN, monitor=<psychopy.monitors.calibTools.Monitor object at 0x000002700593ABF0>, multiSample=False, name='window1', numSamples=2, pos=[np.float64(0.0), np.float64(0.0)], screen=0, size=array([1920, 1200]), stencilBits=0, stereo=False, title='PsychoPy', units='height', useFBO=True, useRetina=False, viewOri=0.0, viewPos=None, viewScale=None, waitBlanking=True, winType='pyglet')
88.5031 	EXP 	window1: backgroundImage = ''
88.5031 	EXP 	window1: backgroundFit = 'none'
89.2656 	EXP 	window1: Attempting to measure frame rate of screen (0) ...
89.2657 	EXP 	window1: recordFrameIntervals = False
89.4734 	EXP 	window1: recordFrameIntervals = True
91.1404 	EXP 	window1: recordFrameIntervals = False
91.1404 	EXP 	Screen (0) actual frame rate measured at 59.46Hz
91.2402 	INFO 	keyboard.Keyboard is using ptb backend.
91.2403 	EXP 	ExpDemo3: status = STARTED
91.8310 	EXP 	Created Welcome_info = TextStim(__class__=<class 'psychopy.visual.text.TextStim'>, alignHoriz=method-wrapper(...), alignText='center', alignVert=method-wrapper(...), anchorHoriz='center', anchorVert='center', antialias=True, autoDraw=False, autoLog=True, bold=False, color=array([-1., -1., -1.]), colorSpace='rgb', contrast=1.0, depth=0.0, draggable=False, flipHoriz=False, flipVert=False, font='Arial', fontFiles=[], height=np.float64(42.0), italic=False, languageStyle='LTR', name='Welcome_info', opacity=1, ori=0.0, pos=array([0., 0.]), rgb=UNKNOWN, text=str(...), units='pix', win=Window(...), wrapWidth=1500.0)
91.8488 	EXP 	Created PressEnterToContinue = TextStim(__class__=<class 'psychopy.visual.text.TextStim'>, alignHoriz=method-wrapper(...), alignText='center', alignVert=method-wrapper(...), anchorHoriz='center', anchorVert='center', antialias=True, autoDraw=False, autoLog=True, bold=False, color=array([-1., -1., -1.]), colorSpace='rgb', contrast=1.0, depth=-2.0, draggable=False, flipHoriz=False, flipVert=False, font='Arial', fontFiles=[], height=np.float64(50.0), italic=False, languageStyle='LTR', name='PressEnterToContinue', opacity=1, ori=0.0, pos=array([   0., -400.]), rgb=UNKNOWN, text='Press "Enter" to continue.', units='pix', win=Window(...), wrapWidth=900.0)
91.8876 	EXP 	Created img = ImageStim(__class__=<class 'psychopy.visual.image.ImageStim'>, anchor=('center', 'center'), autoLog=True, color=array([1., 1., 1.]), colorSpace='rgb', contrast=1.0, depth=0.0, draggable=False, flipHoriz=np.False_, flipVert=np.False_, image='default.png', interpolate=True, mask=None, maskParams=None, name='img', opacity=1.0, ori=1.0, pos=array([0., 0.]), size=array([1., 1.]), texRes=128.0, units='pix', win=Window(...))
92.1698 	EXP 	Created Instructions = TextStim(__class__=<class 'psychopy.visual.text.TextStim'>, alignHoriz=method-wrapper(...), alignText='center', alignVert=method-wrapper(...), anchorHoriz='center', anchorVert='center', antialias=True, autoDraw=False, autoLog=True, bold=False, color=array([-1., -1., -1.]), colorSpace='rgb', contrast=1.0, depth=-17.0, draggable=False, flipHoriz=False, flipVert=False, font='Arial', fontFiles=[], height=36.0, italic=False, languageStyle='LTR', name='Instructions', opacity=1, ori=0.0, pos=array([  0., 500.]), rgb=UNKNOWN, text='', units='pix', win=Window(...), wrapWidth=1400.0)
92.1918 	EXP 	Created RBGInfo = TextStim(__class__=<class 'psychopy.visual.text.TextStim'>, alignHoriz=method-wrapper(...), alignText='center', alignVert=method-wrapper(...), anchorHoriz='center', anchorVert='center', antialias=True, autoDraw=False, autoLog=True, bold=False, color=array([-1., -1., -1.]), colorSpace='rgb', contrast=1.0, depth=-19.0, draggable=False, flipHoriz=False, flipVert=False, font='Arial', fontFiles=[], height=np.float64(42.0), italic=False, languageStyle='LTR', name='RBGInfo', opacity=1.0, ori=0.0, pos=array([300., 300.]), rgb=UNKNOWN, text='RGB values: 0-100\n\nR:        G:        B:', units='pix', win=Window(...), wrapWidth=500)
92.1931 	EXP 	Created R = TextStim(__class__=<class 'psychopy.visual.text.TextStim'>, alignHoriz=method-wrapper(...), alignText='center', alignVert=method-wrapper(...), anchorHoriz='center', anchorVert='center', antialias=True, autoDraw=False, autoLog=True, bold=False, color=array([-1., -1., -1.]), colorSpace='rgb', contrast=1.0, depth=-20.0, draggable=False, flipHoriz=False, flipVert=False, font='Arial', fontFiles=[], height=42.0, italic=False, languageStyle='LTR', name='R', opacity=1.0, ori=0.0, pos=array([165., 220.]), rgb=UNKNOWN, text='', units='pix', win=Window(...), wrapWidth=500)
92.1942 	EXP 	Created G = TextStim(__class__=<class 'psychopy.visual.text.TextStim'>, alignHoriz=method-wrapper(...), alignText='center', alignVert=method-wrapper(...), anchorHoriz='center', anchorVert='center', antialias=True, autoDraw=False, autoLog=True, bold=False, color=array([-1., -1., -1.]), colorSpace='rgb', contrast=1.0, depth=-21.0, draggable=False, flipHoriz=False, flipVert=False, font='Arial', fontFiles=[], height=42.0, italic=False, languageStyle='LTR', name='G', opacity=1.0, ori=0.0, pos=array([300., 220.]), rgb=UNKNOWN, text='', units='pix', win=Window(...), wrapWidth=500)
92.1955 	EXP 	Created B = TextStim(__class__=<class 'psychopy.visual.text.TextStim'>, alignHoriz=method-wrapper(...), alignText='center', alignVert=method-wrapper(...), anchorHoriz='center', anchorVert='center', antialias=True, autoDraw=False, autoLog=True, bold=False, color=array([-1., -1., -1.]), colorSpace='rgb', contrast=1.0, depth=-22.0, draggable=False, flipHoriz=False, flipVert=False, font='Arial', fontFiles=[], height=42.0, italic=False, languageStyle='LTR', name='B', opacity=1.0, ori=0.0, pos=array([435., 220.]), rgb=UNKNOWN, text='', units='pix', win=Window(...), wrapWidth=500)
92.1987 	EXP 	Created text_8 = TextStim(__class__=<class 'psychopy.visual.text.TextStim'>, alignHoriz=method-wrapper(...), alignText='center', alignVert=method-wrapper(...), anchorHoriz='center', anchorVert='center', antialias=True, autoDraw=False, autoLog=True, bold=False, color=array([1., 1., 1.]), colorSpace='rgb', contrast=1.0, depth=0.0, draggable=False, flipHoriz=False, flipVert=False, font='Arial', fontFiles=[], height=np.float64(0.05), italic=False, languageStyle='LTR', name='text_8', opacity=1, ori=0.0, pos=array([0., 0.]), rgb=UNKNOWN, text='', units='height', win=Window(...), wrapWidth=1)
93.1617 	EXP 	Created slider = Slider(__class__=<class 'psychopy.visual.slider.Slider'>, autoDraw=False, autoLog=True, borderColor=None, color=None, colorSpace='rgb', depth=0, fillColor=None, flip=False, font='Noto Sans', granularity=1.0, labelColor=None, labelHeight=np.float64(36.0), labelWrapWidth=None, labels=tuple(...), lineColor=None, markerColor=None, name='slider', opacity=None, ori=0.0, pos=array([-50.,   0.]), readOnly=False, self=UNKNOWN, size=array([1000.,  100.]), startValue=1, style='rating', styleTweaks=[], ticks=array([1, 2, 3, 4, 5]), units='pix', win=Window(...))
93.1904 	EXP 	Created text_9 = TextStim(__class__=<class 'psychopy.visual.text.TextStim'>, alignHoriz=method-wrapper(...), alignText='center', alignVert=method-wrapper(...), anchorHoriz='center', anchorVert='center', antialias=True, autoDraw=False, autoLog=True, bold=False, color=array([-1., -1., -1.]), colorSpace='rgb', contrast=1.0, depth=-1.0, draggable=False, flipHoriz=False, flipVert=False, font='Arial', fontFiles=[], height=np.float64(0.05), italic=False, languageStyle='LTR', name='text_9', opacity=1, ori=0.0, pos=array([0.  , 0.25]), rgb=UNKNOWN, text='How confident were you in your choice?', units='height', win=Window(...), wrapWidth=1)
93.2086 	EXP 	Created text_answer = TextStim(__class__=<class 'psychopy.visual.text.TextStim'>, alignHoriz=method-wrapper(...), alignText='center', alignVert=method-wrapper(...), anchorHoriz='center', anchorVert='center', antialias=True, autoDraw=False, autoLog=True, bold=False, color=array([-1., -1., -1.]), colorSpace='rgb', contrast=1.0, depth=-4.0, draggable=False, flipHoriz=False, flipVert=False, font='Arial', fontFiles=[], height=0.05, italic=False, languageStyle='LTR', name='text_answer', opacity=1, ori=0.0, pos=array([0.  , 0.35]), rgb=UNKNOWN, text='', units='height', win=Window(...), wrapWidth=1)
93.4454 	EXP 	Created text_8 = TextStim(__class__=<class 'psychopy.visual.text.TextStim'>, alignHoriz=method-wrapper(...), alignText='center', alignVert=method-wrapper(...), anchorHoriz='center', anchorVert='center', antialias=True, autoDraw=False, autoLog=True, bold=False, color=array([1., 1., 1.]), colorSpace='rgb', contrast=1.0, depth=0.0, draggable=False, flipHoriz=False, flipVert=False, font='Arial', fontFiles=[], height=np.float64(0.05), italic=False, languageStyle='LTR', name='text_8', opacity=1, ori=0.0, pos=array([0., 0.]), rgb=UNKNOWN, text='', units='height', win=Window(...), wrapWidth=1)
93.4667 	EXP 	Created correctAnswer = TextStim(__class__=<class 'psychopy.visual.text.TextStim'>, alignHoriz=method-wrapper(...), alignText='center', alignVert=method-wrapper(...), anchorHoriz='center', anchorVert='center', antialias=True, autoDraw=False, autoLog=True, bold=False, color=array([-1., -1., -1.]), colorSpace='rgb', contrast=1.0, depth=-1.0, draggable=False, flipHoriz=False, flipVert=False, font='Arial', fontFiles=[], height=56.0, italic=False, languageStyle='LTR', name='correctAnswer', opacity=1, ori=0.0, pos=array([   0., -150.]), rgb=UNKNOWN, text='', units='pix', win=Window(...), wrapWidth=500)
93.4684 	EXP 	Created wrongAnswer = TextStim(__class__=<class 'psychopy.visual.text.TextStim'>, alignHoriz=method-wrapper(...), alignText='center', alignVert=method-wrapper(...), anchorHoriz='center', anchorVert='center', antialias=True, autoDraw=False, autoLog=True, bold=False, color=array([-1., -1., -1.]), colorSpace='rgb', contrast=1.0, depth=-2.0, draggable=False, flipHoriz=False, flipVert=False, font='Arial', fontFiles=[], height=56.0, italic=False, languageStyle='LTR', name='wrongAnswer', opacity=1.0, ori=0.0, pos=array([   0., -150.]), rgb=UNKNOWN, text='', units='pix', win=Window(...), wrapWidth=500)
93.4700 	EXP 	Created corrColor_2 = TextStim(__class__=<class 'psychopy.visual.text.TextStim'>, alignHoriz=method-wrapper(...), alignText='center', alignVert=method-wrapper(...), anchorHoriz='center', anchorVert='center', antialias=True, autoDraw=False, autoLog=True, bold=False, color=array([-1., -1., -1.]), colorSpace='rgb', contrast=1.0, depth=-3.0, draggable=False, flipHoriz=False, flipVert=False, font='Arial', fontFiles=[], height=56.0, italic=False, languageStyle='LTR', name='corrColor_2', opacity=1.0, ori=0.0, pos=array([   0., -150.]), rgb=UNKNOWN, text='', units='pix', win=Window(...), wrapWidth=500)
93.8460 	EXP 	Created RBGInfo_2 = TextStim(__class__=<class 'psychopy.visual.text.TextStim'>, alignHoriz=method-wrapper(...), alignText='center', alignVert=method-wrapper(...), anchorHoriz='center', anchorVert='center', antialias=True, autoDraw=False, autoLog=True, bold=False, color=array([-1., -1., -1.]), colorSpace='rgb', contrast=1.0, depth=-18.0, draggable=False, flipHoriz=False, flipVert=False, font='Arial', fontFiles=[], height=np.float64(42.0), italic=False, languageStyle='LTR', name='RBGInfo_2', opacity=1.0, ori=0.0, pos=array([300., 300.]), rgb=UNKNOWN, text='RGB values: 0-100\n\nR:        G:        B:', units='pix', win=Window(...), wrapWidth=500)
93.8481 	EXP 	Created R_2 = TextStim(__class__=<class 'psychopy.visual.text.TextStim'>, alignHoriz=method-wrapper(...), alignText='center', alignVert=method-wrapper(...), anchorHoriz='center', anchorVert='center', antialias=True, autoDraw=False, autoLog=True, bold=False, color=array([-1., -1., -1.]), colorSpace='rgb', contrast=1.0, depth=-19.0, draggable=False, flipHoriz=False, flipVert=False, font='Arial', fontFiles=[], height=42.0, italic=False, languageStyle='LTR', name='R_2', opacity=1.0, ori=0.0, pos=array([165., 220.]), rgb=UNKNOWN, text='', units='pix', win=Window(...), wrapWidth=500)
93.8493 	EXP 	Created G_2 = TextStim(__class__=<class 'psychopy.visual.text.TextStim'>, alignHoriz=method-wrapper(...), alignText='center', alignVert=method-wrapper(...), anchorHoriz='center', anchorVert='center', antialias=True, autoDraw=False, autoLog=True, bold=False, color=array([-1., -1., -1.]), colorSpace='rgb', contrast=1.0, depth=-20.0, draggable=False, flipHoriz=False, flipVert=False, font='Arial', fontFiles=[], height=42.0, italic=False, languageStyle='LTR', name='G_2', opacity=1.0, ori=0.0, pos=array([300., 220.]), rgb=UNKNOWN, text='', units='pix', win=Window(...), wrapWidth=500)
93.8507 	EXP 	Created B_2 = TextStim(__class__=<class 'psychopy.visual.text.TextStim'>, alignHoriz=method-wrapper(...), alignText='center', alignVert=method-wrapper(...), anchorHoriz='center', anchorVert='center', antialias=True, autoDraw=False, autoLog=True, bold=False, color=array([-1., -1., -1.]), colorSpace='rgb', contrast=1.0, depth=-21.0, draggable=False, flipHoriz=False, flipVert=False, font='Arial', fontFiles=[], height=42.0, italic=False, languageStyle='LTR', name='B_2', opacity=1.0, ori=0.0, pos=array([435., 220.]), rgb=UNKNOWN, text='', units='pix', win=Window(...), wrapWidth=500)
93.8524 	EXP 	Created text_11 = TextStim(__class__=<class 'psychopy.visual.text.TextStim'>, alignHoriz=method-wrapper(...), alignText='center', alignVert=method-wrapper(...), anchorHoriz='center', anchorVert='center', antialias=True, autoDraw=False, autoLog=True, bold=False, color=array([1., 1., 1.]), colorSpace='rgb', contrast=1.0, depth=0.0, draggable=False, flipHoriz=False, flipVert=False, font='Arial', fontFiles=[], height=np.float64(0.05), italic=False, languageStyle='LTR', name='text_11', opacity=1, ori=0.0, pos=array([0., 0.]), rgb=UNKNOWN, text='', units='height', win=Window(...), wrapWidth=1)
93.8535 	EXP 	Created GoodJob = TextStim(__class__=<class 'psychopy.visual.text.TextStim'>, alignHoriz=method-wrapper(...), alignText='center', alignVert=method-wrapper(...), anchorHoriz='center', anchorVert='center', antialias=True, autoDraw=False, autoLog=True, bold=False, color=array([-1., -1., -1.]), colorSpace='rgb', contrast=1.0, depth=0.0, draggable=False, flipHoriz=False, flipVert=False, font='Arial', fontFiles=[], height=50.0, italic=False, languageStyle='LTR', name='GoodJob', opacity=1.0, ori=0.0, pos=array([0., 0.]), rgb=UNKNOWN, text='', units='pix', win=Window(...), wrapWidth=500)
0.0145 	EXP 	slider: autoLog = True
0.0145 	EXP 	slider: styleTweaks = []
0.0145 	EXP 	slider: styleTweaks = []
0.0145 	EXP 	slider: styleTweaks = []
0.0145 	EXP 	slider: styleTweaks = []
0.0145 	EXP 	slider: contrast = 1.0
0.0145 	EXP 	slider: markerPos = 1
0.0145 	EXP 	slider: autoLog = True
0.0352 	EXP 	Welcome_info: autoDraw = True
0.8032 	INFO 	Keyboard events cleared
1.0015 	EXP 	PressEnterToContinue: autoDraw = True
55.8587 	EXP 	Device response: <KeyPress from None: t=55.66416869999375, value=return, duration=None>
55.8590 	EXP 	Device response: <KeyPress from None: t=55.66416869999375, value=return, duration=0.06165460008196533>
55.9115 	EXP 	Imported ExcelOutputDemo.xlsx as conditions, 14 conditions, 8 params
55.9123 	EXP 	New trial (rep=0, index=0): <Trial 0 (0 in rep 0) data={'folder': 'Demo', 'image': 'DemoRed.jpg', 'logical': True, 'corrColor': 'Red', 'corrR': 96, 'corrG': 6, 'corrB': 0, 'image_path': 'Demo/DemoRed_0.png', 'thisN': 0, 'thisTrialN': 0, 'thisRepN': 0}>
55.9131 	DATA 	Keypress: return
56.2478 	EXP 	Welcome_info: autoDraw = False
56.2478 	EXP 	PressEnterToContinue: autoDraw = False
56.2478 	EXP 	img: foreColor = <psychopy.colors.Color: white, alpha=1.0>
56.2478 	EXP 	img: ori = np.float64(0.0)
56.2478 	EXP 	Instructions: height = np.float64(36.0)
56.2478 	EXP 	Instructions: height = np.float64(36.0)
56.2478 	EXP 	Instructions: height = np.float64(36.0)
56.2478 	EXP 	Instructions: text = 'Click the spacebar to shuffle through the filters to recognize the color.\nPress the button of the color you think it corresponds to.'
56.2478 	EXP 	R: height = np.float64(42.0)
56.2478 	EXP 	R: height = np.float64(42.0)
56.2478 	EXP 	R: height = np.float64(42.0)
56.2478 	EXP 	R: text = 96
56.2478 	EXP 	G: height = np.float64(42.0)
56.2478 	EXP 	G: height = np.float64(42.0)
56.2478 	EXP 	G: height = np.float64(42.0)
56.2478 	EXP 	G: text = 6
56.2478 	EXP 	B: height = np.float64(42.0)
56.2478 	EXP 	B: height = np.float64(42.0)
56.2478 	EXP 	B: height = np.float64(42.0)
56.2478 	EXP 	B: text = 0
56.2478 	EXP 	img: autoDraw = True
56.2478 	EXP 	Instructions: autoDraw = True
56.2478 	EXP 	RBGInfo: autoDraw = True
56.2478 	EXP 	R: autoDraw = True
56.2478 	EXP 	G: autoDraw = True
56.2478 	EXP 	B: autoDraw = True
69.7275 	DATA 	Mouse: Left button down, pos=(1709,333)
69.7453 	EXP 	img: autoDraw = False
69.7453 	EXP 	Instructions: autoDraw = False
69.7453 	EXP 	RBGInfo: autoDraw = False
69.7453 	EXP 	R: autoDraw = False
69.7453 	EXP 	G: autoDraw = False
69.7453 	EXP 	B: autoDraw = False
69.7453 	EXP 	text_8: autoDraw = True
69.7699 	DATA 	Mouse:  Left button up, pos=(1710,333)
70.1957 	EXP 	text_8: autoDraw = False
70.1957 	EXP 	slider: markerPos = None
70.1957 	EXP 	slider: markerPos = 1
70.1957 	EXP 	slider: autoDraw = True
70.1957 	EXP 	text_9: autoDraw = True
70.1957 	EXP 	text_answer: autoDraw = True
71.3462 	DATA 	Mouse: Left button down, pos=(1424,581)
71.3954 	EXP 	slider: markerPos = np.float64(5.056)
71.4287 	EXP 	slider: markerPos = np.float64(5.056)
71.4495 	DATA 	Mouse:  Left button up, pos=(1424,581)
71.4611 	EXP 	slider: markerPos = np.float64(5.056)
71.4958 	EXP 	slider: markerPos = 5.0
72.1222 	DATA 	Mouse: Left button down, pos=(1026,296)
72.1658 	EXP 	slider: autoDraw = False
72.1658 	EXP 	text_9: autoDraw = False
72.1658 	EXP 	text_answer: autoDraw = False
72.1658 	EXP 	text_8: autoDraw = True
72.2400 	DATA 	Mouse:  Left button up, pos=(1026,296)
72.6114 	INFO 	Keyboard events cleared
72.6111 	EXP 	text_8: autoDraw = False
72.6111 	EXP 	text_8: autoDraw = False
72.6111 	EXP 	corrColor_2: height = np.float64(56.0)
72.6111 	EXP 	corrColor_2: height = np.float64(56.0)
72.6111 	EXP 	corrColor_2: height = np.float64(56.0)
72.6111 	EXP 	corrColor_2: text = 'Red'
72.6111 	EXP 	R_2: height = np.float64(42.0)
72.6111 	EXP 	R_2: height = np.float64(42.0)
72.6111 	EXP 	R_2: height = np.float64(42.0)
72.6111 	EXP 	R_2: text = 96
72.6111 	EXP 	G_2: height = np.float64(42.0)
72.6111 	EXP 	G_2: height = np.float64(42.0)
72.6111 	EXP 	G_2: height = np.float64(42.0)
72.6111 	EXP 	G_2: text = 6
72.6111 	EXP 	B_2: height = np.float64(42.0)
72.6111 	EXP 	B_2: height = np.float64(42.0)
72.6111 	EXP 	B_2: height = np.float64(42.0)
72.6111 	EXP 	B_2: text = 0
72.6111 	EXP 	correctAnswer: autoDraw = True
72.6111 	EXP 	RBGInfo_2: autoDraw = True
72.6111 	EXP 	R_2: autoDraw = True
72.6111 	EXP 	G_2: autoDraw = True
72.6111 	EXP 	B_2: autoDraw = True
73.3155 	DATA 	Mouse: Left button down, pos=(1018,286)
73.3445 	EXP 	correctAnswer: autoDraw = False
73.3445 	EXP 	wrongAnswer: autoDraw = False
73.3445 	EXP 	corrColor_2: autoDraw = False
73.3445 	EXP 	RBGInfo_2: autoDraw = False
73.3445 	EXP 	R_2: autoDraw = False
73.3445 	EXP 	G_2: autoDraw = False
73.3445 	EXP 	B_2: autoDraw = False
73.3445 	EXP 	text_11: autoDraw = True
73.4375 	DATA 	Mouse:  Left button up, pos=(1018,286)
73.6840 	EXP 	New trial (rep=0, index=1): <Trial 1 (1 in rep 0) data={'folder': 'Demo', 'image': 'DemoOrange.jpg', 'logical': True, 'corrColor': 'Orange', 'corrR': 100, 'corrG': 60, 'corrB': 0, 'image_path': 'Demo/DemoOrange_0.png', 'thisN': 1, 'thisTrialN': 1, 'thisRepN': 0}>
73.8964 	EXP 	text_11: autoDraw = False
73.8964 	EXP 	img: foreColor = <psychopy.colors.Color: white, alpha=1.0>
73.8964 	EXP 	img: ori = np.float64(0.0)
73.8964 	EXP 	Instructions: text = 'Click the spacebar to shuffle through the filters to recognize the color.\nPress the button of the color you think it corresponds to.'
73.8964 	EXP 	R: height = np.float64(42.0)
73.8964 	EXP 	R: height = np.float64(42.0)
73.8964 	EXP 	R: height = np.float64(42.0)
73.8964 	EXP 	R: text = 100
73.8964 	EXP 	G: height = np.float64(42.0)
73.8964 	EXP 	G: height = np.float64(42.0)
73.8964 	EXP 	G: height = np.float64(42.0)
73.8964 	EXP 	G: text = 60
73.8964 	EXP 	B: height = np.float64(42.0)
73.8964 	EXP 	B: height = np.float64(42.0)
73.8964 	EXP 	B: height = np.float64(42.0)
73.8964 	EXP 	B: text = 0
73.8964 	EXP 	img: autoDraw = True
73.8964 	EXP 	Instructions: autoDraw = True
73.8964 	EXP 	RBGInfo: autoDraw = True
73.8964 	EXP 	R: autoDraw = True
73.8964 	EXP 	G: autoDraw = True
73.8964 	EXP 	B: autoDraw = True
91.5302 	DATA 	Mouse: Left button down, pos=(1677,710)
91.6689 	DATA 	Mouse:  Left button up, pos=(1677,710)
91.6784 	EXP 	img: autoDraw = False
91.6784 	EXP 	Instructions: autoDraw = False
91.6784 	EXP 	RBGInfo: autoDraw = False
91.6784 	EXP 	R: autoDraw = False
91.6784 	EXP 	G: autoDraw = False
91.6784 	EXP 	B: autoDraw = False
91.6784 	EXP 	text_8: autoDraw = True
92.0604 	EXP 	text_8: autoDraw = False
92.0604 	EXP 	text_8: autoDraw = False
92.0604 	EXP 	slider: markerPos = None
92.0604 	EXP 	slider: markerPos = 1
92.0604 	EXP 	slider: autoDraw = True
92.0604 	EXP 	text_9: autoDraw = True
92.0604 	EXP 	text_answer: autoDraw = True
93.2124 	DATA 	Mouse: Left button down, pos=(1420,585)
93.2608 	EXP 	slider: markerPos = np.float64(5.04)
93.2946 	EXP 	slider: markerPos = np.float64(5.036)
93.3008 	DATA 	Mouse:  Left button up, pos=(1419,585)
93.3283 	EXP 	slider: markerPos = 5.0
94.0840 	DATA 	Mouse: Left button down, pos=(934,231)
94.1151 	EXP 	slider: autoDraw = False
94.1151 	EXP 	text_9: autoDraw = False
94.1151 	EXP 	text_answer: autoDraw = False
94.1151 	EXP 	text_8: autoDraw = True
94.2180 	DATA 	Mouse:  Left button up, pos=(934,231)
94.4935 	INFO 	Keyboard events cleared
94.4933 	EXP 	text_8: autoDraw = False
94.4933 	EXP 	text_8: autoDraw = False
94.4933 	EXP 	corrColor_2: height = np.float64(56.0)
94.4933 	EXP 	corrColor_2: height = np.float64(56.0)
94.4933 	EXP 	corrColor_2: height = np.float64(56.0)
94.4933 	EXP 	corrColor_2: text = 'Orange'
94.4933 	EXP 	R_2: height = np.float64(42.0)
94.4933 	EXP 	R_2: height = np.float64(42.0)
94.4933 	EXP 	R_2: height = np.float64(42.0)
94.4933 	EXP 	R_2: text = 100
94.4933 	EXP 	G_2: height = np.float64(42.0)
94.4933 	EXP 	G_2: height = np.float64(42.0)
94.4933 	EXP 	G_2: height = np.float64(42.0)
94.4933 	EXP 	G_2: text = 60
94.4933 	EXP 	B_2: height = np.float64(42.0)
94.4933 	EXP 	B_2: height = np.float64(42.0)
94.4933 	EXP 	B_2: height = np.float64(42.0)
94.4933 	EXP 	B_2: text = 0
94.4933 	EXP 	correctAnswer: autoDraw = True
94.4933 	EXP 	RBGInfo_2: autoDraw = True
94.4933 	EXP 	R_2: autoDraw = True
94.4933 	EXP 	G_2: autoDraw = True
94.4933 	EXP 	B_2: autoDraw = True
95.4974 	DATA 	Mouse: Left button down, pos=(964,260)
95.5146 	EXP 	correctAnswer: autoDraw = False
95.5146 	EXP 	wrongAnswer: autoDraw = False
95.5146 	EXP 	corrColor_2: autoDraw = False
95.5146 	EXP 	RBGInfo_2: autoDraw = False
95.5146 	EXP 	R_2: autoDraw = False
95.5146 	EXP 	G_2: autoDraw = False
95.5146 	EXP 	B_2: autoDraw = False
95.5146 	EXP 	text_11: autoDraw = True
95.6027 	DATA 	Mouse:  Left button up, pos=(964,260)
95.8498 	EXP 	New trial (rep=0, index=2): <Trial 2 (2 in rep 0) data={'folder': 'Demo', 'image': 'DemoBrown.jpg', 'logical': True, 'corrColor': 'Brown', 'corrR': 51, 'corrG': 29, 'corrB': 0, 'image_path': 'Demo/DemoBrown_0.png', 'thisN': 2, 'thisTrialN': 2, 'thisRepN': 0}>
96.1124 	EXP 	text_11: autoDraw = False
96.1124 	EXP 	text_11: autoDraw = False
96.1124 	EXP 	img: foreColor = <psychopy.colors.Color: white, alpha=1.0>
96.1124 	EXP 	img: ori = np.float64(0.0)
96.1124 	EXP 	Instructions: text = 'Click the spacebar to shuffle through the filters to recognize the color.\nPress the button of the color you think it corresponds to.'
96.1124 	EXP 	R: height = np.float64(42.0)
96.1124 	EXP 	R: height = np.float64(42.0)
96.1124 	EXP 	R: height = np.float64(42.0)
96.1124 	EXP 	R: text = 51
96.1124 	EXP 	G: height = np.float64(42.0)
96.1124 	EXP 	G: height = np.float64(42.0)
96.1124 	EXP 	G: height = np.float64(42.0)
96.1124 	EXP 	G: text = 29
96.1124 	EXP 	B: height = np.float64(42.0)
96.1124 	EXP 	B: height = np.float64(42.0)
96.1124 	EXP 	B: height = np.float64(42.0)
96.1124 	EXP 	B: text = 0
96.1124 	EXP 	img: autoDraw = True
96.1124 	EXP 	Instructions: autoDraw = True
96.1124 	EXP 	RBGInfo: autoDraw = True
96.1124 	EXP 	R: autoDraw = True
96.1124 	EXP 	G: autoDraw = True
96.1124 	EXP 	B: autoDraw = True
113.2439 	DATA 	Mouse: Left button down, pos=(1676,1118)
113.3710 	DATA 	Mouse:  Left button up, pos=(1676,1118)
114.4743 	DATA 	Mouse: Left button down, pos=(1676,1118)
114.4940 	EXP 	img: autoDraw = False
114.4940 	EXP 	Instructions: autoDraw = False
114.4940 	EXP 	RBGInfo: autoDraw = False
114.4940 	EXP 	R: autoDraw = False
114.4940 	EXP 	G: autoDraw = False
114.4940 	EXP 	B: autoDraw = False
114.4940 	EXP 	text_8: autoDraw = True
114.5657 	DATA 	Mouse:  Left button up, pos=(1676,1118)
114.8759 	EXP 	text_8: autoDraw = False
114.8759 	EXP 	slider: markerPos = None
114.8759 	EXP 	slider: markerPos = 1
114.8759 	EXP 	slider: autoDraw = True
114.8759 	EXP 	text_9: autoDraw = True
114.8759 	EXP 	text_answer: autoDraw = True
116.0592 	DATA 	Mouse: Left button down, pos=(1395,611)
116.1106 	EXP 	slider: markerPos = np.float64(4.9399999999999995)
116.1436 	EXP 	slider: markerPos = np.float64(4.9399999999999995)
116.1481 	DATA 	Mouse:  Left button up, pos=(1395,611)
116.1774 	EXP 	slider: markerPos = 5.0
117.3922 	DATA 	Mouse: Left button down, pos=(969,275)
117.4305 	EXP 	slider: autoDraw = False
117.4305 	EXP 	text_9: autoDraw = False
117.4305 	EXP 	text_answer: autoDraw = False
117.4305 	EXP 	text_8: autoDraw = True
117.4689 	DATA 	Mouse:  Left button up, pos=(969,275)
117.8097 	INFO 	Keyboard events cleared
117.8095 	EXP 	text_8: autoDraw = False
117.8095 	EXP 	corrColor_2: height = np.float64(56.0)
117.8095 	EXP 	corrColor_2: height = np.float64(56.0)
117.8095 	EXP 	corrColor_2: height = np.float64(56.0)
117.8095 	EXP 	corrColor_2: text = 'Brown'
117.8095 	EXP 	R_2: height = np.float64(42.0)
117.8095 	EXP 	R_2: height = np.float64(42.0)
117.8095 	EXP 	R_2: height = np.float64(42.0)
117.8095 	EXP 	R_2: text = 51
117.8095 	EXP 	G_2: height = np.float64(42.0)
117.8095 	EXP 	G_2: height = np.float64(42.0)
117.8095 	EXP 	G_2: height = np.float64(42.0)
117.8095 	EXP 	G_2: text = 29
117.8095 	EXP 	B_2: height = np.float64(42.0)
117.8095 	EXP 	B_2: height = np.float64(42.0)
117.8095 	EXP 	B_2: height = np.float64(42.0)
117.8095 	EXP 	B_2: text = 0
117.8095 	EXP 	correctAnswer: autoDraw = True
117.8095 	EXP 	RBGInfo_2: autoDraw = True
117.8095 	EXP 	R_2: autoDraw = True
117.8095 	EXP 	G_2: autoDraw = True
117.8095 	EXP 	B_2: autoDraw = True
118.3985 	DATA 	Mouse: Left button down, pos=(992,267)
118.4151 	EXP 	correctAnswer: autoDraw = False
118.4151 	EXP 	wrongAnswer: autoDraw = False
118.4151 	EXP 	corrColor_2: autoDraw = False
118.4151 	EXP 	RBGInfo_2: autoDraw = False
118.4151 	EXP 	R_2: autoDraw = False
118.4151 	EXP 	G_2: autoDraw = False
118.4151 	EXP 	B_2: autoDraw = False
118.4151 	EXP 	text_11: autoDraw = True
118.4838 	DATA 	Mouse:  Left button up, pos=(992,267)
118.7493 	EXP 	New trial (rep=0, index=3): <Trial 3 (3 in rep 0) data={'folder': 'Demo', 'image': 'DemoYellow.jpg', 'logical': True, 'corrColor': 'Yellow', 'corrR': 96, 'corrG': 100, 'corrB': 0, 'image_path': 'Demo/DemoYellow_0.png', 'thisN': 3, 'thisTrialN': 3, 'thisRepN': 0}>
118.9446 	EXP 	text_11: autoDraw = False
118.9446 	EXP 	text_11: autoDraw = False
118.9446 	EXP 	img: foreColor = <psychopy.colors.Color: white, alpha=1.0>
118.9446 	EXP 	img: ori = np.float64(0.0)
118.9446 	EXP 	Instructions: text = 'Click the spacebar to shuffle through the filters to recognize the color.\nPress the button of the color you think it corresponds to.'
118.9446 	EXP 	R: height = np.float64(42.0)
118.9446 	EXP 	R: height = np.float64(42.0)
118.9446 	EXP 	R: height = np.float64(42.0)
118.9446 	EXP 	R: text = 96
118.9446 	EXP 	G: height = np.float64(42.0)
118.9446 	EXP 	G: height = np.float64(42.0)
118.9446 	EXP 	G: height = np.float64(42.0)
118.9446 	EXP 	G: text = 100
118.9446 	EXP 	B: height = np.float64(42.0)
118.9446 	EXP 	B: height = np.float64(42.0)
118.9446 	EXP 	B: height = np.float64(42.0)
118.9446 	EXP 	B: text = 0
118.9446 	EXP 	img: autoDraw = True
118.9446 	EXP 	Instructions: autoDraw = True
118.9446 	EXP 	RBGInfo: autoDraw = True
118.9446 	EXP 	R: autoDraw = True
118.9446 	EXP 	G: autoDraw = True
118.9446 	EXP 	B: autoDraw = True
129.7263 	DATA 	Mouse: Left button down, pos=(1700,568)
129.7434 	EXP 	img: autoDraw = False
129.7434 	EXP 	Instructions: autoDraw = False
129.7434 	EXP 	RBGInfo: autoDraw = False
129.7434 	EXP 	R: autoDraw = False
129.7434 	EXP 	G: autoDraw = False
129.7434 	EXP 	B: autoDraw = False
129.7434 	EXP 	text_8: autoDraw = True
129.7663 	DATA 	Mouse:  Left button up, pos=(1700,568)
130.1259 	EXP 	text_8: autoDraw = False
130.1259 	EXP 	slider: markerPos = None
130.1259 	EXP 	slider: markerPos = 1
130.1259 	EXP 	slider: autoDraw = True
130.1259 	EXP 	text_9: autoDraw = True
130.1259 	EXP 	text_answer: autoDraw = True
130.9953 	DATA 	Mouse: Left button down, pos=(1425,602)
131.0260 	EXP 	slider: markerPos = np.float64(5.0600000000000005)
131.0597 	EXP 	slider: markerPos = np.float64(5.056)
131.0928 	EXP 	slider: markerPos = np.float64(5.056)
131.1260 	EXP 	slider: markerPos = np.float64(5.056)
131.1304 	DATA 	Mouse:  Left button up, pos=(1424,602)
131.1591 	EXP 	slider: markerPos = 5.0
132.3646 	DATA 	Mouse: Left button down, pos=(979,266)
132.3966 	EXP 	slider: autoDraw = False
132.3966 	EXP 	text_9: autoDraw = False
132.3966 	EXP 	text_answer: autoDraw = False
132.3966 	EXP 	text_8: autoDraw = True
132.4487 	DATA 	Mouse:  Left button up, pos=(979,266)
132.7757 	INFO 	Keyboard events cleared
132.7754 	EXP 	text_8: autoDraw = False
132.7754 	EXP 	text_8: autoDraw = False
132.7754 	EXP 	corrColor_2: height = np.float64(56.0)
132.7754 	EXP 	corrColor_2: height = np.float64(56.0)
132.7754 	EXP 	corrColor_2: height = np.float64(56.0)
132.7754 	EXP 	corrColor_2: text = 'Yellow'
132.7754 	EXP 	R_2: height = np.float64(42.0)
132.7754 	EXP 	R_2: height = np.float64(42.0)
132.7754 	EXP 	R_2: height = np.float64(42.0)
132.7754 	EXP 	R_2: text = 96
132.7754 	EXP 	G_2: height = np.float64(42.0)
132.7754 	EXP 	G_2: height = np.float64(42.0)
132.7754 	EXP 	G_2: height = np.float64(42.0)
132.7754 	EXP 	G_2: text = 100
132.7754 	EXP 	B_2: height = np.float64(42.0)
132.7754 	EXP 	B_2: height = np.float64(42.0)
132.7754 	EXP 	B_2: height = np.float64(42.0)
132.7754 	EXP 	B_2: text = 0
132.7754 	EXP 	correctAnswer: autoDraw = True
132.7754 	EXP 	RBGInfo_2: autoDraw = True
132.7754 	EXP 	R_2: autoDraw = True
132.7754 	EXP 	G_2: autoDraw = True
132.7754 	EXP 	B_2: autoDraw = True
133.2473 	DATA 	Mouse: Left button down, pos=(1042,272)
133.2753 	EXP 	correctAnswer: autoDraw = False
133.2753 	EXP 	wrongAnswer: autoDraw = False
133.2753 	EXP 	corrColor_2: autoDraw = False
133.2753 	EXP 	RBGInfo_2: autoDraw = False
133.2753 	EXP 	R_2: autoDraw = False
133.2753 	EXP 	G_2: autoDraw = False
133.2753 	EXP 	B_2: autoDraw = False
133.2753 	EXP 	text_11: autoDraw = True
133.3677 	DATA 	Mouse:  Left button up, pos=(1034,272)
133.6148 	EXP 	New trial (rep=0, index=4): <Trial 4 (4 in rep 0) data={'folder': 'Demo', 'image': 'DemoLime-green.jpg', 'logical': True, 'corrColor': 'Lime-green', 'corrR': 60, 'corrG': 100, 'corrB': 0, 'image_path': 'Demo/DemoLime-green_0.png', 'thisN': 4, 'thisTrialN': 4, 'thisRepN': 0}>
133.8276 	EXP 	text_11: autoDraw = False
133.8276 	EXP 	img: foreColor = <psychopy.colors.Color: white, alpha=1.0>
133.8276 	EXP 	img: ori = np.float64(0.0)
133.8276 	EXP 	Instructions: text = 'Click the spacebar to shuffle through the filters to recognize the color.\nPress the button of the color you think it corresponds to.'
133.8276 	EXP 	R: height = np.float64(42.0)
133.8276 	EXP 	R: height = np.float64(42.0)
133.8276 	EXP 	R: height = np.float64(42.0)
133.8276 	EXP 	R: text = 60
133.8276 	EXP 	G: height = np.float64(42.0)
133.8276 	EXP 	G: height = np.float64(42.0)
133.8276 	EXP 	G: height = np.float64(42.0)
133.8276 	EXP 	G: text = 100
133.8276 	EXP 	B: height = np.float64(42.0)
133.8276 	EXP 	B: height = np.float64(42.0)
133.8276 	EXP 	B: height = np.float64(42.0)
133.8276 	EXP 	B: text = 0
133.8276 	EXP 	img: autoDraw = True
133.8276 	EXP 	Instructions: autoDraw = True
133.8276 	EXP 	RBGInfo: autoDraw = True
133.8276 	EXP 	R: autoDraw = True
133.8276 	EXP 	G: autoDraw = True
133.8276 	EXP 	B: autoDraw = True
139.2911 	DATA 	Mouse: Left button down, pos=(1687,747)
139.3101 	EXP 	img: autoDraw = False
139.3101 	EXP 	Instructions: autoDraw = False
139.3101 	EXP 	RBGInfo: autoDraw = False
139.3101 	EXP 	R: autoDraw = False
139.3101 	EXP 	G: autoDraw = False
139.3101 	EXP 	B: autoDraw = False
139.3101 	EXP 	text_8: autoDraw = True
139.3675 	DATA 	Mouse:  Left button up, pos=(1687,747)
139.7262 	EXP 	text_8: autoDraw = False
139.7262 	EXP 	slider: markerPos = None
139.7262 	EXP 	slider: markerPos = 1
139.7262 	EXP 	slider: autoDraw = True
139.7262 	EXP 	text_9: autoDraw = True
139.7262 	EXP 	text_answer: autoDraw = True
140.6436 	DATA 	Mouse: Left button down, pos=(1396,596)
140.6920 	EXP 	slider: markerPos = np.float64(4.944)
140.7254 	EXP 	slider: markerPos = np.float64(4.944)
140.7587 	EXP 	slider: markerPos = np.float64(4.944)
140.7633 	DATA 	Mouse:  Left button up, pos=(1396,596)
140.7946 	EXP 	slider: markerPos = 5.0
141.7503 	DATA 	Mouse: Left button down, pos=(1005,285)
141.7964 	EXP 	slider: autoDraw = False
141.7964 	EXP 	text_9: autoDraw = False
141.7964 	EXP 	text_answer: autoDraw = False
141.7964 	EXP 	text_8: autoDraw = True
141.8708 	DATA 	Mouse:  Left button up, pos=(1006,285)
142.1923 	INFO 	Keyboard events cleared
142.1920 	EXP 	text_8: autoDraw = False
142.1920 	EXP 	text_8: autoDraw = False
142.1920 	EXP 	corrColor_2: height = np.float64(56.0)
142.1920 	EXP 	corrColor_2: height = np.float64(56.0)
142.1920 	EXP 	corrColor_2: height = np.float64(56.0)
142.1920 	EXP 	corrColor_2: text = 'Lime-green'
142.1920 	EXP 	R_2: height = np.float64(42.0)
142.1920 	EXP 	R_2: height = np.float64(42.0)
142.1920 	EXP 	R_2: height = np.float64(42.0)
142.1920 	EXP 	R_2: text = 60
142.1920 	EXP 	G_2: height = np.float64(42.0)
142.1920 	EXP 	G_2: height = np.float64(42.0)
142.1920 	EXP 	G_2: height = np.float64(42.0)
142.1920 	EXP 	G_2: text = 100
142.1920 	EXP 	B_2: height = np.float64(42.0)
142.1920 	EXP 	B_2: height = np.float64(42.0)
142.1920 	EXP 	B_2: height = np.float64(42.0)
142.1920 	EXP 	B_2: text = 0
142.1920 	EXP 	correctAnswer: autoDraw = True
142.1920 	EXP 	RBGInfo_2: autoDraw = True
142.1920 	EXP 	R_2: autoDraw = True
142.1920 	EXP 	G_2: autoDraw = True
142.1920 	EXP 	B_2: autoDraw = True
142.7309 	DATA 	Mouse: Left button down, pos=(1026,251)
142.7590 	EXP 	correctAnswer: autoDraw = False
142.7590 	EXP 	wrongAnswer: autoDraw = False
142.7590 	EXP 	corrColor_2: autoDraw = False
142.7590 	EXP 	RBGInfo_2: autoDraw = False
142.7590 	EXP 	R_2: autoDraw = False
142.7590 	EXP 	G_2: autoDraw = False
142.7590 	EXP 	B_2: autoDraw = False
142.7590 	EXP 	text_11: autoDraw = True
142.8352 	DATA 	Mouse:  Left button up, pos=(1026,252)
143.0968 	EXP 	New trial (rep=0, index=5): <Trial 5 (5 in rep 0) data={'folder': 'Demo', 'image': 'DemoGreen.jpg', 'logical': True, 'corrColor': 'Green', 'corrR': 0, 'corrG': 98, 'corrB': 5, 'image_path': 'Demo/DemoGreen_0.png', 'thisN': 5, 'thisTrialN': 5, 'thisRepN': 0}>
143.3105 	EXP 	text_11: autoDraw = False
143.3105 	EXP 	img: foreColor = <psychopy.colors.Color: white, alpha=1.0>
143.3105 	EXP 	img: ori = np.float64(0.0)
143.3105 	EXP 	Instructions: text = 'Click the spacebar to shuffle through the filters to recognize the color.\nPress the button of the color you think it corresponds to.'
143.3105 	EXP 	R: height = np.float64(42.0)
143.3105 	EXP 	R: height = np.float64(42.0)
143.3105 	EXP 	R: height = np.float64(42.0)
143.3105 	EXP 	R: text = 0
143.3105 	EXP 	G: height = np.float64(42.0)
143.3105 	EXP 	G: height = np.float64(42.0)
143.3105 	EXP 	G: height = np.float64(42.0)
143.3105 	EXP 	G: text = 98
143.3105 	EXP 	B: height = np.float64(42.0)
143.3105 	EXP 	B: height = np.float64(42.0)
143.3105 	EXP 	B: height = np.float64(42.0)
143.3105 	EXP 	B: text = 5
143.3105 	EXP 	img: autoDraw = True
143.3105 	EXP 	Instructions: autoDraw = True
143.3105 	EXP 	RBGInfo: autoDraw = True
143.3105 	EXP 	R: autoDraw = True
143.3105 	EXP 	G: autoDraw = True
143.3105 	EXP 	B: autoDraw = True
152.3349 	DATA 	Mouse: Left button down, pos=(1720,394)
152.3587 	EXP 	img: autoDraw = False
152.3587 	EXP 	Instructions: autoDraw = False
152.3587 	EXP 	RBGInfo: autoDraw = False
152.3587 	EXP 	R: autoDraw = False
152.3587 	EXP 	G: autoDraw = False
152.3587 	EXP 	B: autoDraw = False
152.3587 	EXP 	text_8: autoDraw = True
152.3827 	DATA 	Mouse:  Left button up, pos=(1720,394)
152.7580 	EXP 	text_8: autoDraw = False
152.7580 	EXP 	slider: markerPos = None
152.7580 	EXP 	slider: markerPos = 1
152.7580 	EXP 	slider: autoDraw = True
152.7580 	EXP 	text_9: autoDraw = True
152.7580 	EXP 	text_answer: autoDraw = True
153.4455 	DATA 	Mouse: Left button down, pos=(1397,582)
153.4752 	EXP 	slider: markerPos = np.float64(4.948)
153.5085 	EXP 	slider: markerPos = np.float64(4.952)
153.5415 	EXP 	slider: markerPos = np.float64(4.9559999999999995)
153.5473 	DATA 	Mouse:  Left button up, pos=(1399,581)
153.5750 	EXP 	slider: markerPos = 5.0
154.0630 	DATA 	Mouse: Left button down, pos=(1007,289)
154.0770 	EXP 	slider: autoDraw = False
154.0770 	EXP 	text_9: autoDraw = False
154.0770 	EXP 	text_answer: autoDraw = False
154.0770 	EXP 	text_8: autoDraw = True
154.1850 	DATA 	Mouse:  Left button up, pos=(1010,284)
154.4590 	INFO 	Keyboard events cleared
154.4588 	EXP 	text_8: autoDraw = False
154.4588 	EXP 	text_8: autoDraw = False
154.4588 	EXP 	corrColor_2: height = np.float64(56.0)
154.4588 	EXP 	corrColor_2: height = np.float64(56.0)
154.4588 	EXP 	corrColor_2: height = np.float64(56.0)
154.4588 	EXP 	corrColor_2: text = 'Green'
154.4588 	EXP 	R_2: height = np.float64(42.0)
154.4588 	EXP 	R_2: height = np.float64(42.0)
154.4588 	EXP 	R_2: height = np.float64(42.0)
154.4588 	EXP 	R_2: text = 0
154.4588 	EXP 	G_2: height = np.float64(42.0)
154.4588 	EXP 	G_2: height = np.float64(42.0)
154.4588 	EXP 	G_2: height = np.float64(42.0)
154.4588 	EXP 	G_2: text = 98
154.4588 	EXP 	B_2: height = np.float64(42.0)
154.4588 	EXP 	B_2: height = np.float64(42.0)
154.4588 	EXP 	B_2: height = np.float64(42.0)
154.4588 	EXP 	B_2: text = 5
154.4588 	EXP 	correctAnswer: autoDraw = True
154.4588 	EXP 	RBGInfo_2: autoDraw = True
154.4588 	EXP 	R_2: autoDraw = True
154.4588 	EXP 	G_2: autoDraw = True
154.4588 	EXP 	B_2: autoDraw = True
154.9637 	DATA 	Mouse: Left button down, pos=(1039,265)
154.9777 	EXP 	correctAnswer: autoDraw = False
154.9777 	EXP 	wrongAnswer: autoDraw = False
154.9777 	EXP 	corrColor_2: autoDraw = False
154.9777 	EXP 	RBGInfo_2: autoDraw = False
154.9777 	EXP 	R_2: autoDraw = False
154.9777 	EXP 	G_2: autoDraw = False
154.9777 	EXP 	B_2: autoDraw = False
154.9777 	EXP 	text_11: autoDraw = True
155.0913 	DATA 	Mouse:  Left button up, pos=(1049,268)
155.3293 	EXP 	New trial (rep=0, index=6): <Trial 6 (6 in rep 0) data={'folder': 'Demo', 'image': 'DemoSeafoam.jpg', 'logical': True, 'corrColor': 'Seafoam', 'corrR': 0, 'corrG': 100, 'corrB': 60, 'image_path': 'Demo/DemoSeafoam_0.png', 'thisN': 6, 'thisTrialN': 6, 'thisRepN': 0}>
155.5598 	EXP 	text_11: autoDraw = False
155.5598 	EXP 	img: foreColor = <psychopy.colors.Color: white, alpha=1.0>
155.5598 	EXP 	img: ori = np.float64(0.0)
155.5598 	EXP 	Instructions: text = 'Click the spacebar to shuffle through the filters to recognize the color.\nPress the button of the color you think it corresponds to.'
155.5598 	EXP 	R: height = np.float64(42.0)
155.5598 	EXP 	R: height = np.float64(42.0)
155.5598 	EXP 	R: height = np.float64(42.0)
155.5598 	EXP 	R: text = 0
155.5598 	EXP 	G: height = np.float64(42.0)
155.5598 	EXP 	G: height = np.float64(42.0)
155.5598 	EXP 	G: height = np.float64(42.0)
155.5598 	EXP 	G: text = 100
155.5598 	EXP 	B: height = np.float64(42.0)
155.5598 	EXP 	B: height = np.float64(42.0)
155.5598 	EXP 	B: height = np.float64(42.0)
155.5598 	EXP 	B: text = 60
155.5598 	EXP 	img: autoDraw = True
155.5598 	EXP 	Instructions: autoDraw = True
155.5598 	EXP 	RBGInfo: autoDraw = True
155.5598 	EXP 	R: autoDraw = True
155.5598 	EXP 	G: autoDraw = True
155.5598 	EXP 	B: autoDraw = True
169.7446 	DATA 	Mouse: Left button down, pos=(1766,884)
169.7582 	EXP 	img: autoDraw = False
169.7582 	EXP 	Instructions: autoDraw = False
169.7582 	EXP 	RBGInfo: autoDraw = False
169.7582 	EXP 	R: autoDraw = False
169.7582 	EXP 	G: autoDraw = False
169.7582 	EXP 	B: autoDraw = False
169.7582 	EXP 	text_8: autoDraw = True
169.8155 	DATA 	Mouse:  Left button up, pos=(1766,884)
170.1743 	EXP 	text_8: autoDraw = False
170.1743 	EXP 	slider: markerPos = None
170.1743 	EXP 	slider: markerPos = 1
170.1743 	EXP 	slider: autoDraw = True
170.1743 	EXP 	text_9: autoDraw = True
170.1743 	EXP 	text_answer: autoDraw = True
171.4629 	DATA 	Mouse: Left button down, pos=(1383,595)
171.5077 	EXP 	slider: markerPos = np.float64(4.8919999999999995)
171.5410 	EXP 	slider: markerPos = np.float64(4.8919999999999995)
171.5447 	DATA 	Mouse:  Left button up, pos=(1383,595)
171.5749 	EXP 	slider: markerPos = 5.0
172.3974 	DATA 	Mouse: Left button down, pos=(998,245)
172.4287 	EXP 	slider: autoDraw = False
172.4287 	EXP 	text_9: autoDraw = False
172.4287 	EXP 	text_answer: autoDraw = False
172.4287 	EXP 	text_8: autoDraw = True
172.5007 	DATA 	Mouse:  Left button up, pos=(998,245)
172.8244 	INFO 	Keyboard events cleared
172.8242 	EXP 	text_8: autoDraw = False
172.8242 	EXP 	text_8: autoDraw = False
172.8242 	EXP 	corrColor_2: height = np.float64(56.0)
172.8242 	EXP 	corrColor_2: height = np.float64(56.0)
172.8242 	EXP 	corrColor_2: height = np.float64(56.0)
172.8242 	EXP 	corrColor_2: text = 'Seafoam'
172.8242 	EXP 	R_2: height = np.float64(42.0)
172.8242 	EXP 	R_2: height = np.float64(42.0)
172.8242 	EXP 	R_2: height = np.float64(42.0)
172.8242 	EXP 	R_2: text = 0
172.8242 	EXP 	G_2: height = np.float64(42.0)
172.8242 	EXP 	G_2: height = np.float64(42.0)
172.8242 	EXP 	G_2: height = np.float64(42.0)
172.8242 	EXP 	G_2: text = 100
172.8242 	EXP 	B_2: height = np.float64(42.0)
172.8242 	EXP 	B_2: height = np.float64(42.0)
172.8242 	EXP 	B_2: height = np.float64(42.0)
172.8242 	EXP 	B_2: text = 60
172.8242 	EXP 	correctAnswer: autoDraw = True
172.8242 	EXP 	RBGInfo_2: autoDraw = True
172.8242 	EXP 	R_2: autoDraw = True
172.8242 	EXP 	G_2: autoDraw = True
172.8242 	EXP 	B_2: autoDraw = True
173.3967 	DATA 	Mouse: Left button down, pos=(1005,271)
173.4243 	EXP 	correctAnswer: autoDraw = False
173.4243 	EXP 	wrongAnswer: autoDraw = False
173.4243 	EXP 	corrColor_2: autoDraw = False
173.4243 	EXP 	RBGInfo_2: autoDraw = False
173.4243 	EXP 	R_2: autoDraw = False
173.4243 	EXP 	G_2: autoDraw = False
173.4243 	EXP 	B_2: autoDraw = False
173.4243 	EXP 	text_11: autoDraw = True
173.4829 	DATA 	Mouse:  Left button up, pos=(1008,272)
173.7643 	EXP 	New trial (rep=0, index=7): <Trial 7 (7 in rep 0) data={'folder': 'Demo', 'image': 'DemoCyan.jpg', 'logical': True, 'corrColor': 'Cyan', 'corrR': 1, 'corrG': 100, 'corrB': 92, 'image_path': 'Demo/DemoCyan_0.png', 'thisN': 7, 'thisTrialN': 7, 'thisRepN': 0}>
173.9767 	EXP 	text_11: autoDraw = False
173.9767 	EXP 	img: foreColor = <psychopy.colors.Color: white, alpha=1.0>
173.9767 	EXP 	img: ori = np.float64(0.0)
173.9767 	EXP 	Instructions: text = 'Click the spacebar to shuffle through the filters to recognize the color.\nPress the button of the color you think it corresponds to.'
173.9767 	EXP 	R: height = np.float64(42.0)
173.9767 	EXP 	R: height = np.float64(42.0)
173.9767 	EXP 	R: height = np.float64(42.0)
173.9767 	EXP 	R: text = 1
173.9767 	EXP 	G: height = np.float64(42.0)
173.9767 	EXP 	G: height = np.float64(42.0)
173.9767 	EXP 	G: height = np.float64(42.0)
173.9767 	EXP 	G: text = 100
173.9767 	EXP 	B: height = np.float64(42.0)
173.9767 	EXP 	B: height = np.float64(42.0)
173.9767 	EXP 	B: height = np.float64(42.0)
173.9767 	EXP 	B: text = 92
173.9767 	EXP 	img: autoDraw = True
173.9767 	EXP 	Instructions: autoDraw = True
173.9767 	EXP 	RBGInfo: autoDraw = True
173.9767 	EXP 	R: autoDraw = True
173.9767 	EXP 	G: autoDraw = True
173.9767 	EXP 	B: autoDraw = True
181.8077 	DATA 	Mouse: Left button down, pos=(1704,450)
181.9165 	DATA 	Mouse:  Left button up, pos=(1704,450)
183.1049 	DATA 	Mouse: Left button down, pos=(1712,458)
183.1247 	EXP 	img: autoDraw = False
183.1247 	EXP 	Instructions: autoDraw = False
183.1247 	EXP 	RBGInfo: autoDraw = False
183.1247 	EXP 	R: autoDraw = False
183.1247 	EXP 	G: autoDraw = False
183.1247 	EXP 	B: autoDraw = False
183.1247 	EXP 	text_8: autoDraw = True
183.1637 	DATA 	Mouse:  Left button up, pos=(1712,458)
183.5071 	EXP 	text_8: autoDraw = False
183.5071 	EXP 	slider: markerPos = None
183.5071 	EXP 	slider: markerPos = 1
183.5071 	EXP 	slider: autoDraw = True
183.5071 	EXP 	text_9: autoDraw = True
183.5071 	EXP 	text_answer: autoDraw = True
184.4945 	DATA 	Mouse: Left button down, pos=(1415,608)
184.5407 	EXP 	slider: markerPos = np.float64(5.02)
184.5740 	EXP 	slider: markerPos = np.float64(5.02)
184.5987 	DATA 	Mouse:  Left button up, pos=(1415,608)
184.6076 	EXP 	slider: markerPos = np.float64(5.02)
184.6406 	EXP 	slider: markerPos = 5.0
186.1141 	DATA 	Mouse: Left button down, pos=(994,273)
186.1407 	EXP 	slider: autoDraw = False
186.1407 	EXP 	text_9: autoDraw = False
186.1407 	EXP 	text_answer: autoDraw = False
186.1407 	EXP 	text_8: autoDraw = True
186.2140 	DATA 	Mouse:  Left button up, pos=(994,273)
186.5242 	INFO 	Keyboard events cleared
186.5239 	EXP 	text_8: autoDraw = False
186.5239 	EXP 	corrColor_2: height = np.float64(56.0)
186.5239 	EXP 	corrColor_2: height = np.float64(56.0)
186.5239 	EXP 	corrColor_2: height = np.float64(56.0)
186.5239 	EXP 	corrColor_2: text = 'Cyan'
186.5239 	EXP 	R_2: height = np.float64(42.0)
186.5239 	EXP 	R_2: height = np.float64(42.0)
186.5239 	EXP 	R_2: height = np.float64(42.0)
186.5239 	EXP 	R_2: text = 1
186.5239 	EXP 	G_2: height = np.float64(42.0)
186.5239 	EXP 	G_2: height = np.float64(42.0)
186.5239 	EXP 	G_2: height = np.float64(42.0)
186.5239 	EXP 	G_2: text = 100
186.5239 	EXP 	B_2: height = np.float64(42.0)
186.5239 	EXP 	B_2: height = np.float64(42.0)
186.5239 	EXP 	B_2: height = np.float64(42.0)
186.5239 	EXP 	B_2: text = 92
186.5239 	EXP 	correctAnswer: autoDraw = True
186.5239 	EXP 	RBGInfo_2: autoDraw = True
186.5239 	EXP 	R_2: autoDraw = True
186.5239 	EXP 	G_2: autoDraw = True
186.5239 	EXP 	B_2: autoDraw = True
186.9301 	DATA 	Mouse: Left button down, pos=(1035,277)
186.9562 	EXP 	correctAnswer: autoDraw = False
186.9562 	EXP 	wrongAnswer: autoDraw = False
186.9562 	EXP 	corrColor_2: autoDraw = False
186.9562 	EXP 	RBGInfo_2: autoDraw = False
186.9562 	EXP 	R_2: autoDraw = False
186.9562 	EXP 	G_2: autoDraw = False
186.9562 	EXP 	B_2: autoDraw = False
186.9562 	EXP 	text_11: autoDraw = True
187.0345 	DATA 	Mouse:  Left button up, pos=(1034,277)
187.2963 	EXP 	New trial (rep=0, index=8): <Trial 8 (8 in rep 0) data={'folder': 'Demo', 'image': 'DemoTeal.jpg', 'logical': True, 'corrColor': 'Teal', 'corrR': 1, 'corrG': 51, 'corrB': 48, 'image_path': 'Demo/DemoTeal_0.png', 'thisN': 8, 'thisTrialN': 8, 'thisRepN': 0}>
187.5422 	EXP 	text_11: autoDraw = False
187.5422 	EXP 	img: foreColor = <psychopy.colors.Color: white, alpha=1.0>
187.5422 	EXP 	img: ori = np.float64(0.0)
187.5422 	EXP 	Instructions: text = 'Click the spacebar to shuffle through the filters to recognize the color.\nPress the button of the color you think it corresponds to.'
187.5422 	EXP 	R: height = np.float64(42.0)
187.5422 	EXP 	R: height = np.float64(42.0)
187.5422 	EXP 	R: height = np.float64(42.0)
187.5422 	EXP 	R: text = 1
187.5422 	EXP 	G: height = np.float64(42.0)
187.5422 	EXP 	G: height = np.float64(42.0)
187.5422 	EXP 	G: height = np.float64(42.0)
187.5422 	EXP 	G: text = 51
187.5422 	EXP 	B: height = np.float64(42.0)
187.5422 	EXP 	B: height = np.float64(42.0)
187.5422 	EXP 	B: height = np.float64(42.0)
187.5422 	EXP 	B: text = 48
187.5422 	EXP 	img: autoDraw = True
187.5422 	EXP 	Instructions: autoDraw = True
187.5422 	EXP 	RBGInfo: autoDraw = True
187.5422 	EXP 	R: autoDraw = True
187.5422 	EXP 	G: autoDraw = True
187.5422 	EXP 	B: autoDraw = True
195.7787 	DATA 	Mouse: Left button down, pos=(1702,1064)
195.7913 	EXP 	img: autoDraw = False
195.7913 	EXP 	Instructions: autoDraw = False
195.7913 	EXP 	RBGInfo: autoDraw = False
195.7913 	EXP 	R: autoDraw = False
195.7913 	EXP 	G: autoDraw = False
195.7913 	EXP 	B: autoDraw = False
195.7913 	EXP 	text_8: autoDraw = True
195.8319 	DATA 	Mouse:  Left button up, pos=(1702,1064)
196.1898 	EXP 	text_8: autoDraw = False
196.1898 	EXP 	text_8: autoDraw = False
196.1898 	EXP 	slider: markerPos = None
196.1898 	EXP 	slider: markerPos = 1
196.1898 	EXP 	slider: autoDraw = True
196.1898 	EXP 	text_9: autoDraw = True
196.1898 	EXP 	text_answer: autoDraw = True
197.2936 	DATA 	Mouse: Left button down, pos=(1419,593)
197.3232 	EXP 	slider: markerPos = np.float64(5.036)
197.3566 	EXP 	slider: markerPos = np.float64(5.036)
197.3901 	EXP 	slider: markerPos = np.float64(5.036)
197.4175 	DATA 	Mouse:  Left button up, pos=(1419,593)
197.4236 	EXP 	slider: markerPos = np.float64(5.036)
197.4567 	EXP 	slider: markerPos = 5.0
198.1952 	DATA 	Mouse: Left button down, pos=(968,269)
198.2262 	EXP 	slider: autoDraw = False
198.2262 	EXP 	text_9: autoDraw = False
198.2262 	EXP 	text_answer: autoDraw = False
198.2262 	EXP 	text_8: autoDraw = True
198.2969 	DATA 	Mouse:  Left button up, pos=(968,269)
198.6071 	INFO 	Keyboard events cleared
198.6068 	EXP 	text_8: autoDraw = False
198.6068 	EXP 	corrColor_2: height = np.float64(56.0)
198.6068 	EXP 	corrColor_2: height = np.float64(56.0)
198.6068 	EXP 	corrColor_2: height = np.float64(56.0)
198.6068 	EXP 	corrColor_2: text = 'Teal'
198.6068 	EXP 	R_2: height = np.float64(42.0)
198.6068 	EXP 	R_2: height = np.float64(42.0)
198.6068 	EXP 	R_2: height = np.float64(42.0)
198.6068 	EXP 	R_2: text = 1
198.6068 	EXP 	G_2: height = np.float64(42.0)
198.6068 	EXP 	G_2: height = np.float64(42.0)
198.6068 	EXP 	G_2: height = np.float64(42.0)
198.6068 	EXP 	G_2: text = 51
198.6068 	EXP 	B_2: height = np.float64(42.0)
198.6068 	EXP 	B_2: height = np.float64(42.0)
198.6068 	EXP 	B_2: height = np.float64(42.0)
198.6068 	EXP 	B_2: text = 48
198.6068 	EXP 	correctAnswer: autoDraw = True
198.6068 	EXP 	RBGInfo_2: autoDraw = True
198.6068 	EXP 	R_2: autoDraw = True
198.6068 	EXP 	G_2: autoDraw = True
198.6068 	EXP 	B_2: autoDraw = True
199.0468 	DATA 	Mouse: Left button down, pos=(1006,259)
199.0743 	EXP 	correctAnswer: autoDraw = False
199.0743 	EXP 	wrongAnswer: autoDraw = False
199.0743 	EXP 	corrColor_2: autoDraw = False
199.0743 	EXP 	RBGInfo_2: autoDraw = False
199.0743 	EXP 	R_2: autoDraw = False
199.0743 	EXP 	G_2: autoDraw = False
199.0743 	EXP 	B_2: autoDraw = False
199.0743 	EXP 	text_11: autoDraw = True
199.1644 	DATA 	Mouse:  Left button up, pos=(998,266)
199.4125 	EXP 	New trial (rep=0, index=9): <Trial 9 (9 in rep 0) data={'folder': 'Demo', 'image': 'DemoBlue.jpg', 'logical': True, 'corrColor': 'Blue', 'corrR': 0, 'corrG': 0, 'corrB': 90, 'image_path': 'Demo/DemoBlue_0.png', 'thisN': 9, 'thisTrialN': 9, 'thisRepN': 0}>
199.6582 	EXP 	text_11: autoDraw = False
199.6582 	EXP 	img: foreColor = <psychopy.colors.Color: white, alpha=1.0>
199.6582 	EXP 	img: ori = np.float64(0.0)
199.6582 	EXP 	Instructions: text = 'Click the spacebar to shuffle through the filters to recognize the color.\nPress the button of the color you think it corresponds to.'
199.6582 	EXP 	R: height = np.float64(42.0)
199.6582 	EXP 	R: height = np.float64(42.0)
199.6582 	EXP 	R: height = np.float64(42.0)
199.6582 	EXP 	R: text = 0
199.6582 	EXP 	G: height = np.float64(42.0)
199.6582 	EXP 	G: height = np.float64(42.0)
199.6582 	EXP 	G: height = np.float64(42.0)
199.6582 	EXP 	G: text = 0
199.6582 	EXP 	B: height = np.float64(42.0)
199.6582 	EXP 	B: height = np.float64(42.0)
199.6582 	EXP 	B: height = np.float64(42.0)
199.6582 	EXP 	B: text = 90
199.6582 	EXP 	img: autoDraw = True
199.6582 	EXP 	Instructions: autoDraw = True
199.6582 	EXP 	RBGInfo: autoDraw = True
199.6582 	EXP 	R: autoDraw = True
199.6582 	EXP 	G: autoDraw = True
199.6582 	EXP 	B: autoDraw = True
206.3887 	DATA 	Mouse: Left button down, pos=(1660,638)
206.4076 	EXP 	img: autoDraw = False
206.4076 	EXP 	Instructions: autoDraw = False
206.4076 	EXP 	RBGInfo: autoDraw = False
206.4076 	EXP 	R: autoDraw = False
206.4076 	EXP 	G: autoDraw = False
206.4076 	EXP 	B: autoDraw = False
206.4076 	EXP 	text_8: autoDraw = True
206.4812 	DATA 	Mouse:  Left button up, pos=(1660,638)
206.8400 	EXP 	text_8: autoDraw = False
206.8400 	EXP 	slider: markerPos = None
206.8400 	EXP 	slider: markerPos = 1
206.8400 	EXP 	slider: autoDraw = True
206.8400 	EXP 	text_9: autoDraw = True
206.8400 	EXP 	text_answer: autoDraw = True
207.8748 	DATA 	Mouse: Left button down, pos=(1412,599)
207.9235 	EXP 	slider: markerPos = np.float64(5.008)
207.9567 	EXP 	slider: markerPos = np.float64(5.008)
207.9904 	EXP 	slider: markerPos = np.float64(5.008)
207.9953 	DATA 	Mouse:  Left button up, pos=(1412,599)
208.0396 	EXP 	slider: markerPos = 5.0
209.2939 	DATA 	Mouse: Left button down, pos=(981,266)
209.3110 	EXP 	slider: autoDraw = False
209.3110 	EXP 	text_9: autoDraw = False
209.3110 	EXP 	text_answer: autoDraw = False
209.3110 	EXP 	text_8: autoDraw = True
209.3833 	DATA 	Mouse:  Left button up, pos=(981,266)
209.7067 	INFO 	Keyboard events cleared
209.7064 	EXP 	text_8: autoDraw = False
209.7064 	EXP 	text_8: autoDraw = False
209.7064 	EXP 	corrColor_2: height = np.float64(56.0)
209.7064 	EXP 	corrColor_2: height = np.float64(56.0)
209.7064 	EXP 	corrColor_2: height = np.float64(56.0)
209.7064 	EXP 	corrColor_2: text = 'Blue'
209.7064 	EXP 	R_2: height = np.float64(42.0)
209.7064 	EXP 	R_2: height = np.float64(42.0)
209.7064 	EXP 	R_2: height = np.float64(42.0)
209.7064 	EXP 	R_2: text = 0
209.7064 	EXP 	G_2: height = np.float64(42.0)
209.7064 	EXP 	G_2: height = np.float64(42.0)
209.7064 	EXP 	G_2: height = np.float64(42.0)
209.7064 	EXP 	G_2: text = 0
209.7064 	EXP 	B_2: height = np.float64(42.0)
209.7064 	EXP 	B_2: height = np.float64(42.0)
209.7064 	EXP 	B_2: height = np.float64(42.0)
209.7064 	EXP 	B_2: text = 90
209.7064 	EXP 	correctAnswer: autoDraw = True
209.7064 	EXP 	RBGInfo_2: autoDraw = True
209.7064 	EXP 	R_2: autoDraw = True
209.7064 	EXP 	G_2: autoDraw = True
209.7064 	EXP 	B_2: autoDraw = True
210.2606 	DATA 	Mouse: Left button down, pos=(1003,277)
210.2768 	EXP 	correctAnswer: autoDraw = False
210.2768 	EXP 	wrongAnswer: autoDraw = False
210.2768 	EXP 	corrColor_2: autoDraw = False
210.2768 	EXP 	RBGInfo_2: autoDraw = False
210.2768 	EXP 	R_2: autoDraw = False
210.2768 	EXP 	G_2: autoDraw = False
210.2768 	EXP 	B_2: autoDraw = False
210.2768 	EXP 	text_11: autoDraw = True
210.3833 	DATA 	Mouse:  Left button up, pos=(1008,277)
210.6120 	EXP 	New trial (rep=0, index=10): <Trial 10 (10 in rep 0) data={'folder': 'Demo', 'image': 'DemoPurple.jpg', 'logical': True, 'corrColor': 'Purple', 'corrR': 65, 'corrG': 3, 'corrB': 100, 'image_path': 'Demo/DemoPurple_0.png', 'thisN': 10, 'thisTrialN': 10, 'thisRepN': 0}>
210.8243 	EXP 	text_11: autoDraw = False
210.8243 	EXP 	text_11: autoDraw = False
210.8243 	EXP 	img: foreColor = <psychopy.colors.Color: white, alpha=1.0>
210.8243 	EXP 	img: ori = np.float64(0.0)
210.8243 	EXP 	Instructions: text = 'Click the spacebar to shuffle through the filters to recognize the color.\nPress the button of the color you think it corresponds to.'
210.8243 	EXP 	R: height = np.float64(42.0)
210.8243 	EXP 	R: height = np.float64(42.0)
210.8243 	EXP 	R: height = np.float64(42.0)
210.8243 	EXP 	R: text = 65
210.8243 	EXP 	G: height = np.float64(42.0)
210.8243 	EXP 	G: height = np.float64(42.0)
210.8243 	EXP 	G: height = np.float64(42.0)
210.8243 	EXP 	G: text = 3
210.8243 	EXP 	B: height = np.float64(42.0)
210.8243 	EXP 	B: height = np.float64(42.0)
210.8243 	EXP 	B: height = np.float64(42.0)
210.8243 	EXP 	B: text = 100
210.8243 	EXP 	img: autoDraw = True
210.8243 	EXP 	Instructions: autoDraw = True
210.8243 	EXP 	RBGInfo: autoDraw = True
210.8243 	EXP 	R: autoDraw = True
210.8243 	EXP 	G: autoDraw = True
210.8243 	EXP 	B: autoDraw = True
223.1128 	DATA 	Mouse: Left button down, pos=(1729,530)
223.1399 	EXP 	img: autoDraw = False
223.1399 	EXP 	Instructions: autoDraw = False
223.1399 	EXP 	RBGInfo: autoDraw = False
223.1399 	EXP 	R: autoDraw = False
223.1399 	EXP 	G: autoDraw = False
223.1399 	EXP 	B: autoDraw = False
223.1399 	EXP 	text_8: autoDraw = True
223.1796 	DATA 	Mouse:  Left button up, pos=(1729,530)
223.5221 	EXP 	text_8: autoDraw = False
223.5221 	EXP 	slider: markerPos = None
223.5221 	EXP 	slider: markerPos = 1
223.5221 	EXP 	slider: autoDraw = True
223.5221 	EXP 	text_9: autoDraw = True
223.5221 	EXP 	text_answer: autoDraw = True
224.2707 	DATA 	Mouse: Left button down, pos=(1402,624)
224.3227 	EXP 	slider: markerPos = np.float64(4.984)
224.3555 	EXP 	slider: markerPos = np.float64(5.004)
224.3821 	DATA 	Mouse:  Left button up, pos=(1415,603)
224.3892 	EXP 	slider: markerPos = np.float64(5.016)
224.4397 	EXP 	slider: markerPos = 5.0
225.8290 	DATA 	Mouse: Left button down, pos=(982,234)
225.8598 	EXP 	slider: autoDraw = False
225.8598 	EXP 	text_9: autoDraw = False
225.8598 	EXP 	text_answer: autoDraw = False
225.8598 	EXP 	text_8: autoDraw = True
225.9328 	DATA 	Mouse:  Left button up, pos=(983,234)
226.2393 	INFO 	Keyboard events cleared
226.2390 	EXP 	text_8: autoDraw = False
226.2390 	EXP 	corrColor_2: height = np.float64(56.0)
226.2390 	EXP 	corrColor_2: height = np.float64(56.0)
226.2390 	EXP 	corrColor_2: height = np.float64(56.0)
226.2390 	EXP 	corrColor_2: text = 'Purple'
226.2390 	EXP 	R_2: height = np.float64(42.0)
226.2390 	EXP 	R_2: height = np.float64(42.0)
226.2390 	EXP 	R_2: height = np.float64(42.0)
226.2390 	EXP 	R_2: text = 65
226.2390 	EXP 	G_2: height = np.float64(42.0)
226.2390 	EXP 	G_2: height = np.float64(42.0)
226.2390 	EXP 	G_2: height = np.float64(42.0)
226.2390 	EXP 	G_2: text = 3
226.2390 	EXP 	B_2: height = np.float64(42.0)
226.2390 	EXP 	B_2: height = np.float64(42.0)
226.2390 	EXP 	B_2: height = np.float64(42.0)
226.2390 	EXP 	B_2: text = 100
226.2390 	EXP 	correctAnswer: autoDraw = True
226.2390 	EXP 	RBGInfo_2: autoDraw = True
226.2390 	EXP 	R_2: autoDraw = True
226.2390 	EXP 	G_2: autoDraw = True
226.2390 	EXP 	B_2: autoDraw = True
226.5797 	DATA 	Mouse: Left button down, pos=(1003,239)
226.6061 	EXP 	correctAnswer: autoDraw = False
226.6061 	EXP 	wrongAnswer: autoDraw = False
226.6061 	EXP 	corrColor_2: autoDraw = False
226.6061 	EXP 	RBGInfo_2: autoDraw = False
226.6061 	EXP 	R_2: autoDraw = False
226.6061 	EXP 	G_2: autoDraw = False
226.6061 	EXP 	B_2: autoDraw = False
226.6061 	EXP 	text_11: autoDraw = True
226.6981 	DATA 	Mouse:  Left button up, pos=(1003,244)
226.9440 	EXP 	New trial (rep=0, index=11): <Trial 11 (11 in rep 0) data={'folder': 'Demo', 'image': 'DemoPink.jpg', 'logical': True, 'corrColor': 'Pink', 'corrR': 100, 'corrG': 2, 'corrB': 40, 'image_path': 'Demo/DemoPink_0.png', 'thisN': 11, 'thisTrialN': 11, 'thisRepN': 0}>
227.1903 	EXP 	text_11: autoDraw = False
227.1903 	EXP 	img: foreColor = <psychopy.colors.Color: white, alpha=1.0>
227.1903 	EXP 	img: ori = np.float64(0.0)
227.1903 	EXP 	Instructions: text = 'Click the spacebar to shuffle through the filters to recognize the color.\nPress the button of the color you think it corresponds to.'
227.1903 	EXP 	R: height = np.float64(42.0)
227.1903 	EXP 	R: height = np.float64(42.0)
227.1903 	EXP 	R: height = np.float64(42.0)
227.1903 	EXP 	R: text = 100
227.1903 	EXP 	G: height = np.float64(42.0)
227.1903 	EXP 	G: height = np.float64(42.0)
227.1903 	EXP 	G: height = np.float64(42.0)
227.1903 	EXP 	G: text = 2
227.1903 	EXP 	B: height = np.float64(42.0)
227.1903 	EXP 	B: height = np.float64(42.0)
227.1903 	EXP 	B: height = np.float64(42.0)
227.1903 	EXP 	B: text = 40
227.1903 	EXP 	img: autoDraw = True
227.1903 	EXP 	Instructions: autoDraw = True
227.1903 	EXP 	RBGInfo: autoDraw = True
227.1903 	EXP 	R: autoDraw = True
227.1903 	EXP 	G: autoDraw = True
227.1903 	EXP 	B: autoDraw = True
241.4831 	DATA 	Mouse: Left button down, pos=(1735,827)
241.5058 	EXP 	img: autoDraw = False
241.5058 	EXP 	Instructions: autoDraw = False
241.5058 	EXP 	RBGInfo: autoDraw = False
241.5058 	EXP 	R: autoDraw = False
241.5058 	EXP 	G: autoDraw = False
241.5058 	EXP 	B: autoDraw = False
241.5058 	EXP 	text_8: autoDraw = True
241.5970 	DATA 	Mouse:  Left button up, pos=(1735,827)
241.9053 	EXP 	text_8: autoDraw = False
241.9053 	EXP 	slider: markerPos = None
241.9053 	EXP 	slider: markerPos = 1
241.9053 	EXP 	slider: autoDraw = True
241.9053 	EXP 	text_9: autoDraw = True
241.9053 	EXP 	text_answer: autoDraw = True
243.4105 	DATA 	Mouse: Left button down, pos=(1395,597)
243.4384 	EXP 	slider: markerPos = np.float64(4.944)
243.4718 	EXP 	slider: markerPos = np.float64(4.948)
243.5051 	EXP 	slider: markerPos = np.float64(4.948)
243.5320 	DATA 	Mouse:  Left button up, pos=(1397,597)
243.5384 	EXP 	slider: markerPos = np.float64(4.948)
243.5719 	EXP 	slider: markerPos = 5.0
244.2065 	DATA 	Mouse: Left button down, pos=(1004,288)
244.2236 	EXP 	slider: autoDraw = False
244.2236 	EXP 	text_9: autoDraw = False
244.2236 	EXP 	text_answer: autoDraw = False
244.2236 	EXP 	text_8: autoDraw = True
244.3132 	DATA 	Mouse:  Left button up, pos=(1005,288)
244.6051 	INFO 	Keyboard events cleared
244.6049 	EXP 	text_8: autoDraw = False
244.6049 	EXP 	corrColor_2: height = np.float64(56.0)
244.6049 	EXP 	corrColor_2: height = np.float64(56.0)
244.6049 	EXP 	corrColor_2: height = np.float64(56.0)
244.6049 	EXP 	corrColor_2: text = 'Pink'
244.6049 	EXP 	R_2: height = np.float64(42.0)
244.6049 	EXP 	R_2: height = np.float64(42.0)
244.6049 	EXP 	R_2: height = np.float64(42.0)
244.6049 	EXP 	R_2: text = 100
244.6049 	EXP 	G_2: height = np.float64(42.0)
244.6049 	EXP 	G_2: height = np.float64(42.0)
244.6049 	EXP 	G_2: height = np.float64(42.0)
244.6049 	EXP 	G_2: text = 2
244.6049 	EXP 	B_2: height = np.float64(42.0)
244.6049 	EXP 	B_2: height = np.float64(42.0)
244.6049 	EXP 	B_2: height = np.float64(42.0)
244.6049 	EXP 	B_2: text = 40
244.6049 	EXP 	correctAnswer: autoDraw = True
244.6049 	EXP 	RBGInfo_2: autoDraw = True
244.6049 	EXP 	R_2: autoDraw = True
244.6049 	EXP 	G_2: autoDraw = True
244.6049 	EXP 	B_2: autoDraw = True
245.2291 	DATA 	Mouse: Left button down, pos=(1029,263)
245.2542 	EXP 	correctAnswer: autoDraw = False
245.2542 	EXP 	wrongAnswer: autoDraw = False
245.2542 	EXP 	corrColor_2: autoDraw = False
245.2542 	EXP 	RBGInfo_2: autoDraw = False
245.2542 	EXP 	R_2: autoDraw = False
245.2542 	EXP 	G_2: autoDraw = False
245.2542 	EXP 	B_2: autoDraw = False
245.2542 	EXP 	text_11: autoDraw = True
245.3507 	DATA 	Mouse:  Left button up, pos=(1030,266)
245.5949 	EXP 	New trial (rep=0, index=12): <Trial 12 (12 in rep 0) data={'folder': 'Demo', 'image': 'DemoBordeaux.jpg', 'logical': True, 'corrColor': 'Bordeaux', 'corrR': 51, 'corrG': 0, 'corrB': 15, 'image_path': 'Demo/DemoBordeaux_0.png', 'thisN': 12, 'thisTrialN': 12, 'thisRepN': 0}>
245.8393 	EXP 	text_11: autoDraw = False
245.8393 	EXP 	img: foreColor = <psychopy.colors.Color: white, alpha=1.0>
245.8393 	EXP 	img: ori = np.float64(0.0)
245.8393 	EXP 	Instructions: text = 'Click the spacebar to shuffle through the filters to recognize the color.\nPress the button of the color you think it corresponds to.'
245.8393 	EXP 	R: height = np.float64(42.0)
245.8393 	EXP 	R: height = np.float64(42.0)
245.8393 	EXP 	R: height = np.float64(42.0)
245.8393 	EXP 	R: text = 51
245.8393 	EXP 	G: height = np.float64(42.0)
245.8393 	EXP 	G: height = np.float64(42.0)
245.8393 	EXP 	G: height = np.float64(42.0)
245.8393 	EXP 	G: text = 0
245.8393 	EXP 	B: height = np.float64(42.0)
245.8393 	EXP 	B: height = np.float64(42.0)
245.8393 	EXP 	B: height = np.float64(42.0)
245.8393 	EXP 	B: text = 15
245.8393 	EXP 	img: autoDraw = True
245.8393 	EXP 	Instructions: autoDraw = True
245.8393 	EXP 	RBGInfo: autoDraw = True
245.8393 	EXP 	R: autoDraw = True
245.8393 	EXP 	G: autoDraw = True
245.8393 	EXP 	B: autoDraw = True
254.7901 	DATA 	Mouse: Left button down, pos=(1418,719)
254.9625 	DATA 	Mouse:  Left button up, pos=(1418,719)
263.4315 	DATA 	Mouse: Left button down, pos=(1717,994)
263.4552 	EXP 	img: autoDraw = False
263.4552 	EXP 	Instructions: autoDraw = False
263.4552 	EXP 	RBGInfo: autoDraw = False
263.4552 	EXP 	R: autoDraw = False
263.4552 	EXP 	G: autoDraw = False
263.4552 	EXP 	B: autoDraw = False
263.4552 	EXP 	text_8: autoDraw = True
263.4602 	DATA 	Mouse:  Left button up, pos=(1717,994)
263.8552 	EXP 	text_8: autoDraw = False
263.8552 	EXP 	slider: markerPos = None
263.8552 	EXP 	slider: markerPos = 1
263.8552 	EXP 	slider: autoDraw = True
263.8552 	EXP 	text_9: autoDraw = True
263.8552 	EXP 	text_answer: autoDraw = True
264.7585 	DATA 	Mouse: Left button down, pos=(1398,616)
264.8045 	EXP 	slider: markerPos = np.float64(4.952)
264.8383 	EXP 	slider: markerPos = np.float64(4.952)
264.8724 	EXP 	slider: markerPos = np.float64(4.952)
264.8779 	DATA 	Mouse:  Left button up, pos=(1398,616)
264.9217 	EXP 	slider: markerPos = 5.0
266.1933 	DATA 	Mouse: Left button down, pos=(960,273)
266.2250 	EXP 	slider: autoDraw = False
266.2250 	EXP 	text_9: autoDraw = False
266.2250 	EXP 	text_answer: autoDraw = False
266.2250 	EXP 	text_8: autoDraw = True
266.3117 	DATA 	Mouse:  Left button up, pos=(960,273)
266.6211 	INFO 	Keyboard events cleared
266.6209 	EXP 	text_8: autoDraw = False
266.6209 	EXP 	corrColor_2: height = np.float64(56.0)
266.6209 	EXP 	corrColor_2: height = np.float64(56.0)
266.6209 	EXP 	corrColor_2: height = np.float64(56.0)
266.6209 	EXP 	corrColor_2: text = 'Bordeaux'
266.6209 	EXP 	R_2: height = np.float64(42.0)
266.6209 	EXP 	R_2: height = np.float64(42.0)
266.6209 	EXP 	R_2: height = np.float64(42.0)
266.6209 	EXP 	R_2: text = 51
266.6209 	EXP 	G_2: height = np.float64(42.0)
266.6209 	EXP 	G_2: height = np.float64(42.0)
266.6209 	EXP 	G_2: height = np.float64(42.0)
266.6209 	EXP 	G_2: text = 0
266.6209 	EXP 	B_2: height = np.float64(42.0)
266.6209 	EXP 	B_2: height = np.float64(42.0)
266.6209 	EXP 	B_2: height = np.float64(42.0)
266.6209 	EXP 	B_2: text = 15
266.6209 	EXP 	correctAnswer: autoDraw = True
266.6209 	EXP 	RBGInfo_2: autoDraw = True
266.6209 	EXP 	R_2: autoDraw = True
266.6209 	EXP 	G_2: autoDraw = True
266.6209 	EXP 	B_2: autoDraw = True
267.1804 	DATA 	Mouse: Left button down, pos=(1044,274)
267.2039 	EXP 	correctAnswer: autoDraw = False
267.2039 	EXP 	wrongAnswer: autoDraw = False
267.2039 	EXP 	corrColor_2: autoDraw = False
267.2039 	EXP 	RBGInfo_2: autoDraw = False
267.2039 	EXP 	R_2: autoDraw = False
267.2039 	EXP 	G_2: autoDraw = False
267.2039 	EXP 	B_2: autoDraw = False
267.2039 	EXP 	text_11: autoDraw = True
267.2965 	DATA 	Mouse:  Left button up, pos=(1039,274)
267.5438 	EXP 	New trial (rep=0, index=13): <Trial 13 (13 in rep 0) data={'folder': 'Demo', 'image': 'DemoGrey.jpg', 'logical': True, 'corrColor': 'Grey', 'corrR': 51, 'corrG': 51, 'corrB': 51, 'image_path': 'Demo/DemoGrey_0.png', 'thisN': 13, 'thisTrialN': 13, 'thisRepN': 0}>
267.7726 	EXP 	text_11: autoDraw = False
267.7726 	EXP 	img: foreColor = <psychopy.colors.Color: white, alpha=1.0>
267.7726 	EXP 	img: ori = np.float64(0.0)
267.7726 	EXP 	Instructions: text = 'Click the spacebar to shuffle through the filters to recognize the color.\nPress the button of the color you think it corresponds to.'
267.7726 	EXP 	R: height = np.float64(42.0)
267.7726 	EXP 	R: height = np.float64(42.0)
267.7726 	EXP 	R: height = np.float64(42.0)
267.7726 	EXP 	R: text = 51
267.7726 	EXP 	G: height = np.float64(42.0)
267.7726 	EXP 	G: height = np.float64(42.0)
267.7726 	EXP 	G: height = np.float64(42.0)
267.7726 	EXP 	G: text = 51
267.7726 	EXP 	B: height = np.float64(42.0)
267.7726 	EXP 	B: height = np.float64(42.0)
267.7726 	EXP 	B: height = np.float64(42.0)
267.7726 	EXP 	B: text = 51
267.7726 	EXP 	img: autoDraw = True
267.7726 	EXP 	Instructions: autoDraw = True
267.7726 	EXP 	RBGInfo: autoDraw = True
267.7726 	EXP 	R: autoDraw = True
267.7726 	EXP 	G: autoDraw = True
267.7726 	EXP 	B: autoDraw = True
275.3695 	DATA 	Mouse: Left button down, pos=(1688,957)
275.3884 	EXP 	img: autoDraw = False
275.3884 	EXP 	Instructions: autoDraw = False
275.3884 	EXP 	RBGInfo: autoDraw = False
275.3884 	EXP 	R: autoDraw = False
275.3884 	EXP 	G: autoDraw = False
275.3884 	EXP 	B: autoDraw = False
275.3884 	EXP 	text_8: autoDraw = True
275.4271 	DATA 	Mouse:  Left button up, pos=(1688,957)
275.7875 	EXP 	text_8: autoDraw = False
275.7875 	EXP 	slider: markerPos = None
275.7875 	EXP 	slider: markerPos = 1
275.7875 	EXP 	slider: autoDraw = True
275.7875 	EXP 	text_9: autoDraw = True
275.7875 	EXP 	text_answer: autoDraw = True
276.9068 	DATA 	Mouse: Left button down, pos=(1400,614)
276.9532 	EXP 	slider: markerPos = np.float64(4.96)
276.9875 	EXP 	slider: markerPos = np.float64(4.96)
277.0207 	EXP 	slider: markerPos = np.float64(4.96)
277.0255 	DATA 	Mouse:  Left button up, pos=(1400,612)
277.0706 	EXP 	slider: markerPos = 5.0
277.6724 	DATA 	Mouse: Left button down, pos=(1008,289)
277.7067 	EXP 	slider: autoDraw = False
277.7067 	EXP 	text_9: autoDraw = False
277.7067 	EXP 	text_answer: autoDraw = False
277.7067 	EXP 	text_8: autoDraw = True
277.8119 	DATA 	Mouse:  Left button up, pos=(1008,289)
278.1043 	INFO 	Keyboard events cleared
278.1040 	EXP 	text_8: autoDraw = False
278.1040 	EXP 	corrColor_2: height = np.float64(56.0)
278.1040 	EXP 	corrColor_2: height = np.float64(56.0)
278.1040 	EXP 	corrColor_2: height = np.float64(56.0)
278.1040 	EXP 	corrColor_2: text = 'Grey'
278.1040 	EXP 	R_2: height = np.float64(42.0)
278.1040 	EXP 	R_2: height = np.float64(42.0)
278.1040 	EXP 	R_2: height = np.float64(42.0)
278.1040 	EXP 	R_2: text = 51
278.1040 	EXP 	G_2: height = np.float64(42.0)
278.1040 	EXP 	G_2: height = np.float64(42.0)
278.1040 	EXP 	G_2: height = np.float64(42.0)
278.1040 	EXP 	G_2: text = 51
278.1040 	EXP 	B_2: height = np.float64(42.0)
278.1040 	EXP 	B_2: height = np.float64(42.0)
278.1040 	EXP 	B_2: height = np.float64(42.0)
278.1040 	EXP 	B_2: text = 51
278.1040 	EXP 	correctAnswer: autoDraw = True
278.1040 	EXP 	RBGInfo_2: autoDraw = True
278.1040 	EXP 	R_2: autoDraw = True
278.1040 	EXP 	G_2: autoDraw = True
278.1040 	EXP 	B_2: autoDraw = True
278.5280 	DATA 	Mouse: Left button down, pos=(1033,291)
278.5536 	EXP 	correctAnswer: autoDraw = False
278.5536 	EXP 	wrongAnswer: autoDraw = False
278.5536 	EXP 	corrColor_2: autoDraw = False
278.5536 	EXP 	RBGInfo_2: autoDraw = False
278.5536 	EXP 	R_2: autoDraw = False
278.5536 	EXP 	G_2: autoDraw = False
278.5536 	EXP 	B_2: autoDraw = False
278.5536 	EXP 	text_11: autoDraw = True
278.6814 	DATA 	Mouse:  Left button up, pos=(1031,291)
278.9372 	EXP 	text_11: autoDraw = False
278.9372 	EXP 	GoodJob: height = np.float64(50.0)
278.9372 	EXP 	GoodJob: height = np.float64(50.0)
278.9372 	EXP 	GoodJob: height = np.float64(50.0)
278.9372 	EXP 	GoodJob: text = 'Good job!\n\nThe experiment will now close.\n\nThank you.'
278.9372 	EXP 	GoodJob: autoDraw = True
279.8007 	DATA 	Mouse: Left button down, pos=(1173,465)
279.9133 	DATA 	Mouse:  Left button up, pos=(1174,466)
281.8920 	EXP 	GoodJob: autoDraw = False
281.8923 	EXP 	ExpDemo3: status = STOPPED
281.9439 	INFO 	saved data to 'C:\\Users\\lille\\NewOneDrive\\OneDrive\\Emilie\\MasterThesisProject\\data\\002_ExpDemo3_2026-04-10_19h51.54.713.csv'
281.9480 	INFO 	saved data to C:\Users\lille\NewOneDrive\OneDrive\Emilie\MasterThesisProject\data\002_ExpDemo3_2026-04-10_19h51.54.713.psydat
285.3628 	WARNING 	Stopping key buffers but this could be dangerous ifother keyboards rely on the same.
